Component: ARM Compiler 5.06 update 6 (build 750) Tool: armlink [4d35ed]

==============================================================================

Section Cross References

    main.o(i.PrintfHelp) refers to noretval__2printf.o(.text) for __2printf
    main.o(i.PrintfHelp) refers to main.o(.conststring) for .conststring
    main.o(i.PrintfLogo) refers to _printf_pad.o(.text) for _printf_pre_padding
    main.o(i.PrintfLogo) refers to _printf_percent.o(.ARM.Collect$$_printf_percent$$00000000) for _printf_percent
    main.o(i.PrintfLogo) refers to _printf_x.o(.ARM.Collect$$_printf_percent$$0000000C) for _printf_x
    main.o(i.PrintfLogo) refers to _printf_hex_int.o(.text) for _printf_longlong_hex
    main.o(i.PrintfLogo) refers to _printf_s.o(.ARM.Collect$$_printf_percent$$00000014) for _printf_s
    main.o(i.PrintfLogo) refers to _printf_str.o(.text) for _printf_str
    main.o(i.PrintfLogo) refers to _printf_d.o(.ARM.Collect$$_printf_percent$$00000009) for _printf_d
    main.o(i.PrintfLogo) refers to _printf_dec.o(.text) for _printf_int_dec
    main.o(i.PrintfLogo) refers to noretval__2printf.o(.text) for __2printf
    main.o(i.main) refers to bsp.o(i.bsp_Init) for bsp_Init
    main.o(i.main) refers to main.o(i.PrintfLogo) for PrintfLogo
    main.o(i.main) refers to main.o(i.PrintfHelp) for PrintfHelp
    main.o(i.main) refers to bsp_relay.o(i.bsp_InitRelay) for bsp_InitRelay
    main.o(i.main) refers to bsp_fan.o(i.bsp_InitFan) for bsp_InitFan
    main.o(i.main) refers to bsp_iosensor.o(i.bsp_InitIoSensor) for bsp_InitIoSensor
    main.o(i.main) refers to bsp_i2c_gpio.o(i.bsp_InitI2C) for bsp_InitI2C
    main.o(i.main) refers to bsp_sht30.o(i.bsp_InitSht3x) for bsp_InitSht3x
    main.o(i.main) refers to bsp_opt3001.o(i.bsp_InitOpt3001) for bsp_InitOpt3001
    main.o(i.main) refers to bsp_timer.o(i.bsp_StartAutoTimer) for bsp_StartAutoTimer
    main.o(i.main) refers to bsp.o(i.bsp_Idle) for bsp_Idle
    main.o(i.main) refers to usart1_cmd.o(i.usart2_cmd) for usart2_cmd
    main.o(i.main) refers to bsp_timer.o(i.bsp_CheckTimer) for bsp_CheckTimer
    main.o(i.main) refers to bsp_beep.o(i.bsp_BeepOn) for bsp_BeepOn
    main.o(i.main) refers to bsp_beep.o(i.bsp_BeepOff) for bsp_BeepOff
    main.o(i.main) refers to bsp_co2.o(i.CO2_READ) for CO2_READ
    main.o(i.main) refers to bsp_pm25.o(i.PM25_READ) for PM25_READ
    main.o(i.main) refers to bsp_opt3001.o(i.GetLuxValue) for GetLuxValue
    main.o(i.main) refers to fflt_clz.o(x$fpl$ffltu) for __aeabi_ui2f
    main.o(i.main) refers to sensor_data.o(i.sensor_Upload) for sensor_Upload
    main.o(i.main) refers to bsp_sht30.o(i.SHT3X_GetValue) for SHT3X_GetValue
    main.o(i.main) refers to bsp_iosensor.o(.data) for VIBRATE_OUT_flag
    main.o(i.main) refers to bsp_sht30.o(.data) for RH_Value
    bsp.o(i.bsp_Init) refers to misc.o(i.NVIC_PriorityGroupConfig) for NVIC_PriorityGroupConfig
    bsp.o(i.bsp_Init) refers to bsp_beep.o(i.bsp_InitBeep) for bsp_InitBeep
    bsp.o(i.bsp_Init) refers to bsp_uart1.o(i.bsp_InitUart) for bsp_InitUart
    bsp.o(i.bsp_Init) refers to bsp_uart2.o(i.bsp_InitUart2) for bsp_InitUart2
    bsp.o(i.bsp_Init) refers to bsp_uart3.o(i.bsp_InitUart3) for bsp_InitUart3
    bsp.o(i.bsp_Init) refers to bsp_timer.o(i.bsp_InitTimer) for bsp_InitTimer
    bsp.o(i.delay_ms) refers to bsp_timer.o(i.bsp_DelayMS) for bsp_DelayMS
    bsp.o(i.delay_us) refers to bsp_timer.o(i.bsp_DelayUS) for bsp_DelayUS
    bsp_timer.o(i.SysTick_Handler) refers to bsp_timer.o(i.SysTick_ISR) for SysTick_ISR
    bsp_timer.o(i.SysTick_ISR) refers to bsp_timer.o(i.bsp_SoftTimerDec) for bsp_SoftTimerDec
    bsp_timer.o(i.SysTick_ISR) refers to bsp.o(i.bsp_RunPer1ms) for bsp_RunPer1ms
    bsp_timer.o(i.SysTick_ISR) refers to bsp.o(i.bsp_RunPer10ms) for bsp_RunPer10ms
    bsp_timer.o(i.SysTick_ISR) refers to bsp_timer.o(.data) for s_uiDelayCount
    bsp_timer.o(i.SysTick_ISR) refers to bsp_timer.o(.bss) for s_tTmr
    bsp_timer.o(i.bsp_CheckRunTime) refers to bsp_timer.o(i.__set_PRIMASK) for __set_PRIMASK
    bsp_timer.o(i.bsp_CheckRunTime) refers to bsp_timer.o(.data) for g_iRunTime
    bsp_timer.o(i.bsp_CheckTimer) refers to bsp_timer.o(.bss) for s_tTmr
    bsp_timer.o(i.bsp_DelayMS) refers to bsp_timer.o(i.__set_PRIMASK) for __set_PRIMASK
    bsp_timer.o(i.bsp_DelayMS) refers to bsp.o(i.bsp_Idle) for bsp_Idle
    bsp_timer.o(i.bsp_DelayMS) refers to bsp_timer.o(.data) for s_uiDelayCount
    bsp_timer.o(i.bsp_DelayUS) refers to system_stm32f10x.o(.data) for SystemCoreClock
    bsp_timer.o(i.bsp_GetRunTime) refers to bsp_timer.o(i.__set_PRIMASK) for __set_PRIMASK
    bsp_timer.o(i.bsp_GetRunTime) refers to bsp_timer.o(.data) for g_iRunTime
    bsp_timer.o(i.bsp_InitTimer) refers to bsp_timer.o(.bss) for s_tTmr
    bsp_timer.o(i.bsp_InitTimer) refers to system_stm32f10x.o(.data) for SystemCoreClock
    bsp_timer.o(i.bsp_StartAutoTimer) refers to bsp_timer.o(i.__set_PRIMASK) for __set_PRIMASK
    bsp_timer.o(i.bsp_StartAutoTimer) refers to bsp_timer.o(.bss) for s_tTmr
[...]
    ..\User\bsp\src\bsp_co2.c                0x00000000   Number         0  bsp_co2.o ABSOLUTE
    ..\User\bsp\src\bsp_fan.c                0x00000000   Number         0  bsp_fan.o ABSOLUTE
    ..\User\bsp\src\bsp_i2c_gpio.c           0x00000000   Number         0  bsp_i2c_gpio.o ABSOLUTE
    ..\User\bsp\src\bsp_iosensor.c           0x00000000   Number         0  bsp_iosensor.o ABSOLUTE
    ..\User\bsp\src\bsp_opt3001.c            0x00000000   Number         0  bsp_opt3001.o ABSOLUTE
    ..\User\bsp\src\bsp_pm25.c               0x00000000   Number         0  bsp_pm25.o ABSOLUTE
    ..\User\bsp\src\bsp_relay.c              0x00000000   Number         0  bsp_relay.o ABSOLUTE
    ..\User\bsp\src\bsp_sht30.c              0x00000000   Number         0  bsp_sht30.o ABSOLUTE
    ..\User\bsp\src\bsp_timer.c              0x00000000   Number         0  bsp_timer.o ABSOLUTE
    ..\User\bsp\src\bsp_uart1.c              0x00000000   Number         0  bsp_uart1.o ABSOLUTE
    ..\User\bsp\src\bsp_uart2.c              0x00000000   Number         0  bsp_uart2.o ABSOLUTE
    ..\User\bsp\src\bsp_uart3.c              0x00000000   Number         0  bsp_uart3.o ABSOLUTE
    ..\User\logic\sensor_Data.c              0x00000000   Number         0  sensor_data.o ABSOLUTE
    ..\User\logic\usart1_cmd.c               0x00000000   Number         0  usart1_cmd.o ABSOLUTE
    ..\User\main.c                           0x00000000   Number         0  main.o ABSOLUTE
    ..\User\system\stm32f10x_assert.c        0x00000000   Number         0  stm32f10x_assert.o ABSOLUTE
    ..\User\system\stm32f10x_it.c            0x00000000   Number         0  stm32f10x_it.o ABSOLUTE
    ..\\Libraries\\CMSIS\\core_cm3.c         0x00000000   Number         0  core_cm3.o ABSOLUTE
    dc.s                                     0x00000000   Number         0  dc.o ABSOLUTE
    RESET                                    0x08000000   Section      236  startup_stm32f10x_md.o(RESET)
    !!!main                                  0x080000ec   Section        8  __main.o(!!!main)
    !!!scatter                               0x080000f4   Section       52  __scatter.o(!!!scatter)
    !!dczerorl2                              0x08000128   Section       90  __dczerorl2.o(!!dczerorl2)
    !!handler_zi                             0x08000184   Section       28  __scatter_zi.o(!!handler_zi)
    .ARM.Collect$$_printf_percent$$00000000  0x080001a0   Section        0  _printf_percent.o(.ARM.Collect$$_printf_percent$$00000000)
    .ARM.Collect$$_printf_percent$$00000009  0x080001a0   Section        6  _printf_d.o(.ARM.Collect$$_printf_percent$$00000009)
    .ARM.Collect$$_printf_percent$$0000000C  0x080001a6   Section        6  _printf_x.o(.ARM.Collect$$_printf_percent$$0000000C)
    .ARM.Collect$$_printf_percent$$00000014  0x080001ac   Section        6  _printf_s.o(.ARM.Collect$$_printf_percent$$00000014)
    .ARM.Collect$$_printf_percent$$00000017  0x080001b2   Section        4  _printf_percent_end.o(.ARM.Collect$$_printf_percent$$00000017)
    .ARM.Collect$$libinit$$00000000          0x080001b6   Section        2  libinit.o(.ARM.Collect$$libinit$$00000000)
    .ARM.Collect$$libinit$$00000002          0x080001b8   Section        0  libinit2.o(.ARM.Collect$$libinit$$00000002)
    .ARM.Collect$$libinit$$00000004          0x080001b8   Section        0  libinit2.o(.ARM.Collect$$libinit$$00000004)
    .ARM.Collect$$libinit$$0000000A          0x080001b8   Section        0  libinit2.o(.ARM.Collect$$libinit$$0000000A)
    .ARM.Collect$$libinit$$0000000C          0x080001b8   Section        0  libinit2.o(.ARM.Collect$$libinit$$0000000C)
    .ARM.Collect$$libinit$$0000000E          0x080001b8   Section        0  libinit2.o(.ARM.Collect$$libinit$$0000000E)
    .ARM.Collect$$libinit$$00000011          0x080001b8   Section        0  libinit2.o(.ARM.Collect$$libinit$$00000011)
    .ARM.Collect$$libinit$$00000013          0x080001b8   Section        0  libinit2.o(.ARM.Collect$$libinit$$00000013)
    .ARM.Collect$$libinit$$00000015          0x080001b8   Section        0  libinit2.o(.ARM.Collect$$libinit$$00000015)
    .ARM.Collect$$libinit$$00000017          0x080001b8   Section        0  libinit2.o(.ARM.Collect$$libinit$$00000017)
    .ARM.Collect$$libinit$$00000019          0x080001b8   Section        0  libinit2.o(.ARM.Collect$$libinit$$00000019)
    .ARM.Collect$$libinit$$0000001B          0x080001b8   Section        0  libinit2.o(.ARM.Collect$$libinit$$0000001B)
    .ARM.Collect$$libinit$$0000001D          0x080001b8   Section        0  libinit2.o(.ARM.Collect$$libinit$$0000001D)
    .ARM.Collect$$libinit$$0000001F          0x080001b8   Section        0  libinit2.o(.ARM.Collect$$libinit$$0000001F)
    .ARM.Collect$$libinit$$00000021          0x080001b8   Section        0  libinit2.o(.ARM.Collect$$libinit$$00000021)
    .ARM.Collect$$libinit$$00000023          0x080001b8   Section        0  libinit2.o(.ARM.Collect$$libinit$$00000023)
    .ARM.Collect$$libinit$$00000025          0x080001b8   Section        0  libinit2.o(.ARM.Collect$$libinit$$00000025)
    .ARM.Collect$$libinit$$0000002C          0x080001b8   Section        0  libinit2.o(.ARM.Collect$$libinit$$0000002C)
    .ARM.Collect$$libinit$$0000002E          0x080001b8   Section        0  libinit2.o(.ARM.Collect$$libinit$$0000002E)
    .ARM.Collect$$libinit$$00000030          0x080001b8   Section        0  libinit2.o(.ARM.Collect$$libinit$$00000030)
    .ARM.Collect$$libinit$$00000032          0x080001b8   Section        0  libinit2.o(.ARM.Collect$$libinit$$00000032)
    .ARM.Collect$$libinit$$00000033          0x080001b8   Section        2  libinit2.o(.ARM.Collect$$libinit$$00000033)
    .ARM.Collect$$libshutdown$$00000000      0x080001ba   Section        2  libshutdown.o(.ARM.Collect$$libshutdown$$00000000)
    .ARM.Collect$$libshutdown$$00000002      0x080001bc   Section        0  libshutdown2.o(.ARM.Collect$$libshutdown$$00000002)
    .ARM.Collect$$libshutdown$$00000004      0x080001bc   Section        0  libshutdown2.o(.ARM.Collect$$libshutdown$$00000004)
    .ARM.Collect$$libshutdown$$00000007      0x080001bc   Section        0  libshutdown2.o(.ARM.Collect$$libshutdown$$00000007)
    .ARM.Collect$$libshutdown$$0000000A      0x080001bc   Section        0  libshutdown2.o(.ARM.Collect$$libshutdown$$0000000A)
    .ARM.Collect$$libshutdown$$0000000C      0x080001bc   Section        0  libshutdown2.o(.ARM.Collect$$libshutdown$$0000000C)
    .ARM.Collect$$libshutdown$$0000000F      0x080001bc   Section        0  libshutdown2.o(.ARM.Collect$$libshutdown$$0000000F)
    .ARM.Collect$$libshutdown$$00000010      0x080001bc   Section        2  libshutdown2.o(.ARM.Collect$$libshutdown$$00000010)
    .ARM.Collect$$rtentry$$00000000          0x080001be   Section        0  __rtentry.o(.ARM.Collect$$rtentry$$00000000)
    .ARM.Collect$$rtentry$$00000002          0x080001be   Section        0  __rtentry2.o(.ARM.Collect$$rtentry$$00000002)
    .ARM.Collect$$rtentry$$00000004          0x080001be   Section        6  __rtentry4.o(.ARM.Collect$$rtentry$$00000004)
    .ARM.Collect$$rtentry$$00000009          0x080001c4   Section        0  __rtentry2.o(.ARM.Collect$$rtentry$$00000009)
    .ARM.Collect$$rtentry$$0000000A          0x080001c4   Section        4  __rtentry2.o(.ARM.Collect$$rtentry$$0000000A)
    .ARM.Collect$$rtentry$$0000000C          0x080001c8   Section        0  __rtentry2.o(.ARM.Collect$$rtentry$$0000000C)
    .ARM.Collect$$rtentry$$0000000D          0x080001c8   Section        8  __rtentry2.o(.ARM.Collect$$rtentry$$0000000D)
    .ARM.Collect$$rtexit$$00000000           0x080001d0   Section        2  rtexit.o(.ARM.Collect$$rtexit$$00000000)
    .ARM.Collect$$rtexit$$00000002           0x080001d2   Section        0  rtexit2.o(.ARM.Collect$$rtexit$$00000002)
    .ARM.Collect$$rtexit$$00000003           0x080001d2   Section        4  rtexit2.o(.ARM.Collect$$rtexit$$00000003)
    .ARM.Collect$$rtexit$$00000004           0x080001d6   Section        6  rtexit2.o(.ARM.Collect$$rtexit$$00000004)
    .text                                    0x080001dc   Section       64  startup_stm32f10x_md.o(.text)
    .text                                    0x0800021c   Section        2  use_no_semi_2.o(.text)
    .text                                    0x08000220   Section        0  noretval__2printf.o(.text)
    .text                                    0x08000238   Section        0  _printf_pad.o(.text)
    .text                                    0x08000286   Section        0  _printf_str.o(.text)
    .text                                    0x080002d8   Section        0  _printf_dec.o(.text)
    .text                                    0x08000350   Section        0  _printf_hex_int.o(.text)
    .text                                    0x080003a8   Section        0  __printf_flags_wp.o(.text)
    .text                                    0x080004e0   Section        0  heapauxi.o(.text)
    .text                                    0x080004e6   Section        2  use_no_semi.o(.text)
    .text                                    0x080004e8   Section        0  _printf_intcommon.o(.text)
    .text                                    0x0800059a   Section        0  _printf_char.o(.text)
    .text                                    0x080005c8   Section        0  _printf_char_file.o(.text)
    .text                                    0x080005ec   Section        0  _printf_char_common.o(.text)
    _printf_input_char                       0x080005ed   Thumb Code    10  _printf_char_common.o(.text)
    .text                                    0x0800061c   Section        0  ferror.o(.text)
    .text                                    0x08000624   Section       74  sys_stackheap_outer.o(.text)
    .text                                    0x0800066e   Section        0  exit.o(.text)
    .text                                    0x08000680   Section        8  libspace.o(.text)
    i.BusFault_Handler                       0x08000688   Section        0  stm32f10x_it.o(i.BusFault_Handler)
    i.CO2_READ                               0x0800068c   Section        0  bsp_co2.o(i.CO2_READ)
    i.CO2_TEMP_BUF_Clear                     0x080006ec   Section        0  bsp_co2.o(i.CO2_TEMP_BUF_Clear)
    i.CheckSum                               0x08000708   Section        0  usart1_cmd.o(i.CheckSum)
    i.DebugMon_Handler                       0x08000724   Section        0  stm32f10x_it.o(i.DebugMon_Handler)
    i.EXTI15_10_IRQHandler                   0x08000728   Section        0  bsp_iosensor.o(i.EXTI15_10_IRQHandler)
    i.EXTI3_IRQHandler                       0x08000754   Section        0  bsp_iosensor.o(i.EXTI3_IRQHandler)
    i.EXTI_ClearITPendingBit                 0x0800077c   Section        0  stm32f10x_exti.o(i.EXTI_ClearITPendingBit)
    i.EXTI_GetITStatus                       0x08000788   Section        0  stm32f10x_exti.o(i.EXTI_GetITStatus)
    i.EXTI_Init                              0x080007b0   Section        0  stm32f10x_exti.o(i.EXTI_Init)
    i.EXTI_Sensor_Init                       0x08000844   Section        0  bsp_iosensor.o(i.EXTI_Sensor_Init)
    i.GPIO_EXTILineConfig                    0x080008e0   Section        0  stm32f10x_gpio.o(i.GPIO_EXTILineConfig)
    i.GPIO_Init                              0x08000920   Section        0  stm32f10x_gpio.o(i.GPIO_Init)
    i.GPIO_PinRemapConfig                    0x08000a38   Section        0  stm32f10x_gpio.o(i.GPIO_PinRemapConfig)
    i.GPIO_ResetBits                         0x08000ac8   Section        0  stm32f10x_gpio.o(i.GPIO_ResetBits)
    i.GPIO_SetBits                           0x08000acc   Section        0  stm32f10x_gpio.o(i.GPIO_SetBits)
    i.GetLuxValue                            0x08000ad0   Section        0  bsp_opt3001.o(i.GetLuxValue)
    i.GetOPT3001DeviceID                     0x08000aee   Section        0  bsp_opt3001.o(i.GetOPT3001DeviceID)
    i.GetOPT3001ManufacturerID               0x08000afe   Section        0  bsp_opt3001.o(i.GetOPT3001ManufacturerID)
    i.HardFault_Handler                      0x08000b10   Section        0  stm32f10x_it.o(i.HardFault_Handler)
    i.IIC_Ack                                0x08000b38   Section        0  bsp_i2c_gpio.o(i.IIC_Ack)
    i.IIC_NAck                               0x08000b88   Section        0  bsp_i2c_gpio.o(i.IIC_NAck)
    i.IIC_Read_Byte                          0x08000bd8   Section        0  bsp_i2c_gpio.o(i.IIC_Read_Byte)
    i.IIC_Send_Byte                          0x08000c48   Section        0  bsp_i2c_gpio.o(i.IIC_Send_Byte)
    i.IIC_Start                              0x08000cbc   Section        0  bsp_i2c_gpio.o(i.IIC_Start)
    i.IIC_Stop                               0x08000d08   Section        0  bsp_i2c_gpio.o(i.IIC_Stop)
    i.IIC_Wait_Ack                           0x08000d54   Section        0  bsp_i2c_gpio.o(i.IIC_Wait_Ack)
    i.MemManage_Handler                      0x08000db8   Section        0  stm32f10x_it.o(i.MemManage_Handler)
    i.NMI_Handler                            0x08000dbc   Section        0  stm32f10x_it.o(i.NMI_Handler)
    i.NVIC_Init                              0x08000dc0   Section        0  misc.o(i.NVIC_Init)
    i.NVIC_PriorityGroupConfig               0x08000e30   Section        0  misc.o(i.NVIC_PriorityGroupConfig)
    i.OPT3001Config                          0x08000e44   Section        0  bsp_opt3001.o(i.OPT3001Config)
    i.OPT3001Multiple_read                   0x08000e52   Section        0  bsp_opt3001.o(i.OPT3001Multiple_read)
    i.Opt3001WriteRegister                   0x08000eaa   Section        0  bsp_opt3001.o(i.Opt3001WriteRegister)
    i.PM25_READ                              0x08000ee4   Section        0  bsp_pm25.o(i.PM25_READ)
    i.PM25_TEMP_BUF_Clear                    0x08000f44   Section        0  bsp_pm25.o(i.PM25_TEMP_BUF_Clear)
    i.PendSV_Handler                         0x08000f60   Section        0  stm32f10x_it.o(i.PendSV_Handler)
    i.PrintfHelp                             0x08000f64   Section        0  main.o(i.PrintfHelp)
    PrintfHelp                               0x08000f65   Thumb Code    22  main.o(i.PrintfHelp)
    i.PrintfLogo                             0x08000fb4   Section        0  main.o(i.PrintfLogo)
    PrintfLogo                               0x08000fb5   Thumb Code    96  main.o(i.PrintfLogo)
    i.RCC_APB1PeriphClockCmd                 0x08001170   Section        0  stm32f10x_rcc.o(i.RCC_APB1PeriphClockCmd)
    i.RCC_APB1PeriphResetCmd                 0x08001190   Section        0  stm32f10x_rcc.o(i.RCC_APB1PeriphResetCmd)
    i.RCC_APB2PeriphClockCmd                 0x080011b0   Section        0  stm32f10x_rcc.o(i.RCC_APB2PeriphClockCmd)
    i.RCC_GetClocksFreq                      0x080011d0   Section        0  stm32f10x_rcc.o(i.RCC_GetClocksFreq)
    i.SENSOR_IO_Init                         0x080012a4   Section        0  bsp_iosensor.o(i.SENSOR_IO_Init)
    i.SHT3X_GetValue                         0x08001300   Section        0  bsp_sht30.o(i.SHT3X_GetValue)
    i.SHT3X_SetPeriodicMeasurement           0x080013ec   Section        0  bsp_sht30.o(i.SHT3X_SetPeriodicMeasurement)
    i.SHT3X_WriteCMD                         0x080013f8   Section        0  bsp_sht30.o(i.SHT3X_WriteCMD)
    i.SHX3X_ReadResults                      0x0800142a   Section        0  bsp_sht30.o(i.SHX3X_ReadResults)
    i.SVC_Handler                            0x0800149c   Section        0  stm32f10x_it.o(i.SVC_Handler)
    i.SetSysClock                            0x0800149e   Section        0  system_stm32f10x.o(i.SetSysClock)
    SetSysClock                              0x0800149f   Thumb Code     8  system_stm32f10x.o(i.SetSysClock)
    i.SetSysClockTo72                        0x080014a8   Section        0  system_stm32f10x.o(i.SetSysClockTo72)
    SetSysClockTo72                          0x080014a9   Thumb Code   214  system_stm32f10x.o(i.SetSysClockTo72)
    i.SysTick_Handler                        0x08001588   Section        0  bsp_timer.o(i.SysTick_Handler)
    i.SysTick_ISR                            0x08001590   Section        0  bsp_timer.o(i.SysTick_ISR)
    i.SystemInit                             0x08001614   Section        0  system_stm32f10x.o(i.SystemInit)
    i.UART2_Receive_Data                     0x08001674   Section        0  bsp_uart2.o(i.UART2_Receive_Data)
    i.UART2_Send_Data                        0x080016c0   Section        0  bsp_uart2.o(i.UART2_Send_Data)
    i.UART3_Receive_Data                     0x08001708   Section        0  bsp_uart3.o(i.UART3_Receive_Data)
    i.UART3_Send_Data                        0x08001754   Section        0  bsp_uart3.o(i.UART3_Send_Data)
    i.USART1_IRQHandler                      0x0800179c   Section        0  bsp_uart1.o(i.USART1_IRQHandler)
    i.USART1_Send_Data                       0x080017fc   Section        0  bsp_uart1.o(i.USART1_Send_Data)
    i.USART2_IRQHandler                      0x08001838   Section        0  bsp_uart2.o(i.USART2_IRQHandler)
    i.USART3_IRQHandler                      0x08001878   Section        0  bsp_uart3.o(i.USART3_IRQHandler)
    i.USART_Cmd                              0x080018b8   Section        0  stm32f10x_usart.o(i.USART_Cmd)
    i.USART_GetFlagStatus                    0x080018d0   Section        0  stm32f10x_usart.o(i.USART_GetFlagStatus)
    i.USART_GetITStatus                      0x080018ea   Section        0  stm32f10x_usart.o(i.USART_GetITStatus)
    i.USART_ITConfig                         0x0800193e   Section        0  stm32f10x_usart.o(i.USART_ITConfig)
    i.USART_Init                             0x08001988   Section        0  stm32f10x_usart.o(i.USART_Init)
    i.USART_ReceiveData                      0x08001a60   Section        0  stm32f10x_usart.o(i.USART_ReceiveData)
    i.USART_SendData                         0x08001a6a   Section        0  stm32f10x_usart.o(i.USART_SendData)
    i.Uart0_STA_Clr                          0x08001a74   Section        0  bsp_uart1.o(i.Uart0_STA_Clr)
    i.UsageFault_Handler                     0x08001a88   Section        0  stm32f10x_it.o(i.UsageFault_Handler)
    i.__set_PRIMASK                          0x08001a8c   Section        0  bsp_timer.o(i.__set_PRIMASK)
    __set_PRIMASK                            0x08001a8d   Thumb Code     6  bsp_timer.o(i.__set_PRIMASK)
    i._is_digit                              0x08001a92   Section        0  __printf_wp.o(i._is_digit)
    i._sys_exit                              0x08001aa0   Section        0  bsp_uart1.o(i._sys_exit)
    i.bsp_BeepOff                            0x08001aa4   Section        0  bsp_beep.o(i.bsp_BeepOff)
    i.bsp_BeepOn                             0x08001ab8   Section        0  bsp_beep.o(i.bsp_BeepOn)
    i.bsp_CheckTimer                         0x08001ac4   Section        0  bsp_timer.o(i.bsp_CheckTimer)
    i.bsp_DelayMS                            0x08001af8   Section        0  bsp_timer.o(i.bsp_DelayMS)
    i.bsp_DelayUS                            0x08001b3c   Section        0  bsp_timer.o(i.bsp_DelayUS)
    i.bsp_FanOff                             0x08001b90   Section        0  bsp_fan.o(i.bsp_FanOff)
    i.bsp_FanOn                              0x08001bb0   Section        0  bsp_fan.o(i.bsp_FanOn)
    i.bsp_FanToggle                          0x08001bd0   Section        0  bsp_fan.o(i.bsp_FanToggle)
    i.bsp_Idle                               0x08001bf8   Section        0  bsp.o(i.bsp_Idle)
    i.bsp_Init                               0x08001bfa   Section        0  bsp.o(i.bsp_Init)
    i.bsp_InitBeep                           0x08001c28   Section        0  bsp_beep.o(i.bsp_InitBeep)
    i.bsp_InitFan                            0x08001c60   Section        0  bsp_fan.o(i.bsp_InitFan)
    i.bsp_InitI2C                            0x08001c9c   Section        0  bsp_i2c_gpio.o(i.bsp_InitI2C)
    i.bsp_InitIoSensor                       0x08001cf8   Section        0  bsp_iosensor.o(i.bsp_InitIoSensor)
    i.bsp_InitOpt3001                        0x08001d04   Section        0  bsp_opt3001.o(i.bsp_InitOpt3001)
    i.bsp_InitRelay                          0x08001d98   Section        0  bsp_relay.o(i.bsp_InitRelay)
    i.bsp_InitSht3x                          0x08001e04   Section        0  bsp_sht30.o(i.bsp_InitSht3x)
    i.bsp_InitTimer                          0x08001e18   Section        0  bsp_timer.o(i.bsp_InitTimer)
    i.bsp_InitUart                           0x08001eb4   Section        0  bsp_uart1.o(i.bsp_InitUart)
    i.bsp_InitUart2                          0x08001f68   Section        0  bsp_uart2.o(i.bsp_InitUart2)
    i.bsp_InitUart3                          0x0800201c   Section        0  bsp_uart3.o(i.bsp_InitUart3)
    i.bsp_IsFanOn                            0x080020d4   Section        0  bsp_fan.o(i.bsp_IsFanOn)
    i.bsp_IsRelayOn                          0x08002114   Section        0  bsp_relay.o(i.bsp_IsRelayOn)
    i.bsp_RelayOff                           0x08002180   Section        0  bsp_relay.o(i.bsp_RelayOff)
    i.bsp_RelayOn                            0x080021bc   Section        0  bsp_relay.o(i.bsp_RelayOn)
    i.bsp_RelayToggle                        0x080021f8   Section        0  bsp_relay.o(i.bsp_RelayToggle)
    i.bsp_RunPer10ms                         0x08002244   Section        0  bsp.o(i.bsp_RunPer10ms)
    i.bsp_RunPer1ms                          0x08002246   Section        0  bsp.o(i.bsp_RunPer1ms)
    i.bsp_SoftTimerDec                       0x08002248   Section        0  bsp_timer.o(i.bsp_SoftTimerDec)
    bsp_SoftTimerDec                         0x08002249   Thumb Code    28  bsp_timer.o(i.bsp_SoftTimerDec)
    i.bsp_StartAutoTimer                     0x08002264   Section        0  bsp_timer.o(i.bsp_StartAutoTimer)
    i.delay_ms                               0x080022b4   Section        0  bsp.o(i.delay_ms)
    i.delay_us                               0x080022c0   Section        0  bsp.o(i.delay_us)
    i.fputc                                  0x080022cc   Section        0  bsp_uart1.o(i.fputc)
    i.getCheckSum                            0x080022e8   Section        0  bsp_co2.o(i.getCheckSum)
    getCheckSum                              0x080022e9   Thumb Code    32  bsp_co2.o(i.getCheckSum)
    i.getCheckSum                            0x08002308   Section        0  bsp_pm25.o(i.getCheckSum)
    getCheckSum                              0x08002309   Thumb Code    32  bsp_pm25.o(i.getCheckSum)
    i.main                                   0x08002328   Section        0  main.o(i.main)
    i.sensor_Upload                          0x08002414   Section        0  sensor_data.o(i.sensor_Upload)
    i.usart2_cmd                             0x080025f8   Section        0  usart1_cmd.o(i.usart2_cmd)
    x$fpl$d2f                                0x08002870   Section       98  d2f.o(x$fpl$d2f)
    x$fpl$dadd                               0x080028d4   Section      336  daddsub_clz.o(x$fpl$dadd)
    _dadd1                                   0x080028e5   Thumb Code     0  daddsub_clz.o(x$fpl$dadd)
    x$fpl$ddiv                               0x08002a24   Section      688  ddiv.o(x$fpl$ddiv)
    ddiv_entry                               0x08002a2b   Thumb Code     0  ddiv.o(x$fpl$ddiv)
    x$fpl$dfltu                              0x08002cd4   Section       38  dflt_clz.o(x$fpl$dfltu)
    x$fpl$dmul                               0x08002cfc   Section      340  dmul.o(x$fpl$dmul)
    x$fpl$dnaninf                            0x08002e50   Section      156  dnaninf.o(x$fpl$dnaninf)
    x$fpl$dretinf                            0x08002eec   Section       12  dretinf.o(x$fpl$dretinf)
    x$fpl$dsub                               0x08002ef8   Section      468  daddsub_clz.o(x$fpl$dsub)
    _dsub1                                   0x08002f09   Thumb Code     0  daddsub_clz.o(x$fpl$dsub)
    x$fpl$fcmpinf                            0x080030cc   Section       24  fcmpi.o(x$fpl$fcmpinf)
    x$fpl$ffltu                              0x080030e4   Section       38  fflt_clz.o(x$fpl$ffltu)
    x$fpl$fleqf                              0x0800310c   Section      104  fleqf.o(x$fpl$fleqf)
    x$fpl$fnaninf                            0x08003174   Section      140  fnaninf.o(x$fpl$fnaninf)
    x$fpl$fretinf                            0x08003200   Section       10  fretinf.o(x$fpl$fretinf)
    x$fpl$frleqf                             0x0800320a   Section       98  frleqf.o(x$fpl$frleqf)
    .constdata                               0x0800326c   Section        9  bsp_co2.o(.constdata)
    x$fpl$usenofp                            0x0800326c   Section        0  usenofp.o(x$fpl$usenofp)
    CO2_READ_CMD                             0x0800326c   Data           9  bsp_co2.o(.constdata)
    .constdata                               0x08003275   Section        9  bsp_pm25.o(.constdata)
    PM25_READ_CMD                            0x08003275   Data           9  bsp_pm25.o(.constdata)
    .constdata                               0x0800327e   Section       40  _printf_hex_int.o(.constdata)
    uc_hextab                                0x0800327e   Data          20  _printf_hex_int.o(.constdata)
    lc_hextab                                0x08003292   Data          20  _printf_hex_int.o(.constdata)
    .constdata                               0x080032a6   Section       17  __printf_flags_wp.o(.constdata)
    maptable                                 0x080032a6   Data          17  __printf_flags_wp.o(.constdata)
    .conststring                             0x080032b8   Section       71  main.o(.conststring)
    .data                                    0x20000000   Section       13  bsp_timer.o(.data)
    s_uiDelayCount                           0x20000000   Data           4  bsp_timer.o(.data)
    s_ucTimeOutFlag                          0x20000004   Data           1  bsp_timer.o(.data)
    s_count                                  0x2000000c   Data           1  bsp_timer.o(.data)
    .data                                    0x20000010   Section        8  bsp_uart1.o(.data)
    .data                                    0x20000018   Section        8  bsp_sht30.o(.data)
    .data                                    0x20000020   Section        1  bsp_uart2.o(.data)
    .data                                    0x20000021   Section        1  bsp_uart3.o(.data)
    .data                                    0x20000022   Section        5  bsp_iosensor.o(.data)
    .data                                    0x20000028   Section       20  system_stm32f10x.o(.data)
    .data                                    0x2000003c   Section       20  stm32f10x_rcc.o(.data)
    APBAHBPrescTable                         0x2000003c   Data          16  stm32f10x_rcc.o(.data)
    ADCPrescTable                            0x2000004c   Data           4  stm32f10x_rcc.o(.data)
    .data                                    0x20000050   Section      256  sensor_data.o(.data)
    .bss                                     0x20000150   Section       48  bsp_timer.o(.bss)
    s_tTmr                                   0x20000150   Data          48  bsp_timer.o(.bss)
    .bss                                     0x20000180   Section     1024  bsp_uart1.o(.bss)
    .bss                                     0x20000580   Section       64  bsp_uart2.o(.bss)
    .bss                                     0x200005c0   Section       64  bsp_uart3.o(.bss)
    .bss                                     0x20000600   Section       10  bsp_co2.o(.bss)
    .bss                                     0x2000060a   Section       10  bsp_pm25.o(.bss)
    .bss                                     0x20000614   Section       96  libspace.o(.bss)
    HEAP                                     0x20000678   Section      512  startup_stm32f10x_md.o(HEAP)
    Heap_Mem                                 0x20000678   Data         512  startup_stm32f10x_md.o(HEAP)
    STACK                                    0x20000878   Section     1024  startup_stm32f10x_md.o(STACK)
    Stack_Mem                                0x20000878   Data        1024  startup_stm32f10x_md.o(STACK)
    __initial_sp                             0x20000c78   Data           0  startup_stm32f10x_md.o(STACK)

    Global Symbols

    Symbol Name                              Value     Ov Type        Size  Object(Section)

    BuildAttributes$$THM_ISAv4$P$D$K$B$S$PE$A:L22UL41UL21$X:L11$S22US41US21$IEEE1$IW$USESV6$~STKCKD$USESV7$~SHL$OSPACE$ROPI$EBA8$UX$STANDARDLIB$REQ8$PRES8$EABIv2 0x00000000   Number         0  anon$$obj.o ABSOLUTE
    __ARM_use_no_argv                        0x00000000   Number         0  main.o ABSOLUTE
    _printf_flags                            0x00000000   Number         0  printf_stubs.o ABSOLUTE
    _printf_return_value                     0x00000000   Number         0  printf_stubs.o ABSOLUTE
    _printf_sizespec                         0x00000000   Number         0  printf_stubs.o ABSOLUTE
    _printf_widthprec                        0x00000000   Number         0  printf_stubs.o ABSOLUTE
    __ARM_exceptions_init                     - Undefined Weak Reference
    __alloca_initialize                       - Undefined Weak Reference
    __arm_preinit_                            - Undefined Weak Reference
    __cpp_initialize__aeabi_                  - Undefined Weak Reference
    __cxa_finalize                            - Undefined Weak Reference
    __rt_locale                               - Undefined Weak Reference
    __sigvec_lookup                           - Undefined Weak Reference
    _atexit_init                              - Undefined Weak Reference
    _call_atexit_fns                          - Undefined Weak Reference
    _clock_init                               - Undefined Weak Reference
    _fp_trap_init                             - Undefined Weak Reference
    _fp_trap_shutdown                         - Undefined Weak Reference
    _get_lc_collate                           - Undefined Weak Reference
    _get_lc_ctype                             - Undefined Weak Reference
    _get_lc_monetary                          - Undefined Weak Reference
    _get_lc_numeric                           - Undefined Weak Reference
    _get_lc_time                              - Undefined Weak Reference
    _getenv_init                              - Undefined Weak Reference
    _handle_redirection                       - Undefined Weak Reference
    _init_alloc                               - Undefined Weak Reference
    _init_user_alloc                          - Undefined Weak Reference
    _initio                                   - Undefined Weak Reference
    _mutex_acquire                            - Undefined Weak Reference
    _mutex_release                            - Undefined Weak Reference
    _printf_mbtowc                            - Undefined Weak Reference
    _printf_truncate_signed                   - Undefined Weak Reference
    _printf_truncate_unsigned                 - Undefined Weak Reference
    _rand_init                                - Undefined Weak Reference
    _signal_finish                            - Undefined Weak Reference
    _signal_init                              - Undefined Weak Reference
    _terminate_alloc                          - Undefined Weak Reference
    _terminate_user_alloc                     - Undefined Weak Reference
    _terminateio                              - Undefined Weak Reference
    __Vectors_Size                           0x000000ec   Number         0  startup_stm32f10x_md.o ABSOLUTE
    __Vectors                                0x08000000   Data           4  startup_stm32f10x_md.o(RESET)
    __Vectors_End                            0x080000ec   Data           0  startup_stm32f10x_md.o(RESET)
    __main                                   0x080000ed   Thumb Code     8  __main.o(!!!main)
    __scatterload                            0x080000f5   Thumb Code     0  __scatter.o(!!!scatter)
    __scatterload_rt2                        0x080000f5   Thumb Code    44  __scatter.o(!!!scatter)
    __scatterload_rt2_thumb_only             0x080000f5   Thumb Code     0  __scatter.o(!!!scatter)
    __scatterload_null                       0x08000103   Thumb Code     0  __scatter.o(!!!scatter)
    __decompress                             0x08000129   Thumb Code    90  __dczerorl2.o(!!dczerorl2)
    __decompress1                            0x08000129   Thumb Code     0  __dczerorl2.o(!!dczerorl2)
    __scatterload_zeroinit                   0x08000185   Thumb Code    28  __scatter_zi.o(!!handler_zi)
    _printf_d                                0x080001a1   Thumb Code     0  _printf_d.o(.ARM.Collect$$_printf_percent$$00000009)
    _printf_percent                          0x080001a1   Thumb Code     0  _printf_percent.o(.ARM.Collect$$_printf_percent$$00000000)
    _printf_x                                0x080001a7   Thumb Code     0  _printf_x.o(.ARM.Collect$$_printf_percent$$0000000C)
    _printf_s                                0x080001ad   Thumb Code     0  _printf_s.o(.ARM.Collect$$_printf_percent$$00000014)
    _printf_percent_end                      0x080001b3   Thumb Code     0  _printf_percent_end.o(.ARM.Collect$$_printf_percent$$00000017)
    __rt_lib_init                            0x080001b7   Thumb Code     0  libinit.o(.ARM.Collect$$libinit$$00000000)
    __rt_lib_init_alloca_1                   0x080001b9   Thumb Code     0  libinit2.o(.ARM.Collect$$libinit$$0000002E)
    __rt_lib_init_argv_1                     0x080001b9   Thumb Code     0  libinit2.o(.ARM.Collect$$libinit$$0000002C)
    __rt_lib_init_atexit_1                   0x080001b9   Thumb Code     0  libinit2.o(.ARM.Collect$$libinit$$0000001B)
    __rt_lib_init_clock_1                    0x080001b9   Thumb Code     0  libinit2.o(.ARM.Collect$$libinit$$00000021)
    __rt_lib_init_cpp_1                      0x080001b9   Thumb Code     0  libinit2.o(.ARM.Collect$$libinit$$00000032)
    __rt_lib_init_exceptions_1               0x080001b9   Thumb Code     0  libinit2.o(.ARM.Collect$$libinit$$00000030)
    __rt_lib_init_fp_1                       0x080001b9   Thumb Code     0  libinit2.o(.ARM.Collect$$libinit$$00000002)
    __rt_lib_init_fp_trap_1                  0x080001b9   Thumb Code     0  libinit2.o(.ARM.Collect$$libinit$$0000001F)
    __rt_lib_init_getenv_1                   0x080001b9   Thumb Code     0  libinit2.o(.ARM.Collect$$libinit$$00000023)
    __rt_lib_init_heap_1                     0x080001b9   Thumb Code     0  libinit2.o(.ARM.Collect$$libinit$$0000000A)
    __rt_lib_init_lc_collate_1               0x080001b9   Thumb Code     0  libinit2.o(.ARM.Collect$$libinit$$00000011)
    __rt_lib_init_lc_ctype_1                 0x080001b9   Thumb Code     0  libinit2.o(.ARM.Collect$$libinit$$00000013)
    __rt_lib_init_lc_monetary_1              0x080001b9   Thumb Code     0  libinit2.o(.ARM.Collect$$libinit$$00000015)
    __rt_lib_init_lc_numeric_1               0x080001b9   Thumb Code     0  libinit2.o(.ARM.Collect$$libinit$$00000017)
    __rt_lib_init_lc_time_1                  0x080001b9   Thumb Code     0  libinit2.o(.ARM.Collect$$libinit$$00000019)
    __rt_lib_init_preinit_1                  0x080001b9   Thumb Code     0  libinit2.o(.ARM.Collect$$libinit$$00000004)
    __rt_lib_init_rand_1                     0x080001b9   Thumb Code     0  libinit2.o(.ARM.Collect$$libinit$$0000000E)
    __rt_lib_init_return                     0x080001b9   Thumb Code     0  libinit2.o(.ARM.Collect$$libinit$$00000033)
    __rt_lib_init_signal_1                   0x080001b9   Thumb Code     0  libinit2.o(.ARM.Collect$$libinit$$0000001D)
    __rt_lib_init_stdio_1                    0x080001b9   Thumb Code     0  libinit2.o(.ARM.Collect$$libinit$$00000025)
    __rt_lib_init_user_alloc_1               0x080001b9   Thumb Code     0  libinit2.o(.ARM.Collect$$libinit$$0000000C)
    __rt_lib_shutdown                        0x080001bb   Thumb Code     0  libshutdown.o(.ARM.Collect$$libshutdown$$00000000)
    __rt_lib_shutdown_cpp_1                  0x080001bd   Thumb Code     0  libshutdown2.o(.ARM.Collect$$libshutdown$$00000002)
    __rt_lib_shutdown_fp_trap_1              0x080001bd   Thumb Code     0  libshutdown2.o(.ARM.Collect$$libshutdown$$00000007)
    __rt_lib_shutdown_heap_1                 0x080001bd   Thumb Code     0  libshutdown2.o(.ARM.Collect$$libshutdown$$0000000F)
    __rt_lib_shutdown_return                 0x080001bd   Thumb Code     0  libshutdown2.o(.ARM.Collect$$libshutdown$$00000010)
    __rt_lib_shutdown_signal_1               0x080001bd   Thumb Code     0  libshutdown2.o(.ARM.Collect$$libshutdown$$0000000A)
    __rt_lib_shutdown_stdio_1                0x080001bd   Thumb Code     0  libshutdown2.o(.ARM.Collect$$libshutdown$$00000004)
    __rt_lib_shutdown_user_alloc_1           0x080001bd   Thumb Code     0  libshutdown2.o(.ARM.Collect$$libshutdown$$0000000C)
    __rt_entry                               0x080001bf   Thumb Code     0  __rtentry.o(.ARM.Collect$$rtentry$$00000000)
    __rt_entry_presh_1                       0x080001bf   Thumb Code     0  __rtentry2.o(.ARM.Collect$$rtentry$$00000002)
    __rt_entry_sh                            0x080001bf   Thumb Code     0  __rtentry4.o(.ARM.Collect$$rtentry$$00000004)
    __rt_entry_li                            0x080001c5   Thumb Code     0  __rtentry2.o(.ARM.Collect$$rtentry$$0000000A)
    __rt_entry_postsh_1                      0x080001c5   Thumb Code     0  __rtentry2.o(.ARM.Collect$$rtentry$$00000009)
    __rt_entry_main                          0x080001c9   Thumb Code     0  __rtentry2.o(.ARM.Collect$$rtentry$$0000000D)
    __rt_entry_postli_1                      0x080001c9   Thumb Code     0  __rtentry2.o(.ARM.Collect$$rtentry$$0000000C)
    __rt_exit                                0x080001d1   Thumb Code     0  rtexit.o(.ARM.Collect$$rtexit$$00000000)
    __rt_exit_ls                             0x080001d3   Thumb Code     0  rtexit2.o(.ARM.Collect$$rtexit$$00000003)
    __rt_exit_prels_1                        0x080001d3   Thumb Code     0  rtexit2.o(.ARM.Collect$$rtexit$$00000002)
    __rt_exit_exit                           0x080001d7   Thumb Code     0  rtexit2.o(.ARM.Collect$$rtexit$$00000004)
    Reset_Handler                            0x080001dd   Thumb Code     8  startup_stm32f10x_md.o(.text)
    ADC1_2_IRQHandler                        0x080001f7   Thumb Code     0  startup_stm32f10x_md.o(.text)
    CAN1_RX1_IRQHandler                      0x080001f7   Thumb Code     0  startup_stm32f10x_md.o(.text)
    CAN1_SCE_IRQHandler                      0x080001f7   Thumb Code     0  startup_stm32f10x_md.o(.text)
    DMA1_Channel1_IRQHandler                 0x080001f7   Thumb Code     0  startup_stm32f10x_md.o(.text)
    DMA1_Channel2_IRQHandler                 0x080001f7   Thumb Code     0  startup_stm32f10x_md.o(.text)
    DMA1_Channel3_IRQHandler                 0x080001f7   Thumb Code     0  startup_stm32f10x_md.o(.text)
    DMA1_Channel4_IRQHandler                 0x080001f7   Thumb Code     0  startup_stm32f10x_md.o(.text)
    DMA1_Channel5_IRQHandler                 0x080001f7   Thumb Code     0  startup_stm32f10x_md.o(.text)
    DMA1_Channel6_IRQHandler                 0x080001f7   Thumb Code     0  startup_stm32f10x_md.o(.text)
    DMA1_Channel7_IRQHandler                 0x080001f7   Thumb Code     0  startup_stm32f10x_md.o(.text)
    EXTI0_IRQHandler                         0x080001f7   Thumb Code     0  startup_stm32f10x_md.o(.text)
    EXTI1_IRQHandler                         0x080001f7   Thumb Code     0  startup_stm32f10x_md.o(.text)
    EXTI2_IRQHandler                         0x080001f7   Thumb Code     0  startup_stm32f10x_md.o(.text)
    EXTI4_IRQHandler                         0x080001f7   Thumb Code     0  startup_stm32f10x_md.o(.text)
    EXTI9_5_IRQHandler                       0x080001f7   Thumb Code     0  startup_stm32f10x_md.o(.text)
    FLASH_IRQHandler                         0x080001f7   Thumb Code     0  startup_stm32f10x_md.o(.text)
    I2C1_ER_IRQHandler                       0x080001f7   Thumb Code     0  startup_stm32f10x_md.o(.text)
    I2C1_EV_IRQHandler                       0x080001f7   Thumb Code     0  startup_stm32f10x_md.o(.text)
    I2C2_ER_IRQHandler                       0x080001f7   Thumb Code     0  startup_stm32f10x_md.o(.text)
    I2C2_EV_IRQHandler                       0x080001f7   Thumb Code     0  startup_stm32f10x_md.o(.text)
    PVD_IRQHandler                           0x080001f7   Thumb Code     0  startup_stm32f10x_md.o(.text)
    RCC_IRQHandler                           0x080001f7   Thumb Code     0  startup_stm32f10x_md.o(.text)
    RTCAlarm_IRQHandler                      0x080001f7   Thumb Code     0  startup_stm32f10x_md.o(.text)
    RTC_IRQHandler                           0x080001f7   Thumb Code     0  startup_stm32f10x_md.o(.text)
    SPI1_IRQHandler                          0x080001f7   Thumb Code     0  startup_stm32f10x_md.o(.text)
    SPI2_IRQHandler                          0x080001f7   Thumb Code     0  startup_stm32f10x_md.o(.text)
    TAMPER_IRQHandler                        0x080001f7   Thumb Code     0  startup_stm32f10x_md.o(.text)
    TIM1_BRK_IRQHandler                      0x080001f7   Thumb Code     0  startup_stm32f10x_md.o(.text)
    TIM1_CC_IRQHandler                       0x080001f7   Thumb Code     0  startup_stm32f10x_md.o(.text)
    TIM1_TRG_COM_IRQHandler                  0x080001f7   Thumb Code     0  startup_stm32f10x_md.o(.text)
    TIM1_UP_IRQHandler                       0x080001f7   Thumb Code     0  startup_stm32f10x_md.o(.text)
    TIM2_IRQHandler                          0x080001f7   Thumb Code     0  startup_stm32f10x_md.o(.text)
    TIM3_IRQHandler                          0x080001f7   Thumb Code     0  startup_stm32f10x_md.o(.text)
    TIM4_IRQHandler                          0x080001f7   Thumb Code     0  startup_stm32f10x_md.o(.text)
    USBWakeUp_IRQHandler                     0x080001f7   Thumb Code     0  startup_stm32f10x_md.o(.text)
    USB_HP_CAN1_TX_IRQHandler                0x080001f7   Thumb Code     0  startup_stm32f10x_md.o(.text)
    USB_LP_CAN1_RX0_IRQHandler               0x080001f7   Thumb Code     0  startup_stm32f10x_md.o(.text)
    WWDG_IRQHandler                          0x080001f7   Thumb Code     0  startup_stm32f10x_md.o(.text)
    __user_initial_stackheap                 0x080001f9   Thumb Code     0  startup_stm32f10x_md.o(.text)
    __use_no_semihosting                     0x0800021d   Thumb Code     2  use_no_semi_2.o(.text)
    __2printf                                0x08000221   Thumb Code    20  noretval__2printf.o(.text)
    _printf_pre_padding                      0x08000239   Thumb Code    44  _printf_pad.o(.text)
    _printf_post_padding                     0x08000265   Thumb Code    34  _printf_pad.o(.text)
    _printf_str                              0x08000287   Thumb Code    82  _printf_str.o(.text)
    _printf_int_dec                          0x080002d9   Thumb Code   104  _printf_dec.o(.text)
    _printf_int_hex                          0x08000351   Thumb Code    84  _printf_hex_int.o(.text)
    _printf_longlong_hex                     0x08000351   Thumb Code     0  _printf_hex_int.o(.text)
    __printf                                 0x080003a9   Thumb Code   308  __printf_flags_wp.o(.text)
    __use_two_region_memory                  0x080004e1   Thumb Code     2  heapauxi.o(.text)
    __rt_heap_escrow$2region                 0x080004e3   Thumb Code     2  heapauxi.o(.text)
    __rt_heap_expand$2region                 0x080004e5   Thumb Code     2  heapauxi.o(.text)
    __I$use$semihosting                      0x080004e7   Thumb Code     0  use_no_semi.o(.text)
    __use_no_semihosting_swi                 0x080004e7   Thumb Code     2  use_no_semi.o(.text)
    _printf_int_common                       0x080004e9   Thumb Code   178  _printf_intcommon.o(.text)
    _printf_cs_common                        0x0800059b   Thumb Code    20  _printf_char.o(.text)
    _printf_char                             0x080005af   Thumb Code    16  _printf_char.o(.text)
    _printf_string                           0x080005bf   Thumb Code     8  _printf_char.o(.text)
    _printf_char_file                        0x080005c9   Thumb Code    32  _printf_char_file.o(.text)
    _printf_char_common                      0x080005f7   Thumb Code    32  _printf_char_common.o(.text)
    ferror                                   0x0800061d   Thumb Code     8  ferror.o(.text)
    __user_setup_stackheap                   0x08000625   Thumb Code    74  sys_stackheap_outer.o(.text)
    exit                                     0x0800066f   Thumb Code    18  exit.o(.text)
    __user_libspace                          0x08000681   Thumb Code     8  libspace.o(.text)
    __user_perproc_libspace                  0x08000681   Thumb Code     0  libspace.o(.text)
    __user_perthread_libspace                0x08000681   Thumb Code     0  libspace.o(.text)
    BusFault_Handler                         0x08000689   Thumb Code     4  stm32f10x_it.o(i.BusFault_Handler)
    CO2_READ                                 0x0800068d   Thumb Code    88  bsp_co2.o(i.CO2_READ)
    CO2_TEMP_BUF_Clear                       0x080006ed   Thumb Code    22  bsp_co2.o(i.CO2_TEMP_BUF_Clear)
    CheckSum                                 0x08000709   Thumb Code    28  usart1_cmd.o(i.CheckSum)
    DebugMon_Handler                         0x08000725   Thumb Code     2  stm32f10x_it.o(i.DebugMon_Handler)
    EXTI15_10_IRQHandler                     0x08000729   Thumb Code    34  bsp_iosensor.o(i.EXTI15_10_IRQHandler)
    EXTI3_IRQHandler                         0x08000755   Thumb Code    30  bsp_iosensor.o(i.EXTI3_IRQHandler)
    EXTI_ClearITPendingBit                   0x0800077d   Thumb Code     6  stm32f10x_exti.o(i.EXTI_ClearITPendingBit)
    EXTI_GetITStatus                         0x08000789   Thumb Code    34  stm32f10x_exti.o(i.EXTI_GetITStatus)
    EXTI_Init                                0x080007b1   Thumb Code   142  stm32f10x_exti.o(i.EXTI_Init)
    EXTI_Sensor_Init                         0x08000845   Thumb Code   150  bsp_iosensor.o(i.EXTI_Sensor_Init)
    GPIO_EXTILineConfig                      0x080008e1   Thumb Code    60  stm32f10x_gpio.o(i.GPIO_EXTILineConfig)
    GPIO_Init                                0x08000921   Thumb Code   278  stm32f10x_gpio.o(i.GPIO_Init)
    GPIO_PinRemapConfig                      0x08000a39   Thumb Code   138  stm32f10x_gpio.o(i.GPIO_PinRemapConfig)
    GPIO_ResetBits                           0x08000ac9   Thumb Code     4  stm32f10x_gpio.o(i.GPIO_ResetBits)
    GPIO_SetBits                             0x08000acd   Thumb Code     4  stm32f10x_gpio.o(i.GPIO_SetBits)
    GetLuxValue                              0x08000ad1   Thumb Code    30  bsp_opt3001.o(i.GetLuxValue)
    GetOPT3001DeviceID                       0x08000aef   Thumb Code    16  bsp_opt3001.o(i.GetOPT3001DeviceID)
    GetOPT3001ManufacturerID                 0x08000aff   Thumb Code    16  bsp_opt3001.o(i.GetOPT3001ManufacturerID)
    HardFault_Handler                        0x08000b11   Thumb Code    34  stm32f10x_it.o(i.HardFault_Handler)
    IIC_Ack                                  0x08000b39   Thumb Code    66  bsp_i2c_gpio.o(i.IIC_Ack)
    IIC_NAck                                 0x08000b89   Thumb Code    66  bsp_i2c_gpio.o(i.IIC_NAck)
    IIC_Read_Byte                            0x08000bd9   Thumb Code    98  bsp_i2c_gpio.o(i.IIC_Read_Byte)
    IIC_Send_Byte                            0x08000c49   Thumb Code   104  bsp_i2c_gpio.o(i.IIC_Send_Byte)
    IIC_Start                                0x08000cbd   Thumb Code    64  bsp_i2c_gpio.o(i.IIC_Start)
    IIC_Stop                                 0x08000d09   Thumb Code    62  bsp_i2c_gpio.o(i.IIC_Stop)
    IIC_Wait_Ack                             0x08000d55   Thumb Code    86  bsp_i2c_gpio.o(i.IIC_Wait_Ack)
    MemManage_Handler                        0x08000db9   Thumb Code     4  stm32f10x_it.o(i.MemManage_Handler)
    NMI_Handler                              0x08000dbd   Thumb Code     2  stm32f10x_it.o(i.NMI_Handler)
    NVIC_Init                                0x08000dc1   Thumb Code   100  misc.o(i.NVIC_Init)
    NVIC_PriorityGroupConfig                 0x08000e31   Thumb Code    10  misc.o(i.NVIC_PriorityGroupConfig)
    OPT3001Config                            0x08000e45   Thumb Code    14  bsp_opt3001.o(i.OPT3001Config)
    OPT3001Multiple_read                     0x08000e53   Thumb Code    88  bsp_opt3001.o(i.OPT3001Multiple_read)
    Opt3001WriteRegister                     0x08000eab   Thumb Code    56  bsp_opt3001.o(i.Opt3001WriteRegister)
    PM25_READ                                0x08000ee5   Thumb Code    88  bsp_pm25.o(i.PM25_READ)
    PM25_TEMP_BUF_Clear                      0x08000f45   Thumb Code    22  bsp_pm25.o(i.PM25_TEMP_BUF_Clear)
    PendSV_Handler                           0x08000f61   Thumb Code     2  stm32f10x_it.o(i.PendSV_Handler)
    RCC_APB1PeriphClockCmd                   0x08001171   Thumb Code    26  stm32f10x_rcc.o(i.RCC_APB1PeriphClockCmd)
    RCC_APB1PeriphResetCmd                   0x08001191   Thumb Code    26  stm32f10x_rcc.o(i.RCC_APB1PeriphResetCmd)
    RCC_APB2PeriphClockCmd                   0x080011b1   Thumb Code    26  stm32f10x_rcc.o(i.RCC_APB2PeriphClockCmd)
    RCC_GetClocksFreq                        0x080011d1   Thumb Code   192  stm32f10x_rcc.o(i.RCC_GetClocksFreq)
    SENSOR_IO_Init                           0x080012a5   Thumb Code    78  bsp_iosensor.o(i.SENSOR_IO_Init)
    SHT3X_GetValue                           0x08001301   Thumb Code   204  bsp_sht30.o(i.SHT3X_GetValue)
    SHT3X_SetPeriodicMeasurement             0x080013ed   Thumb Code    12  bsp_sht30.o(i.SHT3X_SetPeriodicMeasurement)
    SHT3X_WriteCMD                           0x080013f9   Thumb Code    50  bsp_sht30.o(i.SHT3X_WriteCMD)
    SHX3X_ReadResults                        0x0800142b   Thumb Code   114  bsp_sht30.o(i.SHX3X_ReadResults)
    SVC_Handler                              0x0800149d   Thumb Code     2  stm32f10x_it.o(i.SVC_Handler)
    SysTick_Handler                          0x08001589   Thumb Code     8  bsp_timer.o(i.SysTick_Handler)
    SysTick_ISR                              0x08001591   Thumb Code   110  bsp_timer.o(i.SysTick_ISR)
    SystemInit                               0x08001615   Thumb Code    78  system_stm32f10x.o(i.SystemInit)
    UART2_Receive_Data                       0x08001675   Thumb Code    68  bsp_uart2.o(i.UART2_Receive_Data)
    UART2_Send_Data                          0x080016c1   Thumb Code    62  bsp_uart2.o(i.UART2_Send_Data)
    UART3_Receive_Data                       0x08001709   Thumb Code    68  bsp_uart3.o(i.UART3_Receive_Data)
    UART3_Send_Data                          0x08001755   Thumb Code    62  bsp_uart3.o(i.UART3_Send_Data)
    USART1_IRQHandler                        0x0800179d   Thumb Code    78  bsp_uart1.o(i.USART1_IRQHandler)
    USART1_Send_Data                         0x080017fd   Thumb Code    56  bsp_uart1.o(i.USART1_Send_Data)
    USART2_IRQHandler                        0x08001839   Thumb Code    52  bsp_uart2.o(i.USART2_IRQHandler)
    USART3_IRQHandler                        0x08001879   Thumb Code    52  bsp_uart3.o(i.USART3_IRQHandler)
    USART_Cmd                                0x080018b9   Thumb Code    24  stm32f10x_usart.o(i.USART_Cmd)
    USART_GetFlagStatus                      0x080018d1   Thumb Code    26  stm32f10x_usart.o(i.USART_GetFlagStatus)
    USART_GetITStatus                        0x080018eb   Thumb Code    84  stm32f10x_usart.o(i.USART_GetITStatus)
    USART_ITConfig                           0x0800193f   Thumb Code    74  stm32f10x_usart.o(i.USART_ITConfig)
    USART_Init                               0x08001989   Thumb Code   210  stm32f10x_usart.o(i.USART_Init)
    USART_ReceiveData                        0x08001a61   Thumb Code    10  stm32f10x_usart.o(i.USART_ReceiveData)
    USART_SendData                           0x08001a6b   Thumb Code     8  stm32f10x_usart.o(i.USART_SendData)
    Uart0_STA_Clr                            0x08001a75   Thumb Code    12  bsp_uart1.o(i.Uart0_STA_Clr)
    UsageFault_Handler                       0x08001a89   Thumb Code     4  stm32f10x_it.o(i.UsageFault_Handler)
    _is_digit                                0x08001a93   Thumb Code    14  __printf_wp.o(i._is_digit)
    _sys_exit                                0x08001aa1   Thumb Code     4  bsp_uart1.o(i._sys_exit)
    bsp_BeepOff                              0x08001aa5   Thumb Code    14  bsp_beep.o(i.bsp_BeepOff)
    bsp_BeepOn                               0x08001ab9   Thumb Code     8  bsp_beep.o(i.bsp_BeepOn)
    bsp_CheckTimer                           0x08001ac5   Thumb Code    48  bsp_timer.o(i.bsp_CheckTimer)
    bsp_DelayMS                              0x08001af9   Thumb Code    58  bsp_timer.o(i.bsp_DelayMS)
    bsp_DelayUS                              0x08001b3d   Thumb Code    76  bsp_timer.o(i.bsp_DelayUS)
    bsp_FanOff                               0x08001b91   Thumb Code    26  bsp_fan.o(i.bsp_FanOff)
    bsp_FanOn                                0x08001bb1   Thumb Code    26  bsp_fan.o(i.bsp_FanOn)
    bsp_FanToggle                            0x08001bd1   Thumb Code    36  bsp_fan.o(i.bsp_FanToggle)
    bsp_Idle                                 0x08001bf9   Thumb Code     2  bsp.o(i.bsp_Idle)
    bsp_Init                                 0x08001bfb   Thumb Code    44  bsp.o(i.bsp_Init)
    bsp_InitBeep                             0x08001c29   Thumb Code    50  bsp_beep.o(i.bsp_InitBeep)
    bsp_InitFan                              0x08001c61   Thumb Code    54  bsp_fan.o(i.bsp_InitFan)
    bsp_InitI2C                              0x08001c9d   Thumb Code    88  bsp_i2c_gpio.o(i.bsp_InitI2C)
    bsp_InitIoSensor                         0x08001cf9   Thumb Code    12  bsp_iosensor.o(i.bsp_InitIoSensor)
    bsp_InitOpt3001                          0x08001d05   Thumb Code    84  bsp_opt3001.o(i.bsp_InitOpt3001)
    bsp_InitRelay                            0x08001d99   Thumb Code   104  bsp_relay.o(i.bsp_InitRelay)
    bsp_InitSht3x                            0x08001e05   Thumb Code    20  bsp_sht30.o(i.bsp_InitSht3x)
    bsp_InitTimer                            0x08001e19   Thumb Code   138  bsp_timer.o(i.bsp_InitTimer)
    bsp_InitUart                             0x08001eb5   Thumb Code   170  bsp_uart1.o(i.bsp_InitUart)
    bsp_InitUart2                            0x08001f69   Thumb Code   172  bsp_uart2.o(i.bsp_InitUart2)
    bsp_InitUart3                            0x0800201d   Thumb Code   174  bsp_uart3.o(i.bsp_InitUart3)
    bsp_IsFanOn                              0x080020d5   Thumb Code    58  bsp_fan.o(i.bsp_IsFanOn)
    bsp_IsRelayOn                            0x08002115   Thumb Code   102  bsp_relay.o(i.bsp_IsRelayOn)
    bsp_RelayOff                             0x08002181   Thumb Code    54  bsp_relay.o(i.bsp_RelayOff)
    bsp_RelayOn                              0x080021bd   Thumb Code    54  bsp_relay.o(i.bsp_RelayOn)
    bsp_RelayToggle                          0x080021f9   Thumb Code    72  bsp_relay.o(i.bsp_RelayToggle)
    bsp_RunPer10ms                           0x08002245   Thumb Code     2  bsp.o(i.bsp_RunPer10ms)
    bsp_RunPer1ms                            0x08002247   Thumb Code     2  bsp.o(i.bsp_RunPer1ms)
    bsp_StartAutoTimer                       0x08002265   Thumb Code    74  bsp_timer.o(i.bsp_StartAutoTimer)
    delay_ms                                 0x080022b5   Thumb Code    12  bsp.o(i.delay_ms)
    delay_us                                 0x080022c1   Thumb Code    12  bsp.o(i.delay_us)
    fputc                                    0x080022cd   Thumb Code    24  bsp_uart1.o(i.fputc)
    main                                     0x08002329   Thumb Code   220  main.o(i.main)
    sensor_Upload                            0x08002415   Thumb Code   418  sensor_data.o(i.sensor_Upload)
    usart2_cmd                               0x080025f9   Thumb Code   618  usart1_cmd.o(i.usart2_cmd)
    __aeabi_d2f                              0x08002871   Thumb Code     0  d2f.o(x$fpl$d2f)
    _d2f                                     0x08002871   Thumb Code    98  d2f.o(x$fpl$d2f)
    __aeabi_dadd                             0x080028d5   Thumb Code     0  daddsub_clz.o(x$fpl$dadd)
    _dadd                                    0x080028d5   Thumb Code   332  daddsub_clz.o(x$fpl$dadd)
    __aeabi_ddiv                             0x08002a25   Thumb Code     0  ddiv.o(x$fpl$ddiv)
    _ddiv                                    0x08002a25   Thumb Code   552  ddiv.o(x$fpl$ddiv)
    __aeabi_ui2d                             0x08002cd5   Thumb Code     0  dflt_clz.o(x$fpl$dfltu)
    _dfltu                                   0x08002cd5   Thumb Code    38  dflt_clz.o(x$fpl$dfltu)
    __aeabi_dmul                             0x08002cfd   Thumb Code     0  dmul.o(x$fpl$dmul)
    _dmul                                    0x08002cfd   Thumb Code   332  dmul.o(x$fpl$dmul)
    __fpl_dnaninf                            0x08002e51   Thumb Code   156  dnaninf.o(x$fpl$dnaninf)
    __fpl_dretinf                            0x08002eed   Thumb Code    12  dretinf.o(x$fpl$dretinf)
    __aeabi_dsub                             0x08002ef9   Thumb Code     0  daddsub_clz.o(x$fpl$dsub)
    _dsub                                    0x08002ef9   Thumb Code   464  daddsub_clz.o(x$fpl$dsub)
    __fpl_fcmp_Inf                           0x080030cd   Thumb Code    24  fcmpi.o(x$fpl$fcmpinf)
    __aeabi_ui2f                             0x080030e5   Thumb Code     0  fflt_clz.o(x$fpl$ffltu)
    _ffltu                                   0x080030e5   Thumb Code    38  fflt_clz.o(x$fpl$ffltu)
    __aeabi_cfcmple                          0x0800310d   Thumb Code     0  fleqf.o(x$fpl$fleqf)
    _fcmple                                  0x0800310d   Thumb Code   104  fleqf.o(x$fpl$fleqf)
    __fpl_fcmple_InfNaN                      0x0800315f   Thumb Code     0  fleqf.o(x$fpl$fleqf)
    __fpl_fnaninf                            0x08003175   Thumb Code   140  fnaninf.o(x$fpl$fnaninf)
    __fpl_fretinf                            0x08003201   Thumb Code    10  fretinf.o(x$fpl$fretinf)
    __aeabi_cfrcmple                         0x0800320b   Thumb Code     0  frleqf.o(x$fpl$frleqf)
    _frcmple                                 0x0800320b   Thumb Code    98  frleqf.o(x$fpl$frleqf)
    __I$use$fp                               0x0800326c   Number         0  usenofp.o(x$fpl$usenofp)
    Region$$Table$$Base                      0x08003300   Number         0  anon$$obj.o(Region$$Table)
    Region$$Table$$Limit                     0x08003320   Number         0  anon$$obj.o(Region$$Table)
    g_iRunTime                               0x20000008   Data           4  bsp_timer.o(.data)
    ReceiveState                             0x20000010   Data           1  bsp_uart1.o(.data)
    RxCounter                                0x20000012   Data           2  bsp_uart1.o(.data)
    __stdout                                 0x20000014   Data           4  bsp_uart1.o(.data)
    Tem_Value                                0x20000018   Data           4  bsp_sht30.o(.data)
    RH_Value                                 0x2000001c   Data           4  bsp_sht30.o(.data)
    UART2_RX_CNT                             0x20000020   Data           1  bsp_uart2.o(.data)
    UART3_RX_CNT                             0x20000021   Data           1  bsp_uart3.o(.data)
    VIBRATE_OUT_flag                         0x20000022   Data           1  bsp_iosensor.o(.data)
    PIR_OUT_flag                             0x20000023   Data           1  bsp_iosensor.o(.data)
    FIRE_OUT_flag                            0x20000024   Data           1  bsp_iosensor.o(.data)
    HALL_OUT_flag                            0x20000025   Data           1  bsp_iosensor.o(.data)
    GASES_OUT_flag                           0x20000026   Data           1  bsp_iosensor.o(.data)
    SystemCoreClock                          0x20000028   Data           4  system_stm32f10x.o(.data)
    AHBPrescTable                            0x2000002c   Data          16  system_stm32f10x.o(.data)
    SENSOR_DATA_BYTE                         0x20000050   Data         248  sensor_data.o(.data)
    Sensor_Data_ToFloat                      0x20000148   Data           4  sensor_data.o(.data)
    Sensor_Data_To4Byte                      0x2000014c   Data           4  sensor_data.o(.data)
    USART_RX_BUF                             0x20000180   Data        1024  bsp_uart1.o(.bss)
    UART2_RX_BUF                             0x20000580   Data          64  bsp_uart2.o(.bss)
    UART3_RX_BUF                             0x200005c0   Data          64  bsp_uart3.o(.bss)
    CO2_TEMP_BUF                             0x20000600   Data          10  bsp_co2.o(.bss)
    PM25_TEMP_BUF                            0x2000060a   Data          10  bsp_pm25.o(.bss)
    __libspace_start                         0x20000614   Data          96  libspace.o(.bss)
    __temporary_stack_top$libspace           0x20000674   Data           0  libspace.o(.bss)



==============================================================================

Memory Map of the image

  Image Entry point : 0x080000ed

  Load Region LR_IROM1 (Base: 0x08000000, Size: 0x00003470, Max: 0x00010000, ABSOLUTE, COMPRESSED[0x00003344])

    Execution Region ER_IROM1 (Exec base: 0x08000000, Load base: 0x08000000, Size: 0x00003320, Max: 0x00010000, ABSOLUTE)

    Exec Addr    Load Addr    Size         Type   Attr      Idx    E Section Name        Object

    0x08000000   0x08000000   0x000000ec   Data   RO          908    RESET               startup_stm32f10x_md.o
    0x080000ec   0x080000ec   0x00000008   Code   RO         2145  * !!!main             c_w.l(__main.o)
    0x080000f4   0x080000f4   0x00000034   Code   RO         2358    !!!scatter          c_w.l(__scatter.o)
    0x08000128   0x08000128   0x0000005a   Code   RO         2356    !!dczerorl2         c_w.l(__dczerorl2.o)
    0x08000182   0x08000182   0x00000002   PAD
    0x08000184   0x08000184   0x0000001c   Code   RO         2360    !!handler_zi        c_w.l(__scatter_zi.o)
    0x080001a0   0x080001a0   0x00000000   Code   RO         2142    .ARM.Collect$$_printf_percent$$00000000  c_w.l(_printf_percent.o)
    0x080001a0   0x080001a0   0x00000006   Code   RO         2141    .ARM.Collect$$_printf_percent$$00000009  c_w.l(_printf_d.o)
    0x080001a6   0x080001a6   0x00000006   Code   RO         2140    .ARM.Collect$$_printf_percent$$0000000C  c_w.l(_printf_x.o)
    0x080001ac   0x080001ac   0x00000006   Code   RO         2139    .ARM.Collect$$_printf_percent$$00000014  c_w.l(_printf_s.o)
    0x080001b2   0x080001b2   0x00000004   Code   RO         2184    .ARM.Collect$$_printf_percent$$00000017  c_w.l(_printf_percent_end.o)
    0x080001b6   0x080001b6   0x00000002   Code   RO         2230    .ARM.Collect$$libinit$$00000000  c_w.l(libinit.o)
    0x080001b8   0x080001b8   0x00000000   Code   RO         2237    .ARM.Collect$$libinit$$00000002  c_w.l(libinit2.o)
    0x080001b8   0x080001b8   0x00000000   Code   RO         2239    .ARM.Collect$$libinit$$00000004  c_w.l(libinit2.o)
    0x080001b8   0x080001b8   0x00000000   Code   RO         2242    .ARM.Collect$$libinit$$0000000A  c_w.l(libinit2.o)
    0x080001b8   0x080001b8   0x00000000   Code   RO         2244    .ARM.Collect$$libinit$$0000000C  c_w.l(libinit2.o)
    0x080001b8   0x080001b8   0x00000000   Code   RO         2246    .ARM.Collect$$libinit$$0000000E  c_w.l(libinit2.o)
    0x080001b8   0x080001b8   0x00000000   Code   RO         2249    .ARM.Collect$$libinit$$00000011  c_w.l(libinit2.o)
    0x080001b8   0x080001b8   0x00000000   Code   RO         2251    .ARM.Collect$$libinit$$00000013  c_w.l(libinit2.o)
    0x080001b8   0x080001b8   0x00000000   Code   RO         2253    .ARM.Collect$$libinit$$00000015  c_w.l(libinit2.o)
    0x080001b8   0x080001b8   0x00000000   Code   RO         2255    .ARM.Collect$$libinit$$00000017  c_w.l(libinit2.o)
    0x080001b8   0x080001b8   0x00000000   Code   RO         2257    .ARM.Collect$$libinit$$00000019  c_w.l(libinit2.o)
    0x080001b8   0x080001b8   0x00000000   Code   RO         2259    .ARM.Collect$$libinit$$0000001B  c_w.l(libinit2.o)
    0x080001b8   0x080001b8   0x00000000   Code   RO         2261    .ARM.Collect$$libinit$$0000001D  c_w.l(libinit2.o)
    0x080001b8   0x080001b8   0x00000000   Code   RO         2263    .ARM.Collect$$libinit$$0000001F  c_w.l(libinit2.o)
    0x080001b8   0x080001b8   0x00000000   Code   RO         2265    .ARM.Collect$$libinit$$00000021  c_w.l(libinit2.o)
    0x080001b8   0x080001b8   0x00000000   Code   RO         2267    .ARM.Collect$$libinit$$00000023  c_w.l(libinit2.o)
    0x080001b8   0x080001b8   0x00000000   Code   RO         2269    .ARM.Collect$$libinit$$00000025  c_w.l(libinit2.o)
    0x080001b8   0x080001b8   0x00000000   Code   RO         2273    .ARM.Collect$$libinit$$0000002C  c_w.l(libinit2.o)
    0x080001b8   0x080001b8   0x00000000   Code   RO         2275    .ARM.Collect$$libinit$$0000002E  c_w.l(libinit2.o)
    0x080001b8   0x080001b8   0x00000000   Code   RO         2277    .ARM.Collect$$libinit$$00000030  c_w.l(libinit2.o)
    0x080001b8   0x080001b8   0x00000000   Code   RO         2279    .ARM.Collect$$libinit$$00000032  c_w.l(libinit2.o)
    0x080001b8   0x080001b8   0x00000002   Code   RO         2280    .ARM.Collect$$libinit$$00000033  c_w.l(libinit2.o)
    0x080001ba   0x080001ba   0x00000002   Code   RO         2298    .ARM.Collect$$libshutdown$$00000000  c_w.l(libshutdown.o)
    0x080001bc   0x080001bc   0x00000000   Code   RO         2308    .ARM.Collect$$libshutdown$$00000002  c_w.l(libshutdown2.o)
    0x080001bc   0x080001bc   0x00000000   Code   RO         2310    .ARM.Collect$$libshutdown$$00000004  c_w.l(libshutdown2.o)
    0x080001bc   0x080001bc   0x00000000   Code   RO         2313    .ARM.Collect$$libshutdown$$00000007  c_w.l(libshutdown2.o)
    0x080001bc   0x080001bc   0x00000000   Code   RO         2316    .ARM.Collect$$libshutdown$$0000000A  c_w.l(libshutdown2.o)
    0x080001bc   0x080001bc   0x00000000   Code   RO         2318    .ARM.Collect$$libshutdown$$0000000C  c_w.l(libshutdown2.o)
    0x080001bc   0x080001bc   0x00000000   Code   RO         2321    .ARM.Collect$$libshutdown$$0000000F  c_w.l(libshutdown2.o)
    0x080001bc   0x080001bc   0x00000002   Code   RO         2322    .ARM.Collect$$libshutdown$$00000010  c_w.l(libshutdown2.o)
    0x080001be   0x080001be   0x00000000   Code   RO         2177    .ARM.Collect$$rtentry$$00000000  c_w.l(__rtentry.o)
    0x080001be   0x080001be   0x00000000   Code   RO         2195    .ARM.Collect$$rtentry$$00000002  c_w.l(__rtentry2.o)
    0x080001be   0x080001be   0x00000006   Code   RO         2207    .ARM.Collect$$rtentry$$00000004  c_w.l(__rtentry4.o)
    0x080001c4   0x080001c4   0x00000000   Code   RO         2197    .ARM.Collect$$rtentry$$00000009  c_w.l(__rtentry2.o)
    0x080001c4   0x080001c4   0x00000004   Code   RO         2198    .ARM.Collect$$rtentry$$0000000A  c_w.l(__rtentry2.o)
    0x080001c8   0x080001c8   0x00000000   Code   RO         2200    .ARM.Collect$$rtentry$$0000000C  c_w.l(__rtentry2.o)
    0x080001c8   0x080001c8   0x00000008   Code   RO         2201    .ARM.Collect$$rtentry$$0000000D  c_w.l(__rtentry2.o)
    0x080001d0   0x080001d0   0x00000002   Code   RO         2234    .ARM.Collect$$rtexit$$00000000  c_w.l(rtexit.o)
    0x080001d2   0x080001d2   0x00000000   Code   RO         2282    .ARM.Collect$$rtexit$$00000002  c_w.l(rtexit2.o)
    0x080001d2   0x080001d2   0x00000004   Code   RO         2283    .ARM.Collect$$rtexit$$00000003  c_w.l(rtexit2.o)
    0x080001d6   0x080001d6   0x00000006   Code   RO         2284    .ARM.Collect$$rtexit$$00000004  c_w.l(rtexit2.o)
    0x080001dc   0x080001dc   0x00000040   Code   RO          909    .text               startup_stm32f10x_md.o
    0x0800021c   0x0800021c   0x00000002   Code   RO         2084    .text               c_w.l(use_no_semi_2.o)
    0x0800021e   0x0800021e   0x00000002   PAD
    0x08000220   0x08000220   0x00000018   Code   RO         2088    .text               c_w.l(noretval__2printf.o)
    0x08000238   0x08000238   0x0000004e   Code   RO         2092    .text               c_w.l(_printf_pad.o)
    0x08000286   0x08000286   0x00000052   Code   RO         2094    .text               c_w.l(_printf_str.o)
    0x080002d8   0x080002d8   0x00000078   Code   RO         2096    .text               c_w.l(_printf_dec.o)
    0x08000350   0x08000350   0x00000058   Code   RO         2101    .text               c_w.l(_printf_hex_int.o)
    0x080003a8   0x080003a8   0x00000138   Code   RO         2131    .text               c_w.l(__printf_flags_wp.o)
    0x080004e0   0x080004e0   0x00000006   Code   RO         2143    .text               c_w.l(heapauxi.o)
    0x080004e6   0x080004e6   0x00000002   Code   RO         2175    .text               c_w.l(use_no_semi.o)
    0x080004e8   0x080004e8   0x000000b2   Code   RO         2178    .text               c_w.l(_printf_intcommon.o)
    0x0800059a   0x0800059a   0x0000002c   Code   RO         2180    .text               c_w.l(_printf_char.o)
    0x080005c6   0x080005c6   0x00000002   PAD
    0x080005c8   0x080005c8   0x00000024   Code   RO         2182    .text               c_w.l(_printf_char_file.o)
    0x080005ec   0x080005ec   0x00000030   Code   RO         2209    .text               c_w.l(_printf_char_common.o)
    0x0800061c   0x0800061c   0x00000008   Code   RO         2211    .text               c_w.l(ferror.o)
    0x08000624   0x08000624   0x0000004a   Code   RO         2219    .text               c_w.l(sys_stackheap_outer.o)
    0x0800066e   0x0800066e   0x00000012   Code   RO         2223    .text               c_w.l(exit.o)
    0x08000680   0x08000680   0x00000008   Code   RO         2231    .text               c_w.l(libspace.o)
    0x08000688   0x08000688   0x00000004   Code   RO          804    i.BusFault_Handler  stm32f10x_it.o
    0x0800068c   0x0800068c   0x00000060   Code   RO          630    i.CO2_READ          bsp_co2.o
    0x080006ec   0x080006ec   0x0000001c   Code   RO          631    i.CO2_TEMP_BUF_Clear  bsp_co2.o
    0x08000708   0x08000708   0x0000001c   Code   RO         2060    i.CheckSum          usart1_cmd.o
    0x08000724   0x08000724   0x00000002   Code   RO          805    i.DebugMon_Handler  stm32f10x_it.o
    0x08000726   0x08000726   0x00000002   PAD
    0x08000728   0x08000728   0x0000002c   Code   RO          756    i.EXTI15_10_IRQHandler  bsp_iosensor.o
    0x08000754   0x08000754   0x00000028   Code   RO          757    i.EXTI3_IRQHandler  bsp_iosensor.o
    0x0800077c   0x0800077c   0x0000000c   Code   RO         1992    i.EXTI_ClearITPendingBit  stm32f10x_exti.o
    0x08000788   0x08000788   0x00000028   Code   RO         1996    i.EXTI_GetITStatus  stm32f10x_exti.o
    0x080007b0   0x080007b0   0x00000094   Code   RO         1997    i.EXTI_Init         stm32f10x_exti.o
    0x08000844   0x08000844   0x0000009c   Code   RO          758    i.EXTI_Sensor_Init  bsp_iosensor.o
    0x080008e0   0x080008e0   0x00000040   Code   RO          952    i.GPIO_EXTILineConfig  stm32f10x_gpio.o
    0x08000920   0x08000920   0x00000116   Code   RO          955    i.GPIO_Init         stm32f10x_gpio.o
    0x08000a36   0x08000a36   0x00000002   PAD
    0x08000a38   0x08000a38   0x00000090   Code   RO          957    i.GPIO_PinRemapConfig  stm32f10x_gpio.o
    0x08000ac8   0x08000ac8   0x00000004   Code   RO          962    i.GPIO_ResetBits    stm32f10x_gpio.o
    0x08000acc   0x08000acc   0x00000004   Code   RO          963    i.GPIO_SetBits      stm32f10x_gpio.o
    0x08000ad0   0x08000ad0   0x0000001e   Code   RO          508    i.GetLuxValue       bsp_opt3001.o
    0x08000aee   0x08000aee   0x00000010   Code   RO          509    i.GetOPT3001DeviceID  bsp_opt3001.o
    0x08000afe   0x08000afe   0x00000010   Code   RO          510    i.GetOPT3001ManufacturerID  bsp_opt3001.o
    0x08000b0e   0x08000b0e   0x00000002   PAD
    0x08000b10   0x08000b10   0x00000028   Code   RO          806    i.HardFault_Handler  stm32f10x_it.o
    0x08000b38   0x08000b38   0x00000050   Code   RO          412    i.IIC_Ack           bsp_i2c_gpio.o
    0x08000b88   0x08000b88   0x00000050   Code   RO          413    i.IIC_NAck          bsp_i2c_gpio.o
    0x08000bd8   0x08000bd8   0x00000070   Code   RO          414    i.IIC_Read_Byte     bsp_i2c_gpio.o
    0x08000c48   0x08000c48   0x00000074   Code   RO          415    i.IIC_Send_Byte     bsp_i2c_gpio.o
    0x08000cbc   0x08000cbc   0x0000004c   Code   RO          416    i.IIC_Start         bsp_i2c_gpio.o
    0x08000d08   0x08000d08   0x0000004c   Code   RO          417    i.IIC_Stop          bsp_i2c_gpio.o
    0x08000d54   0x08000d54   0x00000064   Code   RO          418    i.IIC_Wait_Ack      bsp_i2c_gpio.o
    0x08000db8   0x08000db8   0x00000004   Code   RO          807    i.MemManage_Handler  stm32f10x_it.o
    0x08000dbc   0x08000dbc   0x00000002   Code   RO          808    i.NMI_Handler       stm32f10x_it.o
    0x08000dbe   0x08000dbe   0x00000002   PAD
    0x08000dc0   0x08000dc0   0x00000070   Code   RO          913    i.NVIC_Init         misc.o
    0x08000e30   0x08000e30   0x00000014   Code   RO          914    i.NVIC_PriorityGroupConfig  misc.o
    0x08000e44   0x08000e44   0x0000000e   Code   RO          511    i.OPT3001Config     bsp_opt3001.o
    0x08000e52   0x08000e52   0x00000058   Code   RO          512    i.OPT3001Multiple_read  bsp_opt3001.o
    0x08000eaa   0x08000eaa   0x00000038   Code   RO          513    i.Opt3001WriteRegister  bsp_opt3001.o
    0x08000ee2   0x08000ee2   0x00000002   PAD
    0x08000ee4   0x08000ee4   0x00000060   Code   RO          657    i.PM25_READ         bsp_pm25.o
    0x08000f44   0x08000f44   0x0000001c   Code   RO          658    i.PM25_TEMP_BUF_Clear  bsp_pm25.o
    0x08000f60   0x08000f60   0x00000002   Code   RO          809    i.PendSV_Handler    stm32f10x_it.o
    0x08000f62   0x08000f62   0x00000002   PAD
    0x08000f64   0x08000f64   0x00000050   Code   RO            1    i.PrintfHelp        main.o
    0x08000fb4   0x08000fb4   0x000001bc   Code   RO            2    i.PrintfLogo        main.o
    0x08001170   0x08001170   0x00000020   Code   RO         1065    i.RCC_APB1PeriphClockCmd  stm32f10x_rcc.o
    0x08001190   0x08001190   0x00000020   Code   RO         1066    i.RCC_APB1PeriphResetCmd  stm32f10x_rcc.o
    0x080011b0   0x080011b0   0x00000020   Code   RO         1067    i.RCC_APB2PeriphClockCmd  stm32f10x_rcc.o
    0x080011d0   0x080011d0   0x000000d4   Code   RO         1075    i.RCC_GetClocksFreq  stm32f10x_rcc.o
    0x080012a4   0x080012a4   0x0000005c   Code   RO          759    i.SENSOR_IO_Init    bsp_iosensor.o
    0x08001300   0x08001300   0x000000ec   Code   RO          466    i.SHT3X_GetValue    bsp_sht30.o
    0x080013ec   0x080013ec   0x0000000c   Code   RO          467    i.SHT3X_SetPeriodicMeasurement  bsp_sht30.o
    0x080013f8   0x080013f8   0x00000032   Code   RO          468    i.SHT3X_WriteCMD    bsp_sht30.o
    0x0800142a   0x0800142a   0x00000072   Code   RO          469    i.SHX3X_ReadResults  bsp_sht30.o
    0x0800149c   0x0800149c   0x00000002   Code   RO          810    i.SVC_Handler       stm32f10x_it.o
    0x0800149e   0x0800149e   0x00000008   Code   RO          872    i.SetSysClock       system_stm32f10x.o
    0x080014a6   0x080014a6   0x00000002   PAD
    0x080014a8   0x080014a8   0x000000e0   Code   RO          873    i.SetSysClockTo72   system_stm32f10x.o
    0x08001588   0x08001588   0x00000008   Code   RO          233    i.SysTick_Handler   bsp_timer.o
    0x08001590   0x08001590   0x00000084   Code   RO          234    i.SysTick_ISR       bsp_timer.o
    0x08001614   0x08001614   0x00000060   Code   RO          875    i.SystemInit        system_stm32f10x.o
    0x08001674   0x08001674   0x0000004c   Code   RO          556    i.UART2_Receive_Data  bsp_uart2.o
    0x080016c0   0x080016c0   0x00000048   Code   RO          557    i.UART2_Send_Data   bsp_uart2.o
    0x08001708   0x08001708   0x0000004c   Code   RO          593    i.UART3_Receive_Data  bsp_uart3.o
    0x08001754   0x08001754   0x00000048   Code   RO          594    i.UART3_Send_Data   bsp_uart3.o
    0x0800179c   0x0800179c   0x00000060   Code   RO          359    i.USART1_IRQHandler  bsp_uart1.o
    0x080017fc   0x080017fc   0x0000003c   Code   RO          360    i.USART1_Send_Data  bsp_uart1.o
    0x08001838   0x08001838   0x00000040   Code   RO          558    i.USART2_IRQHandler  bsp_uart2.o
    0x08001878   0x08001878   0x00000040   Code   RO          595    i.USART3_IRQHandler  bsp_uart3.o
    0x080018b8   0x080018b8   0x00000018   Code   RO         1267    i.USART_Cmd         stm32f10x_usart.o
    0x080018d0   0x080018d0   0x0000001a   Code   RO         1270    i.USART_GetFlagStatus  stm32f10x_usart.o
    0x080018ea   0x080018ea   0x00000054   Code   RO         1271    i.USART_GetITStatus  stm32f10x_usart.o
    0x0800193e   0x0800193e   0x0000004a   Code   RO         1273    i.USART_ITConfig    stm32f10x_usart.o
    0x08001988   0x08001988   0x000000d8   Code   RO         1274    i.USART_Init        stm32f10x_usart.o
    0x08001a60   0x08001a60   0x0000000a   Code   RO         1281    i.USART_ReceiveData  stm32f10x_usart.o
    0x08001a6a   0x08001a6a   0x00000008   Code   RO         1284    i.USART_SendData    stm32f10x_usart.o
    0x08001a72   0x08001a72   0x00000002   PAD
    0x08001a74   0x08001a74   0x00000014   Code   RO          361    i.Uart0_STA_Clr     bsp_uart1.o
    0x08001a88   0x08001a88   0x00000004   Code   RO          811    i.UsageFault_Handler  stm32f10x_it.o
    0x08001a8c   0x08001a8c   0x00000006   Code   RO          235    i.__set_PRIMASK     bsp_timer.o
    0x08001a92   0x08001a92   0x0000000e   Code   RO         2129    i._is_digit         c_w.l(__printf_wp.o)
    0x08001aa0   0x08001aa0   0x00000004   Code   RO          362    i._sys_exit         bsp_uart1.o
    0x08001aa4   0x08001aa4   0x00000014   Code   RO          323    i.bsp_BeepOff       bsp_beep.o
    0x08001ab8   0x08001ab8   0x0000000c   Code   RO          324    i.bsp_BeepOn        bsp_beep.o
    0x08001ac4   0x08001ac4   0x00000034   Code   RO          237    i.bsp_CheckTimer    bsp_timer.o
    0x08001af8   0x08001af8   0x00000044   Code   RO          238    i.bsp_DelayMS       bsp_timer.o
    0x08001b3c   0x08001b3c   0x00000054   Code   RO          239    i.bsp_DelayUS       bsp_timer.o
    0x08001b90   0x08001b90   0x00000020   Code   RO          720    i.bsp_FanOff        bsp_fan.o
    0x08001bb0   0x08001bb0   0x00000020   Code   RO          721    i.bsp_FanOn         bsp_fan.o
    0x08001bd0   0x08001bd0   0x00000028   Code   RO          722    i.bsp_FanToggle     bsp_fan.o
    0x08001bf8   0x08001bf8   0x00000002   Code   RO          191    i.bsp_Idle          bsp.o
    0x08001bfa   0x08001bfa   0x0000002c   Code   RO          192    i.bsp_Init          bsp.o
    0x08001c26   0x08001c26   0x00000002   PAD
    0x08001c28   0x08001c28   0x00000038   Code   RO          325    i.bsp_InitBeep      bsp_beep.o
    0x08001c60   0x08001c60   0x0000003c   Code   RO          723    i.bsp_InitFan       bsp_fan.o
    0x08001c9c   0x08001c9c   0x0000005c   Code   RO          419    i.bsp_InitI2C       bsp_i2c_gpio.o
    0x08001cf8   0x08001cf8   0x0000000c   Code   RO          760    i.bsp_InitIoSensor  bsp_iosensor.o
    0x08001d04   0x08001d04   0x00000094   Code   RO          514    i.bsp_InitOpt3001   bsp_opt3001.o
    0x08001d98   0x08001d98   0x0000006c   Code   RO          684    i.bsp_InitRelay     bsp_relay.o
    0x08001e04   0x08001e04   0x00000014   Code   RO          470    i.bsp_InitSht3x     bsp_sht30.o
    0x08001e18   0x08001e18   0x0000009c   Code   RO          241    i.bsp_InitTimer     bsp_timer.o
    0x08001eb4   0x08001eb4   0x000000b4   Code   RO          363    i.bsp_InitUart      bsp_uart1.o
    0x08001f68   0x08001f68   0x000000b4   Code   RO          559    i.bsp_InitUart2     bsp_uart2.o
    0x0800201c   0x0800201c   0x000000b8   Code   RO          596    i.bsp_InitUart3     bsp_uart3.o
    0x080020d4   0x080020d4   0x00000040   Code   RO          724    i.bsp_IsFanOn       bsp_fan.o
    0x08002114   0x08002114   0x0000006c   Code   RO          685    i.bsp_IsRelayOn     bsp_relay.o
    0x08002180   0x08002180   0x0000003c   Code   RO          686    i.bsp_RelayOff      bsp_relay.o
    0x080021bc   0x080021bc   0x0000003c   Code   RO          687    i.bsp_RelayOn       bsp_relay.o
    0x080021f8   0x080021f8   0x0000004c   Code   RO          688    i.bsp_RelayToggle   bsp_relay.o
    0x08002244   0x08002244   0x00000002   Code   RO          193    i.bsp_RunPer10ms    bsp.o
    0x08002246   0x08002246   0x00000002   Code   RO          194    i.bsp_RunPer1ms     bsp.o
    0x08002248   0x08002248   0x0000001c   Code   RO          242    i.bsp_SoftTimerDec  bsp_timer.o
    0x08002264   0x08002264   0x00000050   Code   RO          243    i.bsp_StartAutoTimer  bsp_timer.o
    0x080022b4   0x080022b4   0x0000000c   Code   RO          195    i.delay_ms          bsp.o
    0x080022c0   0x080022c0   0x0000000c   Code   RO          196    i.delay_us          bsp.o
    0x080022cc   0x080022cc   0x0000001c   Code   RO          364    i.fputc             bsp_uart1.o
    0x080022e8   0x080022e8   0x00000020   Code   RO          632    i.getCheckSum       bsp_co2.o
    0x08002308   0x08002308   0x00000020   Code   RO          659    i.getCheckSum       bsp_pm25.o
    0x08002328   0x08002328   0x000000ec   Code   RO            3    i.main              main.o
    0x08002414   0x08002414   0x000001e4   Code   RO         2045    i.sensor_Upload     sensor_data.o
    0x080025f8   0x080025f8   0x00000278   Code   RO         2061    i.usart2_cmd        usart1_cmd.o
    0x08002870   0x08002870   0x00000062   Code   RO         2147    x$fpl$d2f           fz_ws.l(d2f.o)
    0x080028d2   0x080028d2   0x00000002   PAD
    0x080028d4   0x080028d4   0x00000150   Code   RO         2149    x$fpl$dadd          fz_ws.l(daddsub_clz.o)
    0x08002a24   0x08002a24   0x000002b0   Code   RO         2156    x$fpl$ddiv          fz_ws.l(ddiv.o)
    0x08002cd4   0x08002cd4   0x00000026   Code   RO         2159    x$fpl$dfltu         fz_ws.l(dflt_clz.o)
    0x08002cfa   0x08002cfa   0x00000002   PAD
    0x08002cfc   0x08002cfc   0x00000154   Code   RO         2165    x$fpl$dmul          fz_ws.l(dmul.o)
    0x08002e50   0x08002e50   0x0000009c   Code   RO         2185    x$fpl$dnaninf       fz_ws.l(dnaninf.o)
    0x08002eec   0x08002eec   0x0000000c   Code   RO         2187    x$fpl$dretinf       fz_ws.l(dretinf.o)
    0x08002ef8   0x08002ef8   0x000001d4   Code   RO         2151    x$fpl$dsub          fz_ws.l(daddsub_clz.o)
    0x080030cc   0x080030cc   0x00000018   Code   RO         2215    x$fpl$fcmpinf       fz_ws.l(fcmpi.o)
    0x080030e4   0x080030e4   0x00000026   Code   RO         2167    x$fpl$ffltu         fz_ws.l(fflt_clz.o)
    0x0800310a   0x0800310a   0x00000002   PAD
    0x0800310c   0x0800310c   0x00000068   Code   RO         2189    x$fpl$fleqf         fz_ws.l(fleqf.o)
    0x08003174   0x08003174   0x0000008c   Code   RO         2217    x$fpl$fnaninf       fz_ws.l(fnaninf.o)
    0x08003200   0x08003200   0x0000000a   Code   RO         2191    x$fpl$fretinf       fz_ws.l(fretinf.o)
    0x0800320a   0x0800320a   0x00000062   Code   RO         2173    x$fpl$frleqf        fz_ws.l(frleqf.o)
    0x0800326c   0x0800326c   0x00000000   Code   RO         2193    x$fpl$usenofp       fz_ws.l(usenofp.o)
    0x0800326c   0x0800326c   0x00000009   Data   RO          634    .constdata          bsp_co2.o
    0x08003275   0x08003275   0x00000009   Data   RO          661    .constdata          bsp_pm25.o
    0x0800327e   0x0800327e   0x00000028   Data   RO         2102    .constdata          c_w.l(_printf_hex_int.o)
    0x080032a6   0x080032a6   0x00000011   Data   RO         2132    .constdata          c_w.l(__printf_flags_wp.o)
    0x080032b7   0x080032b7   0x00000001   PAD
    0x080032b8   0x080032b8   0x00000047   Data   RO            4    .conststring        main.o
    0x080032ff   0x080032ff   0x00000001   PAD
    0x08003300   0x08003300   0x00000020   Data   RO         2354    Region$$Table       anon$$obj.o


    Execution Region RW_IRAM1 (Exec base: 0x20000000, Load base: 0x08003320, Size: 0x00000c78, Max: 0x00005000, ABSOLUTE, COMPRESSED[0x00000024])

    Exec Addr    Load Addr    Size         Type   Attr      Idx    E Section Name        Object

    0x20000000   COMPRESSED   0x0000000d   Data   RW          247    .data               bsp_timer.o
    0x2000000d   COMPRESSED   0x00000003   PAD
    0x20000010   COMPRESSED   0x00000008   Data   RW          366    .data               bsp_uart1.o
    0x20000018   COMPRESSED   0x00000008   Data   RW          471    .data               bsp_sht30.o
    0x20000020   COMPRESSED   0x00000001   Data   RW          561    .data               bsp_uart2.o
    0x20000021   COMPRESSED   0x00000001   Data   RW          598    .data               bsp_uart3.o
    0x20000022   COMPRESSED   0x00000005   Data   RW          761    .data               bsp_iosensor.o
    0x20000027   COMPRESSED   0x00000001   PAD
    0x20000028   COMPRESSED   0x00000014   Data   RW          876    .data               system_stm32f10x.o
    0x2000003c   COMPRESSED   0x00000014   Data   RW         1095    .data               stm32f10x_rcc.o
    0x20000050   COMPRESSED   0x00000100   Data   RW         2046    .data               sensor_data.o
    0x20000150        -       0x00000030   Zero   RW          246    .bss                bsp_timer.o
    0x20000180        -       0x00000400   Zero   RW          365    .bss                bsp_uart1.o
    0x20000580        -       0x00000040   Zero   RW          560    .bss                bsp_uart2.o
    0x200005c0        -       0x00000040   Zero   RW          597    .bss                bsp_uart3.o
    0x20000600        -       0x0000000a   Zero   RW          633    .bss                bsp_co2.o
    0x2000060a        -       0x0000000a   Zero   RW          660    .bss                bsp_pm25.o
    0x20000614        -       0x00000060   Zero   RW         2232    .bss                c_w.l(libspace.o)
    0x20000674   COMPRESSED   0x00000004   PAD
    0x20000678        -       0x00000200   Zero   RW          907    HEAP                startup_stm32f10x_md.o
    0x20000878        -       0x00000400   Zero   RW          906    STACK               startup_stm32f10x_md.o


==============================================================================

Image component sizes


      Code (inc. data)   RO Data    RW Data    ZI Data      Debug   Object Name

        74          0          0          0          0       2517   bsp.o
        88         16          0          0          0       1322   bsp_beep.o
       156         14          9          0         10       2095   bsp_co2.o
       228         28          0          0          0       2409   bsp_fan.o
       732         98          0          0          0       4169   bsp_i2c_gpio.o
       344         40          0          5          0       2932   bsp_iosensor.o
       368         64          0          0          0       3826   bsp_opt3001.o
       156         14          9          0         10       2110   bsp_pm25.o
       412         26          0          0          0       2591   bsp_relay.o
       432         32          0          8          0       3358   bsp_sht30.o
       614         68          0         13         48      20534   bsp_timer.o
       388         44          0          8       1024       5016   bsp_uart1.o
       392         38          0          1         64       3051   bsp_uart2.o
       396         40          0          1         64       3051   bsp_uart3.o
         0          0          0          0          0         32   core_cm3.o
       760        422         71          0          0     236359   main.o
       132         22          0          0          0       1611   misc.o
       484         66          0        256          0       2015   sensor_data.o
        64         26        236          0       1536        880   startup_stm32f10x_md.o
       200         18          0          0          0       2212   stm32f10x_exti.o
       494         10          0          0          0       4616   stm32f10x_gpio.o
        60          6          0          0          0       3448   stm32f10x_it.o
       308         38          0         20          0       5119   stm32f10x_rcc.o
       442          6          0          0          0       6341   stm32f10x_usart.o
       328         28          0         20          0       2161   system_stm32f10x.o
       660         14          0          0          0       1856   usart1_cmd.o

    ----------------------------------------------------------------------
      8730       1178        358        336       2756     325631   Object Totals
         0          0         32          0          0          0   (incl. Generated)
        18          0          1          4          0          0   (incl. Padding)

    ----------------------------------------------------------------------

      Code (inc. data)   RO Data    RW Data    ZI Data      Debug   Library Member Name

        90          0          0          0          0          0   __dczerorl2.o
         8          0          0          0          0         68   __main.o
       312          4         17          0          0         92   __printf_flags_wp.o
        14          0          0          0          0         68   __printf_wp.o
         0          0          0          0          0          0   __rtentry.o
        12          0          0          0          0          0   __rtentry2.o
         6          0          0          0          0          0   __rtentry4.o
        52          8          0          0          0          0   __scatter.o
        28          0          0          0          0          0   __scatter_zi.o
        44          0          0          0          0        108   _printf_char.o
        48          6          0          0          0         96   _printf_char_common.o
        36          4          0          0          0         80   _printf_char_file.o
         6          0          0          0          0          0   _printf_d.o
       120         16          0          0          0         92   _printf_dec.o
        88          4         40          0          0         88   _printf_hex_int.o
       178          0          0          0          0         88   _printf_intcommon.o
        78          0          0          0          0        108   _printf_pad.o
         0          0          0          0          0          0   _printf_percent.o
         4          0          0          0          0          0   _printf_percent_end.o
         6          0          0          0          0          0   _printf_s.o
        82          0          0          0          0         80   _printf_str.o
         6          0          0          0          0          0   _printf_x.o
        18          0          0          0          0         80   exit.o
         8          0          0          0          0         68   ferror.o
         6          0          0          0          0        152   heapauxi.o
         2          0          0          0          0          0   libinit.o
         2          0          0          0          0          0   libinit2.o
         2          0          0          0          0          0   libshutdown.o
         2          0          0          0          0          0   libshutdown2.o
         8          4          0          0         96         68   libspace.o
        24          4          0          0          0         84   noretval__2printf.o
         2          0          0          0          0          0   rtexit.o
        10          0          0          0          0          0   rtexit2.o
        74          0          0          0          0         80   sys_stackheap_outer.o
         2          0          0          0          0         68   use_no_semi.o
         2          0          0          0          0         68   use_no_semi_2.o
        98          4          0          0          0         92   d2f.o
       804         16          0          0          0        272   daddsub_clz.o
       688        140          0          0          0        208   ddiv.o
        38          0          0          0          0         68   dflt_clz.o
       340         12          0          0          0        104   dmul.o
       156          4          0          0          0         92   dnaninf.o
        12          0          0          0          0         68   dretinf.o
        24          0          0          0          0         68   fcmpi.o
        38          0          0          0          0         68   fflt_clz.o
       104          4          0          0          0         84   fleqf.o
       140          4          0          0          0         84   fnaninf.o
        10          0          0          0          0         68   fretinf.o
        98          0          0          0          0         68   frleqf.o
         0          0          0          0          0          0   usenofp.o

    ----------------------------------------------------------------------
      3942        234         58          0        100       2980   Library Totals
        12          0          1          0          4          0   (incl. Padding)

    ----------------------------------------------------------------------

      Code (inc. data)   RO Data    RW Data    ZI Data      Debug   Library Name

      1380         50         57          0         96       1636   c_w.l
      2550        184          0          0          0       1344   fz_ws.l

    ----------------------------------------------------------------------
      3942        234         58          0        100       2980   Library Totals

    ----------------------------------------------------------------------

==============================================================================


      Code (inc. data)   RO Data    RW Data    ZI Data      Debug   

     12672       1412        416        336       2856     321587   Grand Totals
     12672       1412        416         36       2856     321587   ELF Image Totals (compressed)
     12672       1412        416         36          0          0   ROM Totals

==============================================================================

    Total RO  Size (Code + RO Data)                13088 (  12.78kB)
    Total RW  Size (RW Data + ZI Data)              3192 (   3.12kB)
    Total ROM Size (Code + RO Data + RW Data)      13124 (  12.82kB)

==============================================================================

