Component: ARM Compiler 5.06 update 6 (build 750) Tool: armlink [4d35ed]

==============================================================================

Section Cross References

    main.o(i.PrintfHelp) refers to noretval__2printf.o(.text) for __2printf
    main.o(i.PrintfLogo) refers to _printf_pad.o(.text) for _printf_pre_padding
    main.o(i.PrintfLogo) refers to _printf_percent.o(.ARM.Collect$$_printf_percent$$00000000) for _printf_percent
    main.o(i.PrintfLogo) refers to _printf_x.o(.ARM.Collect$$_printf_percent$$0000000C) for _printf_x
    main.o(i.PrintfLogo) refers to _printf_hex_int.o(.text) for _printf_longlong_hex
    main.o(i.PrintfLogo) refers to _printf_s.o(.ARM.Collect$$_printf_percent$$00000014) for _printf_s
    main.o(i.PrintfLogo) refers to _printf_str.o(.text) for _printf_str
    main.o(i.PrintfLogo) refers to _printf_d.o(.ARM.Collect$$_printf_percent$$00000009) for _printf_d
    main.o(i.PrintfLogo) refers to _printf_dec.o(.text) for _printf_int_dec
    main.o(i.PrintfLogo) refers to noretval__2printf.o(.text) for __2printf
    main.o(i.Show_LCD) refers to bsp_nt35310_lcd.o(i.LCD_Fill) for LCD_Fill
    main.o(i.Show_LCD) refers to bsp_nt35310_lcd.o(i.LCD_DrawRectangle) for LCD_DrawRectangle
    main.o(i.Show_LCD) refers to bsp_nt35310_lcd.o(i.LCD_Draw_Circle) for LCD_Draw_Circle
    main.o(i.Show_LCD) refers to bsp_nt35310_lcd.o(i.LCD_ShowPicture) for LCD_ShowPicture
    main.o(i.Show_LCD) refers to bsp_nt35310_lcd.o(i.LCD_ShowChinese) for LCD_ShowChinese
    main.o(i.Show_LCD) refers to bsp_nt35310_lcd.o(i.LCD_ShowChar) for LCD_ShowChar
    main.o(i.Show_LCD) refers to bsp_nt35310_lcd.o(.data) for BACK_COLOR
    main.o(i.Show_LCD) refers to main.o(.constdata) for gImage_logo
    main.o(i.main) refers to bsp.o(i.bsp_Init) for bsp_Init
    main.o(i.main) refers to main.o(i.PrintfLogo) for PrintfLogo
    main.o(i.main) refers to main.o(i.PrintfHelp) for PrintfHelp
    main.o(i.main) refers to bsp_28byj48.o(i.bsp_InitSM28BYJ48) for bsp_InitSM28BYJ48
    main.o(i.main) refers to bsp_nt35310_lcd.o(i.TFTLCD_Init) for TFTLCD_Init
    main.o(i.main) refers to main.o(i.Show_LCD) for Show_LCD
    main.o(i.main) refers to bsp_timer.o(i.bsp_StartAutoTimer) for bsp_StartAutoTimer
    main.o(i.main) refers to bsp_timer.o(i.bsp_CheckTimer) for bsp_CheckTimer
    main.o(i.main) refers to bsp_uart4.o(i.usart4_cmd_receive) for usart4_cmd_receive
    main.o(i.main) refers to bsp_uart.o(i.usart1_cmd_receive) for usart1_cmd_receive
    main.o(i.main) refers to bsp_uart2.o(i.usart2_cmd_receive) for usart2_cmd_receive
    main.o(i.main) refers to frleqf.o(x$fpl$frleqf) for __aeabi_cfrcmple
    main.o(i.main) refers to bsp_28byj48.o(i.test_fun) for test_fun
    main.o(i.main) refers to bsp_rc522.o(i.bsp_InitRc522) for bsp_InitRc522
    main.o(i.main) refers to bsp_rc522.o(i.PcdReset) for PcdReset
    main.o(i.main) refers to bsp_rc522.o(i.M500PcdConfigISOType) for M500PcdConfigISOType
    main.o(i.main) refers to bsp_rc522.o(i.IC_Verify) for IC_Verify
    main.o(i.main) refers to ffixu.o(x$fpl$ffixu) for __aeabi_f2uiz
    main.o(i.main) refers to bsp_nt35310_lcd.o(i.LCD_ShowxNum) for LCD_ShowxNum
    main.o(i.main) refers to fmul.o(x$fpl$fmul) for __aeabi_fmul
    main.o(i.main) refers to bsp_nt35310_lcd.o(i.LCD_ShowPicture) for LCD_ShowPicture
    main.o(i.main) refers to bsp_nt35310_lcd.o(i.LCD_ShowChinese) for LCD_ShowChinese
    main.o(i.main) refers to bsp_voice.o(i.Data_Verify_Calc) for Data_Verify_Calc
    main.o(i.main) refers to bsp_uart5.o(i.UART5_Send_Data) for UART5_Send_Data
    main.o(i.main) refers to bsp_uart5.o(i.Uart5_STA_Clr) for Uart5_STA_Clr
    main.o(i.main) refers to bsp_uart4.o(.data) for temp
    main.o(i.main) refers to main.o(.constdata) for gImage_person_2
    main.o(i.main) refers to bsp_nt35310_lcd.o(.data) for POINT_COLOR
    main.o(i.main) refers to bsp_voice.o(.data) for alarm_buf
    main.o(i.main) refers to bsp_nt35310_lcd.o(i.LCD_ShowString) for LCD_ShowString
    bsp.o(i.bsp_Init) refers to misc.o(i.NVIC_PriorityGroupConfig) for NVIC_PriorityGroupConfig
    bsp.o(i.bsp_Init) refers to bsp_led.o(i.bsp_InitLed) for bsp_InitLed
    bsp.o(i.bsp_Init) refers to bsp_key.o(i.bsp_InitKey) for bsp_InitKey
    bsp.o(i.bsp_Init) refers to bsp_uart.o(i.bsp_InitUart) for bsp_InitUart
    bsp.o(i.bsp_Init) refers to bsp_uart2.o(i.bsp_InitUart2) for bsp_InitUart2
    bsp.o(i.bsp_Init) refers to bsp_uart4.o(i.bsp_InitUart4) for bsp_InitUart4
    bsp.o(i.bsp_Init) refers to bsp_uart5.o(i.bsp_InitUart5) for bsp_InitUart5
    bsp.o(i.bsp_Init) refers to bsp_timer.o(i.bsp_InitTimer) for bsp_InitTimer
    bsp.o(i.bsp_RunPer10ms) refers to bsp_key.o(i.bsp_KeyScan) for bsp_KeyScan
    bsp.o(i.delay_ms) refers to bsp_timer.o(i.bsp_DelayMS) for bsp_DelayMS
    bsp.o(i.delay_us) refers to bsp_timer.o(i.bsp_DelayUS) for bsp_DelayUS
    bsp_led.o(i.bsp_InitLed) refers to stm32f10x_rcc.o(i.RCC_APB2PeriphClockCmd) for RCC_APB2PeriphClockCmd
[...]
    i.FSMC_NORSRAMCmd                        0x080006d0   Section        0  stm32f10x_fsmc.o(i.FSMC_NORSRAMCmd)
    i.FSMC_NORSRAMInit                       0x08000704   Section        0  stm32f10x_fsmc.o(i.FSMC_NORSRAMInit)
    i.GPIO_Init                              0x080007ea   Section        0  stm32f10x_gpio.o(i.GPIO_Init)
    i.GPIO_PinRemapConfig                    0x08000900   Section        0  stm32f10x_gpio.o(i.GPIO_PinRemapConfig)
    i.GPIO_ResetBits                         0x08000990   Section        0  stm32f10x_gpio.o(i.GPIO_ResetBits)
    i.GPIO_SetBits                           0x08000994   Section        0  stm32f10x_gpio.o(i.GPIO_SetBits)
    i.HardFault_Handler                      0x08000998   Section        0  stm32f10x_it.o(i.HardFault_Handler)
    i.IC_Verify                              0x080009c0   Section        0  bsp_rc522.o(i.IC_Verify)
    i.IsKeyDown1                             0x08000a3c   Section        0  bsp_key.o(i.IsKeyDown1)
    IsKeyDown1                               0x08000a3d   Thumb Code    38  bsp_key.o(i.IsKeyDown1)
    i.IsKeyDown2                             0x08000a6c   Section        0  bsp_key.o(i.IsKeyDown2)
    IsKeyDown2                               0x08000a6d   Thumb Code    38  bsp_key.o(i.IsKeyDown2)
    i.IsKeyDown3                             0x08000a9c   Section        0  bsp_key.o(i.IsKeyDown3)
    IsKeyDown3                               0x08000a9d   Thumb Code    38  bsp_key.o(i.IsKeyDown3)
    i.IsKeyDown4                             0x08000acc   Section        0  bsp_key.o(i.IsKeyDown4)
    IsKeyDown4                               0x08000acd   Thumb Code    38  bsp_key.o(i.IsKeyDown4)
    i.IsKeyDown5                             0x08000afc   Section        0  bsp_key.o(i.IsKeyDown5)
    IsKeyDown5                               0x08000afd   Thumb Code    38  bsp_key.o(i.IsKeyDown5)
    i.IsKeyDown6                             0x08000b2c   Section        0  bsp_key.o(i.IsKeyDown6)
    IsKeyDown6                               0x08000b2d   Thumb Code    38  bsp_key.o(i.IsKeyDown6)
    i.LCD_Clear                              0x08000b5c   Section        0  bsp_nt35310_lcd.o(i.LCD_Clear)
    i.LCD_Display_Dir                        0x08000b8c   Section        0  bsp_nt35310_lcd.o(i.LCD_Display_Dir)
    i.LCD_DrawLine                           0x08000bdc   Section        0  bsp_nt35310_lcd.o(i.LCD_DrawLine)
    i.LCD_DrawPoint                          0x08000c8c   Section        0  bsp_nt35310_lcd.o(i.LCD_DrawPoint)
    i.LCD_DrawRectangle                      0x08000cac   Section        0  bsp_nt35310_lcd.o(i.LCD_DrawRectangle)
    i.LCD_Draw_Circle                        0x08000ce8   Section        0  bsp_nt35310_lcd.o(i.LCD_Draw_Circle)
    i.LCD_Fast_DrawPoint                     0x08000d80   Section        0  bsp_nt35310_lcd.o(i.LCD_Fast_DrawPoint)
    i.LCD_Fill                               0x08000dc0   Section        0  bsp_nt35310_lcd.o(i.LCD_Fill)
    i.LCD_Pow                                0x08000e10   Section        0  bsp_nt35310_lcd.o(i.LCD_Pow)
    i.LCD_RD_DATA                            0x08000e28   Section        0  bsp_nt35310_lcd.o(i.LCD_RD_DATA)
    i.LCD_Scan_Dir                           0x08000e34   Section        0  bsp_nt35310_lcd.o(i.LCD_Scan_Dir)
    i.LCD_SetCursor                          0x08000f5c   Section        0  bsp_nt35310_lcd.o(i.LCD_SetCursor)
    i.LCD_ShowChar                           0x08000f90   Section        0  bsp_nt35310_lcd.o(i.LCD_ShowChar)
    i.LCD_ShowChinese                        0x080010b8   Section        0  bsp_nt35310_lcd.o(i.LCD_ShowChinese)
    i.LCD_ShowPicture                        0x08001184   Section        0  bsp_nt35310_lcd.o(i.LCD_ShowPicture)
    i.LCD_ShowString                         0x080011c6   Section        0  bsp_nt35310_lcd.o(i.LCD_ShowString)
    i.LCD_ShowxNum                           0x0800122c   Section        0  bsp_nt35310_lcd.o(i.LCD_ShowxNum)
    i.LCD_WR_DATA                            0x080012ec   Section        0  bsp_nt35310_lcd.o(i.LCD_WR_DATA)
    i.LCD_WR_REG                             0x080012f8   Section        0  bsp_nt35310_lcd.o(i.LCD_WR_REG)
    i.LCD_WriteRAM_Prepare                   0x08001304   Section        0  bsp_nt35310_lcd.o(i.LCD_WriteRAM_Prepare)
    i.LCD_WriteReg                           0x08001314   Section        0  bsp_nt35310_lcd.o(i.LCD_WriteReg)
    i.M500PcdConfigISOType                   0x08001328   Section        0  bsp_rc522.o(i.M500PcdConfigISOType)
    i.MemManage_Handler                      0x0800137c   Section        0  stm32f10x_it.o(i.MemManage_Handler)
    i.NMI_Handler                            0x08001380   Section        0  stm32f10x_it.o(i.NMI_Handler)
    i.NT35310_REG_Config                     0x08001382   Section        0  bsp_nt35310_lcd.o(i.NT35310_REG_Config)
    NT35310_REG_Config                       0x08001383   Thumb Code  3820  bsp_nt35310_lcd.o(i.NT35310_REG_Config)
    i.NVIC_Init                              0x08002270   Section        0  misc.o(i.NVIC_Init)
    i.NVIC_PriorityGroupConfig               0x080022e0   Section        0  misc.o(i.NVIC_PriorityGroupConfig)
    i.PcdAntennaOn                           0x080022f4   Section        0  bsp_rc522.o(i.PcdAntennaOn)
    i.PcdAnticoll                            0x0800230e   Section        0  bsp_rc522.o(i.PcdAnticoll)
    i.PcdComMF522                            0x08002380   Section        0  bsp_rc522.o(i.PcdComMF522)
    i.PcdRequest                             0x080024b2   Section        0  bsp_rc522.o(i.PcdRequest)
    i.PcdReset                               0x08002508   Section        0  bsp_rc522.o(i.PcdReset)
    i.PendSV_Handler                         0x08002588   Section        0  stm32f10x_it.o(i.PendSV_Handler)
    i.PrintfHelp                             0x0800258c   Section        0  main.o(i.PrintfHelp)
    PrintfHelp                               0x0800258d   Thumb Code    28  main.o(i.PrintfHelp)
    i.PrintfLogo                             0x08002600   Section        0  main.o(i.PrintfLogo)
    PrintfLogo                               0x08002601   Thumb Code    96  main.o(i.PrintfLogo)
    i.RCC_AHBPeriphClockCmd                  0x080027b4   Section        0  stm32f10x_rcc.o(i.RCC_AHBPeriphClockCmd)
    i.RCC_APB1PeriphClockCmd                 0x080027d4   Section        0  stm32f10x_rcc.o(i.RCC_APB1PeriphClockCmd)
    i.RCC_APB1PeriphResetCmd                 0x080027f4   Section        0  stm32f10x_rcc.o(i.RCC_APB1PeriphResetCmd)
    i.RCC_APB2PeriphClockCmd                 0x08002814   Section        0  stm32f10x_rcc.o(i.RCC_APB2PeriphClockCmd)
    i.RCC_GetClocksFreq                      0x08002834   Section        0  stm32f10x_rcc.o(i.RCC_GetClocksFreq)
    i.ReadRawRC                              0x08002908   Section        0  bsp_rc522.o(i.ReadRawRC)
    i.SPI_Cmd                                0x08002940   Section        0  stm32f10x_spi.o(i.SPI_Cmd)
    i.SPI_GPIO_Configuration                 0x08002958   Section        0  bsp_spi.o(i.SPI_GPIO_Configuration)
    SPI_GPIO_Configuration                   0x08002959   Thumb Code   246  bsp_spi.o(i.SPI_GPIO_Configuration)
    i.SPI_I2S_GetFlagStatus                  0x08002a5c   Section        0  stm32f10x_spi.o(i.SPI_I2S_GetFlagStatus)
    i.SPI_I2S_ReceiveData                    0x08002a6e   Section        0  stm32f10x_spi.o(i.SPI_I2S_ReceiveData)
    i.SPI_I2S_SendData                       0x08002a74   Section        0  stm32f10x_spi.o(i.SPI_I2S_SendData)
    i.SPI_Init                               0x08002a78   Section        0  stm32f10x_spi.o(i.SPI_Init)
    i.SPI_RC522_ReadByte                     0x08002ab4   Section        0  bsp_rc522.o(i.SPI_RC522_ReadByte)
    i.SPI_RC522_SendByte                     0x08002ac0   Section        0  bsp_rc522.o(i.SPI_RC522_SendByte)
    i.SPI_RCC_Configuration                  0x08002ad4   Section        0  bsp_spi.o(i.SPI_RCC_Configuration)
    SPI_RCC_Configuration                    0x08002ad5   Thumb Code    30  bsp_spi.o(i.SPI_RCC_Configuration)
    i.SPIx_ReadWriteByte                     0x08002af8   Section        0  bsp_spi.o(i.SPIx_ReadWriteByte)
    i.SVC_Handler                            0x08002b48   Section        0  stm32f10x_it.o(i.SVC_Handler)
    i.SetBitMask                             0x08002b4a   Section        0  bsp_rc522.o(i.SetBitMask)
    i.SetSysClock                            0x08002b66   Section        0  system_stm32f10x.o(i.SetSysClock)
    SetSysClock                              0x08002b67   Thumb Code     8  system_stm32f10x.o(i.SetSysClock)
    i.SetSysClockTo72                        0x08002b70   Section        0  system_stm32f10x.o(i.SetSysClockTo72)
    SetSysClockTo72                          0x08002b71   Thumb Code   214  system_stm32f10x.o(i.SetSysClockTo72)
    i.Show_LCD                               0x08002c50   Section        0  main.o(i.Show_LCD)
    Show_LCD                                 0x08002c51   Thumb Code  1200  main.o(i.Show_LCD)
    i.SysTick_Handler                        0x08003100   Section        0  bsp_timer.o(i.SysTick_Handler)
    i.SysTick_ISR                            0x08003108   Section        0  bsp_timer.o(i.SysTick_ISR)
    i.SystemInit                             0x0800318c   Section        0  system_stm32f10x.o(i.SystemInit)
    i.TFTLCD_FSMC_Config                     0x080031ec   Section        0  bsp_nt35310_lcd.o(i.TFTLCD_FSMC_Config)
    TFTLCD_FSMC_Config                       0x080031ed   Thumb Code   116  bsp_nt35310_lcd.o(i.TFTLCD_FSMC_Config)
    i.TFTLCD_GPIO_Config                     0x08003260   Section        0  bsp_nt35310_lcd.o(i.TFTLCD_GPIO_Config)
    TFTLCD_GPIO_Config                       0x08003261   Thumb Code   396  bsp_nt35310_lcd.o(i.TFTLCD_GPIO_Config)
    i.TFTLCD_Init                            0x080033fc   Section        0  bsp_nt35310_lcd.o(i.TFTLCD_Init)
    i.UART4_IRQHandler                       0x0800346c   Section        0  bsp_uart4.o(i.UART4_IRQHandler)
    i.UART5_IRQHandler                       0x080034b4   Section        0  bsp_uart5.o(i.UART5_IRQHandler)
    i.UART5_Send_Data                        0x08003518   Section        0  bsp_uart5.o(i.UART5_Send_Data)
    i.USART1_IRQHandler                      0x08003560   Section        0  bsp_uart.o(i.USART1_IRQHandler)
    i.USART1_Send_Data                       0x080035c0   Section        0  bsp_uart.o(i.USART1_Send_Data)
    i.USART2_IRQHandler                      0x080035fc   Section        0  bsp_uart2.o(i.USART2_IRQHandler)
    i.USART2_Send_Data                       0x08003644   Section        0  bsp_uart2.o(i.USART2_Send_Data)
    i.USART4_Send_Data                       0x08003680   Section        0  bsp_uart4.o(i.USART4_Send_Data)
    i.USART_Cmd                              0x080036bc   Section        0  stm32f10x_usart.o(i.USART_Cmd)
    i.USART_GetFlagStatus                    0x080036d4   Section        0  stm32f10x_usart.o(i.USART_GetFlagStatus)
    i.USART_GetITStatus                      0x080036ee   Section        0  stm32f10x_usart.o(i.USART_GetITStatus)
    i.USART_ITConfig                         0x08003742   Section        0  stm32f10x_usart.o(i.USART_ITConfig)
    i.USART_Init                             0x0800378c   Section        0  stm32f10x_usart.o(i.USART_Init)
    i.USART_ReceiveData                      0x08003864   Section        0  stm32f10x_usart.o(i.USART_ReceiveData)
    i.USART_SendData                         0x0800386e   Section        0  stm32f10x_usart.o(i.USART_SendData)
    i.Uart0_STA_Clr                          0x08003878   Section        0  bsp_uart.o(i.Uart0_STA_Clr)
    i.Uart2_STA_Clr                          0x0800388c   Section        0  bsp_uart2.o(i.Uart2_STA_Clr)
    i.Uart4_STA_Clr                          0x080038a0   Section        0  bsp_uart4.o(i.Uart4_STA_Clr)
    i.Uart5_STA_Clr                          0x080038b4   Section        0  bsp_uart5.o(i.Uart5_STA_Clr)
    i.UsageFault_Handler                     0x080038c8   Section        0  stm32f10x_it.o(i.UsageFault_Handler)
    i.WriteRawRC                             0x080038cc   Section        0  bsp_rc522.o(i.WriteRawRC)
    i.__set_PRIMASK                          0x080038fc   Section        0  bsp_timer.o(i.__set_PRIMASK)
    __set_PRIMASK                            0x080038fd   Thumb Code     6  bsp_timer.o(i.__set_PRIMASK)
    i._is_digit                              0x08003902   Section        0  __printf_wp.o(i._is_digit)
    i._sys_exit                              0x08003910   Section        0  bsp_uart.o(i._sys_exit)
    i.bsp_CheckTimer                         0x08003914   Section        0  bsp_timer.o(i.bsp_CheckTimer)
    i.bsp_DelayMS                            0x08003948   Section        0  bsp_timer.o(i.bsp_DelayMS)
    i.bsp_DelayUS                            0x0800398c   Section        0  bsp_timer.o(i.bsp_DelayUS)
    i.bsp_DetectKey                          0x080039e0   Section        0  bsp_key.o(i.bsp_DetectKey)
    bsp_DetectKey                            0x080039e1   Thumb Code   198  bsp_key.o(i.bsp_DetectKey)
    i.bsp_Idle                               0x08003aac   Section        0  bsp.o(i.bsp_Idle)
    i.bsp_Init                               0x08003aae   Section        0  bsp.o(i.bsp_Init)
    i.bsp_InitKey                            0x08003ae6   Section        0  bsp_key.o(i.bsp_InitKey)
    i.bsp_InitKeyHard                        0x08003af4   Section        0  bsp_key.o(i.bsp_InitKeyHard)
    bsp_InitKeyHard                          0x08003af5   Thumb Code   100  bsp_key.o(i.bsp_InitKeyHard)
    i.bsp_InitKeyVar                         0x08003b64   Section        0  bsp_key.o(i.bsp_InitKeyVar)
    bsp_InitKeyVar                           0x08003b65   Thumb Code    96  bsp_key.o(i.bsp_InitKeyVar)
    i.bsp_InitLed                            0x08003be4   Section        0  bsp_led.o(i.bsp_InitLed)
    i.bsp_InitRc522                          0x08003c30   Section        0  bsp_rc522.o(i.bsp_InitRc522)
    i.bsp_InitSM28BYJ48                      0x08003ce0   Section        0  bsp_28byj48.o(i.bsp_InitSM28BYJ48)
    i.bsp_InitSPIx                           0x08003d54   Section        0  bsp_spi.o(i.bsp_InitSPIx)
    i.bsp_InitTimer                          0x08003db0   Section        0  bsp_timer.o(i.bsp_InitTimer)
    i.bsp_InitUart                           0x08003e4c   Section        0  bsp_uart.o(i.bsp_InitUart)
    i.bsp_InitUart2                          0x08003efc   Section        0  bsp_uart2.o(i.bsp_InitUart2)
    i.bsp_InitUart4                          0x08003fac   Section        0  bsp_uart4.o(i.bsp_InitUart4)
    i.bsp_InitUart5                          0x08004060   Section        0  bsp_uart5.o(i.bsp_InitUart5)
    i.bsp_KeyScan                            0x08004120   Section        0  bsp_key.o(i.bsp_KeyScan)
    i.bsp_PutKey                             0x08004138   Section        0  bsp_key.o(i.bsp_PutKey)
    i.bsp_RunPer10ms                         0x08004158   Section        0  bsp.o(i.bsp_RunPer10ms)
    i.bsp_RunPer1ms                          0x08004160   Section        0  bsp.o(i.bsp_RunPer1ms)
    i.bsp_SoftTimerDec                       0x08004162   Section        0  bsp_timer.o(i.bsp_SoftTimerDec)
    bsp_SoftTimerDec                         0x08004163   Thumb Code    28  bsp_timer.o(i.bsp_SoftTimerDec)
    i.bsp_StartAutoTimer                     0x08004180   Section        0  bsp_timer.o(i.bsp_StartAutoTimer)
    i.bsp_StartTimer                         0x080041d0   Section        0  bsp_timer.o(i.bsp_StartTimer)
    i.delay_ms                               0x0800421c   Section        0  bsp.o(i.delay_ms)
    i.delay_us                               0x08004228   Section        0  bsp.o(i.delay_us)
    i.fputc                                  0x08004234   Section        0  bsp_uart.o(i.fputc)
    i.main                                   0x08004250   Section        0  main.o(i.main)
    i.motPowerOn                             0x08004858   Section        0  bsp_28byj48.o(i.motPowerOn)
    i.test_fun                               0x08004984   Section        0  bsp_28byj48.o(i.test_fun)
    i.usart1_cmd_receive                     0x08004a18   Section        0  bsp_uart.o(i.usart1_cmd_receive)
    i.usart2_cmd_receive                     0x08004a64   Section        0  bsp_uart2.o(i.usart2_cmd_receive)
    i.usart4_cmd_receive                     0x08004a88   Section        0  bsp_uart4.o(i.usart4_cmd_receive)
    x$fpl$fcmpinf                            0x08004c2c   Section       24  fcmpi.o(x$fpl$fcmpinf)
    x$fpl$ffixu                              0x08004c44   Section       62  ffixu.o(x$fpl$ffixu)
    x$fpl$fleqf                              0x08004c84   Section      104  fleqf.o(x$fpl$fleqf)
    x$fpl$fmul                               0x08004cec   Section      258  fmul.o(x$fpl$fmul)
    x$fpl$fnaninf                            0x08004dee   Section      140  fnaninf.o(x$fpl$fnaninf)
    x$fpl$fretinf                            0x08004e7a   Section       10  fretinf.o(x$fpl$fretinf)
    x$fpl$frleqf                             0x08004e84   Section       98  frleqf.o(x$fpl$frleqf)
    .constdata                               0x08004ee6   Section    95648  main.o(.constdata)
    x$fpl$usenofp                            0x08004ee6   Section        0  usenofp.o(x$fpl$usenofp)
    .constdata                               0x0801c486   Section     8736  bsp_nt35310_lcd.o(.constdata)
    .constdata                               0x0801e6a6   Section       40  _printf_hex_int.o(.constdata)
    uc_hextab                                0x0801e6a6   Data          20  _printf_hex_int.o(.constdata)
    lc_hextab                                0x0801e6ba   Data          20  _printf_hex_int.o(.constdata)
    .constdata                               0x0801e6ce   Section       17  __printf_flags_wp.o(.constdata)
    maptable                                 0x0801e6ce   Data          17  __printf_flags_wp.o(.constdata)
    .data                                    0x20000000   Section       13  bsp_timer.o(.data)
    s_uiDelayCount                           0x20000000   Data           4  bsp_timer.o(.data)
    s_ucTimeOutFlag                          0x20000004   Data           1  bsp_timer.o(.data)
    s_count                                  0x2000000c   Data           1  bsp_timer.o(.data)
    .data                                    0x20000010   Section        8  bsp_uart.o(.data)
    .data                                    0x20000018   Section       32  bsp_uart4.o(.data)
    .data                                    0x20000038   Section        4  bsp_uart2.o(.data)
    .data                                    0x2000003c   Section        2  bsp_uart5.o(.data)
    ReceiveState5                            0x2000003d   Data           1  bsp_uart5.o(.data)
    .data                                    0x2000003e   Section       28  bsp_voice.o(.data)
    .data                                    0x2000005a   Section       10  bsp_28byj48.o(.data)
    _index                                   0x2000005a   Data           1  bsp_28byj48.o(.data)
    test                                     0x2000005b   Data           9  bsp_28byj48.o(.data)
    .data                                    0x20000064   Section        4  bsp_nt35310_lcd.o(.data)
    .data                                    0x20000068   Section       20  system_stm32f10x.o(.data)
    .data                                    0x2000007c   Section       20  stm32f10x_rcc.o(.data)
    APBAHBPrescTable                         0x2000007c   Data          16  stm32f10x_rcc.o(.data)
    ADCPrescTable                            0x2000008c   Data           4  stm32f10x_rcc.o(.data)
    .bss                                     0x20000090   Section       48  bsp_timer.o(.bss)
    s_tTmr                                   0x20000090   Data          48  bsp_timer.o(.bss)
    .bss                                     0x200000c0   Section      109  bsp_key.o(.bss)
    s_tBtn                                   0x200000c0   Data          96  bsp_key.o(.bss)
    s_tKey                                   0x20000120   Data          13  bsp_key.o(.bss)
    .bss                                     0x2000012d   Section     1024  bsp_uart.o(.bss)
    .bss                                     0x2000052d   Section       65  bsp_uart4.o(.bss)
    .bss                                     0x2000056e   Section       64  bsp_uart2.o(.bss)
    .bss                                     0x200005ae   Section       64  bsp_uart5.o(.bss)
    .bss                                     0x200005ee   Section       14  bsp_nt35310_lcd.o(.bss)
    .bss                                     0x200005fc   Section       96  libspace.o(.bss)
    HEAP                                     0x20000660   Section      512  startup_stm32f10x_hd.o(HEAP)
    Heap_Mem                                 0x20000660   Data         512  startup_stm32f10x_hd.o(HEAP)
    STACK                                    0x20000860   Section     1024  startup_stm32f10x_hd.o(STACK)
    Stack_Mem                                0x20000860   Data        1024  startup_stm32f10x_hd.o(STACK)
    __initial_sp                             0x20000c60   Data           0  startup_stm32f10x_hd.o(STACK)

    Global Symbols

    Symbol Name                              Value     Ov Type        Size  Object(Section)

    BuildAttributes$$THM_ISAv4$P$D$K$B$S$PE$A:L22UL41UL21$X:L11$S22US41US21$IEEE1$IW$USESV6$~STKCKD$USESV7$~SHL$OSPACE$ROPI$EBA8$UX$STANDARDLIB$REQ8$PRES8$EABIv2 0x00000000   Number         0  anon$$obj.o ABSOLUTE
    __ARM_use_no_argv                        0x00000000   Number         0  main.o ABSOLUTE
    _printf_flags                            0x00000000   Number         0  printf_stubs.o ABSOLUTE
    _printf_return_value                     0x00000000   Number         0  printf_stubs.o ABSOLUTE
    _printf_sizespec                         0x00000000   Number         0  printf_stubs.o ABSOLUTE
    _printf_widthprec                        0x00000000   Number         0  printf_stubs.o ABSOLUTE
    __ARM_exceptions_init                     - Undefined Weak Reference
    __alloca_initialize                       - Undefined Weak Reference
    __arm_preinit_                            - Undefined Weak Reference
    __cpp_initialize__aeabi_                  - Undefined Weak Reference
    __cxa_finalize                            - Undefined Weak Reference
    __rt_locale                               - Undefined Weak Reference
    __sigvec_lookup                           - Undefined Weak Reference
    _atexit_init                              - Undefined Weak Reference
    _call_atexit_fns                          - Undefined Weak Reference
    _clock_init                               - Undefined Weak Reference
    _fp_trap_init                             - Undefined Weak Reference
    _fp_trap_shutdown                         - Undefined Weak Reference
    _get_lc_collate                           - Undefined Weak Reference
    _get_lc_ctype                             - Undefined Weak Reference
    _get_lc_monetary                          - Undefined Weak Reference
    _get_lc_numeric                           - Undefined Weak Reference
    _get_lc_time                              - Undefined Weak Reference
    _getenv_init                              - Undefined Weak Reference
    _handle_redirection                       - Undefined Weak Reference
    _init_alloc                               - Undefined Weak Reference
    _init_user_alloc                          - Undefined Weak Reference
    _initio                                   - Undefined Weak Reference
    _mutex_acquire                            - Undefined Weak Reference
    _mutex_release                            - Undefined Weak Reference
    _printf_mbtowc                            - Undefined Weak Reference
    _printf_truncate_signed                   - Undefined Weak Reference
    _printf_truncate_unsigned                 - Undefined Weak Reference
    _rand_init                                - Undefined Weak Reference
    _signal_finish                            - Undefined Weak Reference
    _signal_init                              - Undefined Weak Reference
    _terminate_alloc                          - Undefined Weak Reference
    _terminate_user_alloc                     - Undefined Weak Reference
    _terminateio                              - Undefined Weak Reference
    __Vectors_Size                           0x00000130   Number         0  startup_stm32f10x_hd.o ABSOLUTE
    __Vectors                                0x08000000   Data           4  startup_stm32f10x_hd.o(RESET)
    __Vectors_End                            0x08000130   Data           0  startup_stm32f10x_hd.o(RESET)
    __main                                   0x08000131   Thumb Code     8  __main.o(!!!main)
    __scatterload                            0x08000139   Thumb Code     0  __scatter.o(!!!scatter)
    __scatterload_rt2                        0x08000139   Thumb Code    44  __scatter.o(!!!scatter)
    __scatterload_rt2_thumb_only             0x08000139   Thumb Code     0  __scatter.o(!!!scatter)
    __scatterload_null                       0x08000147   Thumb Code     0  __scatter.o(!!!scatter)
    __scatterload_copy                       0x0800016d   Thumb Code    26  __scatter_copy.o(!!handler_copy)
    __scatterload_zeroinit                   0x08000189   Thumb Code    28  __scatter_zi.o(!!handler_zi)
    _printf_d                                0x080001a5   Thumb Code     0  _printf_d.o(.ARM.Collect$$_printf_percent$$00000009)
    _printf_percent                          0x080001a5   Thumb Code     0  _printf_percent.o(.ARM.Collect$$_printf_percent$$00000000)
    _printf_x                                0x080001ab   Thumb Code     0  _printf_x.o(.ARM.Collect$$_printf_percent$$0000000C)
    _printf_s                                0x080001b1   Thumb Code     0  _printf_s.o(.ARM.Collect$$_printf_percent$$00000014)
    _printf_percent_end                      0x080001b7   Thumb Code     0  _printf_percent_end.o(.ARM.Collect$$_printf_percent$$00000017)
    __rt_lib_init                            0x080001bb   Thumb Code     0  libinit.o(.ARM.Collect$$libinit$$00000000)
    __rt_lib_init_alloca_1                   0x080001bd   Thumb Code     0  libinit2.o(.ARM.Collect$$libinit$$0000002E)
    __rt_lib_init_argv_1                     0x080001bd   Thumb Code     0  libinit2.o(.ARM.Collect$$libinit$$0000002C)
    __rt_lib_init_atexit_1                   0x080001bd   Thumb Code     0  libinit2.o(.ARM.Collect$$libinit$$0000001B)
    __rt_lib_init_clock_1                    0x080001bd   Thumb Code     0  libinit2.o(.ARM.Collect$$libinit$$00000021)
    __rt_lib_init_cpp_1                      0x080001bd   Thumb Code     0  libinit2.o(.ARM.Collect$$libinit$$00000032)
    __rt_lib_init_exceptions_1               0x080001bd   Thumb Code     0  libinit2.o(.ARM.Collect$$libinit$$00000030)
    __rt_lib_init_fp_1                       0x080001bd   Thumb Code     0  libinit2.o(.ARM.Collect$$libinit$$00000002)
    __rt_lib_init_fp_trap_1                  0x080001bd   Thumb Code     0  libinit2.o(.ARM.Collect$$libinit$$0000001F)
    __rt_lib_init_getenv_1                   0x080001bd   Thumb Code     0  libinit2.o(.ARM.Collect$$libinit$$00000023)
    __rt_lib_init_heap_1                     0x080001bd   Thumb Code     0  libinit2.o(.ARM.Collect$$libinit$$0000000A)
    __rt_lib_init_lc_collate_1               0x080001bd   Thumb Code     0  libinit2.o(.ARM.Collect$$libinit$$00000011)
    __rt_lib_init_lc_ctype_1                 0x080001bd   Thumb Code     0  libinit2.o(.ARM.Collect$$libinit$$00000013)
    __rt_lib_init_lc_monetary_1              0x080001bd   Thumb Code     0  libinit2.o(.ARM.Collect$$libinit$$00000015)
    __rt_lib_init_lc_numeric_1               0x080001bd   Thumb Code     0  libinit2.o(.ARM.Collect$$libinit$$00000017)
    __rt_lib_init_lc_time_1                  0x080001bd   Thumb Code     0  libinit2.o(.ARM.Collect$$libinit$$00000019)
    __rt_lib_init_preinit_1                  0x080001bd   Thumb Code     0  libinit2.o(.ARM.Collect$$libinit$$00000004)
    __rt_lib_init_rand_1                     0x080001bd   Thumb Code     0  libinit2.o(.ARM.Collect$$libinit$$0000000E)
    __rt_lib_init_return                     0x080001bd   Thumb Code     0  libinit2.o(.ARM.Collect$$libinit$$00000033)
    __rt_lib_init_signal_1                   0x080001bd   Thumb Code     0  libinit2.o(.ARM.Collect$$libinit$$0000001D)
    __rt_lib_init_stdio_1                    0x080001bd   Thumb Code     0  libinit2.o(.ARM.Collect$$libinit$$00000025)
    __rt_lib_init_user_alloc_1               0x080001bd   Thumb Code     0  libinit2.o(.ARM.Collect$$libinit$$0000000C)
    __rt_lib_shutdown                        0x080001bf   Thumb Code     0  libshutdown.o(.ARM.Collect$$libshutdown$$00000000)
    __rt_lib_shutdown_cpp_1                  0x080001c1   Thumb Code     0  libshutdown2.o(.ARM.Collect$$libshutdown$$00000002)
    __rt_lib_shutdown_fp_trap_1              0x080001c1   Thumb Code     0  libshutdown2.o(.ARM.Collect$$libshutdown$$00000007)
    __rt_lib_shutdown_heap_1                 0x080001c1   Thumb Code     0  libshutdown2.o(.ARM.Collect$$libshutdown$$0000000F)
    __rt_lib_shutdown_return                 0x080001c1   Thumb Code     0  libshutdown2.o(.ARM.Collect$$libshutdown$$00000010)
    __rt_lib_shutdown_signal_1               0x080001c1   Thumb Code     0  libshutdown2.o(.ARM.Collect$$libshutdown$$0000000A)
    __rt_lib_shutdown_stdio_1                0x080001c1   Thumb Code     0  libshutdown2.o(.ARM.Collect$$libshutdown$$00000004)
    __rt_lib_shutdown_user_alloc_1           0x080001c1   Thumb Code     0  libshutdown2.o(.ARM.Collect$$libshutdown$$0000000C)
    __rt_entry                               0x080001c3   Thumb Code     0  __rtentry.o(.ARM.Collect$$rtentry$$00000000)
    __rt_entry_presh_1                       0x080001c3   Thumb Code     0  __rtentry2.o(.ARM.Collect$$rtentry$$00000002)
    __rt_entry_sh                            0x080001c3   Thumb Code     0  __rtentry4.o(.ARM.Collect$$rtentry$$00000004)
    __rt_entry_li                            0x080001c9   Thumb Code     0  __rtentry2.o(.ARM.Collect$$rtentry$$0000000A)
    __rt_entry_postsh_1                      0x080001c9   Thumb Code     0  __rtentry2.o(.ARM.Collect$$rtentry$$00000009)
    __rt_entry_main                          0x080001cd   Thumb Code     0  __rtentry2.o(.ARM.Collect$$rtentry$$0000000D)
    __rt_entry_postli_1                      0x080001cd   Thumb Code     0  __rtentry2.o(.ARM.Collect$$rtentry$$0000000C)
    __rt_exit                                0x080001d5   Thumb Code     0  rtexit.o(.ARM.Collect$$rtexit$$00000000)
    __rt_exit_ls                             0x080001d7   Thumb Code     0  rtexit2.o(.ARM.Collect$$rtexit$$00000003)
    __rt_exit_prels_1                        0x080001d7   Thumb Code     0  rtexit2.o(.ARM.Collect$$rtexit$$00000002)
    __rt_exit_exit                           0x080001db   Thumb Code     0  rtexit2.o(.ARM.Collect$$rtexit$$00000004)
    Reset_Handler                            0x080001e1   Thumb Code     8  startup_stm32f10x_hd.o(.text)
    ADC1_2_IRQHandler                        0x080001fb   Thumb Code     0  startup_stm32f10x_hd.o(.text)
    ADC3_IRQHandler                          0x080001fb   Thumb Code     0  startup_stm32f10x_hd.o(.text)
    CAN1_RX1_IRQHandler                      0x080001fb   Thumb Code     0  startup_stm32f10x_hd.o(.text)
    CAN1_SCE_IRQHandler                      0x080001fb   Thumb Code     0  startup_stm32f10x_hd.o(.text)
    DMA1_Channel1_IRQHandler                 0x080001fb   Thumb Code     0  startup_stm32f10x_hd.o(.text)
    DMA1_Channel2_IRQHandler                 0x080001fb   Thumb Code     0  startup_stm32f10x_hd.o(.text)
    DMA1_Channel3_IRQHandler                 0x080001fb   Thumb Code     0  startup_stm32f10x_hd.o(.text)
    DMA1_Channel4_IRQHandler                 0x080001fb   Thumb Code     0  startup_stm32f10x_hd.o(.text)
    DMA1_Channel5_IRQHandler                 0x080001fb   Thumb Code     0  startup_stm32f10x_hd.o(.text)
    DMA1_Channel6_IRQHandler                 0x080001fb   Thumb Code     0  startup_stm32f10x_hd.o(.text)
    DMA1_Channel7_IRQHandler                 0x080001fb   Thumb Code     0  startup_stm32f10x_hd.o(.text)
    DMA2_Channel1_IRQHandler                 0x080001fb   Thumb Code     0  startup_stm32f10x_hd.o(.text)
    DMA2_Channel2_IRQHandler                 0x080001fb   Thumb Code     0  startup_stm32f10x_hd.o(.text)
    DMA2_Channel3_IRQHandler                 0x080001fb   Thumb Code     0  startup_stm32f10x_hd.o(.text)
    DMA2_Channel4_5_IRQHandler               0x080001fb   Thumb Code     0  startup_stm32f10x_hd.o(.text)
    EXTI0_IRQHandler                         0x080001fb   Thumb Code     0  startup_stm32f10x_hd.o(.text)
    EXTI15_10_IRQHandler                     0x080001fb   Thumb Code     0  startup_stm32f10x_hd.o(.text)
    EXTI1_IRQHandler                         0x080001fb   Thumb Code     0  startup_stm32f10x_hd.o(.text)
    EXTI2_IRQHandler                         0x080001fb   Thumb Code     0  startup_stm32f10x_hd.o(.text)
    EXTI3_IRQHandler                         0x080001fb   Thumb Code     0  startup_stm32f10x_hd.o(.text)
    EXTI4_IRQHandler                         0x080001fb   Thumb Code     0  startup_stm32f10x_hd.o(.text)
    EXTI9_5_IRQHandler                       0x080001fb   Thumb Code     0  startup_stm32f10x_hd.o(.text)
    FLASH_IRQHandler                         0x080001fb   Thumb Code     0  startup_stm32f10x_hd.o(.text)
    FSMC_IRQHandler                          0x080001fb   Thumb Code     0  startup_stm32f10x_hd.o(.text)
    I2C1_ER_IRQHandler                       0x080001fb   Thumb Code     0  startup_stm32f10x_hd.o(.text)
    I2C1_EV_IRQHandler                       0x080001fb   Thumb Code     0  startup_stm32f10x_hd.o(.text)
    I2C2_ER_IRQHandler                       0x080001fb   Thumb Code     0  startup_stm32f10x_hd.o(.text)
    I2C2_EV_IRQHandler                       0x080001fb   Thumb Code     0  startup_stm32f10x_hd.o(.text)
    PVD_IRQHandler                           0x080001fb   Thumb Code     0  startup_stm32f10x_hd.o(.text)
    RCC_IRQHandler                           0x080001fb   Thumb Code     0  startup_stm32f10x_hd.o(.text)
    RTCAlarm_IRQHandler                      0x080001fb   Thumb Code     0  startup_stm32f10x_hd.o(.text)
    RTC_IRQHandler                           0x080001fb   Thumb Code     0  startup_stm32f10x_hd.o(.text)
    SDIO_IRQHandler                          0x080001fb   Thumb Code     0  startup_stm32f10x_hd.o(.text)
    SPI1_IRQHandler                          0x080001fb   Thumb Code     0  startup_stm32f10x_hd.o(.text)
    SPI2_IRQHandler                          0x080001fb   Thumb Code     0  startup_stm32f10x_hd.o(.text)
    SPI3_IRQHandler                          0x080001fb   Thumb Code     0  startup_stm32f10x_hd.o(.text)
    TAMPER_IRQHandler                        0x080001fb   Thumb Code     0  startup_stm32f10x_hd.o(.text)
    TIM1_BRK_IRQHandler                      0x080001fb   Thumb Code     0  startup_stm32f10x_hd.o(.text)
    TIM1_CC_IRQHandler                       0x080001fb   Thumb Code     0  startup_stm32f10x_hd.o(.text)
    TIM1_TRG_COM_IRQHandler                  0x080001fb   Thumb Code     0  startup_stm32f10x_hd.o(.text)
    TIM1_UP_IRQHandler                       0x080001fb   Thumb Code     0  startup_stm32f10x_hd.o(.text)
    TIM2_IRQHandler                          0x080001fb   Thumb Code     0  startup_stm32f10x_hd.o(.text)
    TIM3_IRQHandler                          0x080001fb   Thumb Code     0  startup_stm32f10x_hd.o(.text)
    TIM4_IRQHandler                          0x080001fb   Thumb Code     0  startup_stm32f10x_hd.o(.text)
    TIM5_IRQHandler                          0x080001fb   Thumb Code     0  startup_stm32f10x_hd.o(.text)
    TIM6_IRQHandler                          0x080001fb   Thumb Code     0  startup_stm32f10x_hd.o(.text)
    TIM7_IRQHandler                          0x080001fb   Thumb Code     0  startup_stm32f10x_hd.o(.text)
    TIM8_BRK_IRQHandler                      0x080001fb   Thumb Code     0  startup_stm32f10x_hd.o(.text)
    TIM8_CC_IRQHandler                       0x080001fb   Thumb Code     0  startup_stm32f10x_hd.o(.text)
    TIM8_TRG_COM_IRQHandler                  0x080001fb   Thumb Code     0  startup_stm32f10x_hd.o(.text)
    TIM8_UP_IRQHandler                       0x080001fb   Thumb Code     0  startup_stm32f10x_hd.o(.text)
    USART3_IRQHandler                        0x080001fb   Thumb Code     0  startup_stm32f10x_hd.o(.text)
    USBWakeUp_IRQHandler                     0x080001fb   Thumb Code     0  startup_stm32f10x_hd.o(.text)
    USB_HP_CAN1_TX_IRQHandler                0x080001fb   Thumb Code     0  startup_stm32f10x_hd.o(.text)
    USB_LP_CAN1_RX0_IRQHandler               0x080001fb   Thumb Code     0  startup_stm32f10x_hd.o(.text)
    WWDG_IRQHandler                          0x080001fb   Thumb Code     0  startup_stm32f10x_hd.o(.text)
    __user_initial_stackheap                 0x080001fd   Thumb Code     0  startup_stm32f10x_hd.o(.text)
    __use_no_semihosting                     0x08000221   Thumb Code     2  use_no_semi_2.o(.text)
    __2printf                                0x08000225   Thumb Code    20  noretval__2printf.o(.text)
    _printf_pre_padding                      0x0800023d   Thumb Code    44  _printf_pad.o(.text)
    _printf_post_padding                     0x08000269   Thumb Code    34  _printf_pad.o(.text)
    _printf_str                              0x0800028b   Thumb Code    82  _printf_str.o(.text)
    _printf_int_dec                          0x080002dd   Thumb Code   104  _printf_dec.o(.text)
    _printf_int_hex                          0x08000355   Thumb Code    84  _printf_hex_int.o(.text)
    _printf_longlong_hex                     0x08000355   Thumb Code     0  _printf_hex_int.o(.text)
    __printf                                 0x080003ad   Thumb Code   308  __printf_flags_wp.o(.text)
    __use_two_region_memory                  0x080004e5   Thumb Code     2  heapauxi.o(.text)
    __rt_heap_escrow$2region                 0x080004e7   Thumb Code     2  heapauxi.o(.text)
    __rt_heap_expand$2region                 0x080004e9   Thumb Code     2  heapauxi.o(.text)
    __I$use$semihosting                      0x080004eb   Thumb Code     0  use_no_semi.o(.text)
    __use_no_semihosting_swi                 0x080004eb   Thumb Code     2  use_no_semi.o(.text)
    _printf_int_common                       0x080004ed   Thumb Code   178  _printf_intcommon.o(.text)
    _printf_cs_common                        0x0800059f   Thumb Code    20  _printf_char.o(.text)
    _printf_char                             0x080005b3   Thumb Code    16  _printf_char.o(.text)
    _printf_string                           0x080005c3   Thumb Code     8  _printf_char.o(.text)
    _printf_char_file                        0x080005cd   Thumb Code    32  _printf_char_file.o(.text)
    _printf_char_common                      0x080005fb   Thumb Code    32  _printf_char_common.o(.text)
    ferror                                   0x08000621   Thumb Code     8  ferror.o(.text)
    __user_setup_stackheap                   0x08000629   Thumb Code    74  sys_stackheap_outer.o(.text)
    exit                                     0x08000673   Thumb Code    18  exit.o(.text)
    __user_libspace                          0x08000685   Thumb Code     8  libspace.o(.text)
    __user_perproc_libspace                  0x08000685   Thumb Code     0  libspace.o(.text)
    __user_perthread_libspace                0x08000685   Thumb Code     0  libspace.o(.text)
    BusFault_Handler                         0x0800068d   Thumb Code     4  stm32f10x_it.o(i.BusFault_Handler)
    ClearBitMask                             0x08000691   Thumb Code    28  bsp_rc522.o(i.ClearBitMask)
    Data_Verify_Calc                         0x080006ad   Thumb Code    32  bsp_voice.o(i.Data_Verify_Calc)
    DebugMon_Handler                         0x080006cd   Thumb Code     2  stm32f10x_it.o(i.DebugMon_Handler)
    FSMC_NORSRAMCmd                          0x080006d1   Thumb Code    46  stm32f10x_fsmc.o(i.FSMC_NORSRAMCmd)
    FSMC_NORSRAMInit                         0x08000705   Thumb Code   230  stm32f10x_fsmc.o(i.FSMC_NORSRAMInit)
    GPIO_Init                                0x080007eb   Thumb Code   278  stm32f10x_gpio.o(i.GPIO_Init)
    GPIO_PinRemapConfig                      0x08000901   Thumb Code   138  stm32f10x_gpio.o(i.GPIO_PinRemapConfig)
    GPIO_ResetBits                           0x08000991   Thumb Code     4  stm32f10x_gpio.o(i.GPIO_ResetBits)
    GPIO_SetBits                             0x08000995   Thumb Code     4  stm32f10x_gpio.o(i.GPIO_SetBits)
    HardFault_Handler                        0x08000999   Thumb Code    34  stm32f10x_it.o(i.HardFault_Handler)
    IC_Verify                                0x080009c1   Thumb Code   116  bsp_rc522.o(i.IC_Verify)
    LCD_Clear                                0x08000b5d   Thumb Code    44  bsp_nt35310_lcd.o(i.LCD_Clear)
    LCD_Display_Dir                          0x08000b8d   Thumb Code    76  bsp_nt35310_lcd.o(i.LCD_Display_Dir)
    LCD_DrawLine                             0x08000bdd   Thumb Code   176  bsp_nt35310_lcd.o(i.LCD_DrawLine)
    LCD_DrawPoint                            0x08000c8d   Thumb Code    28  bsp_nt35310_lcd.o(i.LCD_DrawPoint)
    LCD_DrawRectangle                        0x08000cad   Thumb Code    60  bsp_nt35310_lcd.o(i.LCD_DrawRectangle)
    LCD_Draw_Circle                          0x08000ce9   Thumb Code   152  bsp_nt35310_lcd.o(i.LCD_Draw_Circle)
    LCD_Fast_DrawPoint                       0x08000d81   Thumb Code    60  bsp_nt35310_lcd.o(i.LCD_Fast_DrawPoint)
    LCD_Fill                                 0x08000dc1   Thumb Code    80  bsp_nt35310_lcd.o(i.LCD_Fill)
    LCD_Pow                                  0x08000e11   Thumb Code    22  bsp_nt35310_lcd.o(i.LCD_Pow)
    LCD_RD_DATA                              0x08000e29   Thumb Code     6  bsp_nt35310_lcd.o(i.LCD_RD_DATA)
    LCD_Scan_Dir                             0x08000e35   Thumb Code   290  bsp_nt35310_lcd.o(i.LCD_Scan_Dir)
    LCD_SetCursor                            0x08000f5d   Thumb Code    48  bsp_nt35310_lcd.o(i.LCD_SetCursor)
    LCD_ShowChar                             0x08000f91   Thumb Code   272  bsp_nt35310_lcd.o(i.LCD_ShowChar)
    LCD_ShowChinese                          0x080010b9   Thumb Code   186  bsp_nt35310_lcd.o(i.LCD_ShowChinese)
    LCD_ShowPicture                          0x08001185   Thumb Code    66  bsp_nt35310_lcd.o(i.LCD_ShowPicture)
    LCD_ShowString                           0x080011c7   Thumb Code   102  bsp_nt35310_lcd.o(i.LCD_ShowString)
    LCD_ShowxNum                             0x0800122d   Thumb Code   190  bsp_nt35310_lcd.o(i.LCD_ShowxNum)
    LCD_WR_DATA                              0x080012ed   Thumb Code     6  bsp_nt35310_lcd.o(i.LCD_WR_DATA)
    LCD_WR_REG                               0x080012f9   Thumb Code     6  bsp_nt35310_lcd.o(i.LCD_WR_REG)
    LCD_WriteRAM_Prepare                     0x08001305   Thumb Code    12  bsp_nt35310_lcd.o(i.LCD_WriteRAM_Prepare)
    LCD_WriteReg                             0x08001315   Thumb Code    20  bsp_nt35310_lcd.o(i.LCD_WriteReg)
    M500PcdConfigISOType                     0x08001329   Thumb Code    84  bsp_rc522.o(i.M500PcdConfigISOType)
    MemManage_Handler                        0x0800137d   Thumb Code     4  stm32f10x_it.o(i.MemManage_Handler)
    NMI_Handler                              0x08001381   Thumb Code     2  stm32f10x_it.o(i.NMI_Handler)
    NVIC_Init                                0x08002271   Thumb Code   100  misc.o(i.NVIC_Init)
    NVIC_PriorityGroupConfig                 0x080022e1   Thumb Code    10  misc.o(i.NVIC_PriorityGroupConfig)
    PcdAntennaOn                             0x080022f5   Thumb Code    26  bsp_rc522.o(i.PcdAntennaOn)
    PcdAnticoll                              0x0800230f   Thumb Code   114  bsp_rc522.o(i.PcdAnticoll)
    PcdComMF522                              0x08002381   Thumb Code   306  bsp_rc522.o(i.PcdComMF522)
    PcdRequest                               0x080024b3   Thumb Code    86  bsp_rc522.o(i.PcdRequest)
    PcdReset                                 0x08002509   Thumb Code   120  bsp_rc522.o(i.PcdReset)
    PendSV_Handler                           0x08002589   Thumb Code     2  stm32f10x_it.o(i.PendSV_Handler)
    RCC_AHBPeriphClockCmd                    0x080027b5   Thumb Code    26  stm32f10x_rcc.o(i.RCC_AHBPeriphClockCmd)
    RCC_APB1PeriphClockCmd                   0x080027d5   Thumb Code    26  stm32f10x_rcc.o(i.RCC_APB1PeriphClockCmd)
    RCC_APB1PeriphResetCmd                   0x080027f5   Thumb Code    26  stm32f10x_rcc.o(i.RCC_APB1PeriphResetCmd)
    RCC_APB2PeriphClockCmd                   0x08002815   Thumb Code    26  stm32f10x_rcc.o(i.RCC_APB2PeriphClockCmd)
    RCC_GetClocksFreq                        0x08002835   Thumb Code   192  stm32f10x_rcc.o(i.RCC_GetClocksFreq)
    ReadRawRC                                0x08002909   Thumb Code    46  bsp_rc522.o(i.ReadRawRC)
    SPI_Cmd                                  0x08002941   Thumb Code    24  stm32f10x_spi.o(i.SPI_Cmd)
    SPI_I2S_GetFlagStatus                    0x08002a5d   Thumb Code    18  stm32f10x_spi.o(i.SPI_I2S_GetFlagStatus)
    SPI_I2S_ReceiveData                      0x08002a6f   Thumb Code     6  stm32f10x_spi.o(i.SPI_I2S_ReceiveData)
    SPI_I2S_SendData                         0x08002a75   Thumb Code     4  stm32f10x_spi.o(i.SPI_I2S_SendData)
    SPI_Init                                 0x08002a79   Thumb Code    60  stm32f10x_spi.o(i.SPI_Init)
    SPI_RC522_ReadByte                       0x08002ab5   Thumb Code    10  bsp_rc522.o(i.SPI_RC522_ReadByte)
    SPI_RC522_SendByte                       0x08002ac1   Thumb Code    14  bsp_rc522.o(i.SPI_RC522_SendByte)
    SPIx_ReadWriteByte                       0x08002af9   Thumb Code    80  bsp_spi.o(i.SPIx_ReadWriteByte)
    SVC_Handler                              0x08002b49   Thumb Code     2  stm32f10x_it.o(i.SVC_Handler)
    SetBitMask                               0x08002b4b   Thumb Code    28  bsp_rc522.o(i.SetBitMask)
    SysTick_Handler                          0x08003101   Thumb Code     8  bsp_timer.o(i.SysTick_Handler)
    SysTick_ISR                              0x08003109   Thumb Code   110  bsp_timer.o(i.SysTick_ISR)
    SystemInit                               0x0800318d   Thumb Code    78  system_stm32f10x.o(i.SystemInit)
    TFTLCD_Init                              0x080033fd   Thumb Code   102  bsp_nt35310_lcd.o(i.TFTLCD_Init)
    UART4_IRQHandler                         0x0800346d   Thumb Code    56  bsp_uart4.o(i.UART4_IRQHandler)
    UART5_IRQHandler                         0x080034b5   Thumb Code    84  bsp_uart5.o(i.UART5_IRQHandler)
    UART5_Send_Data                          0x08003519   Thumb Code    62  bsp_uart5.o(i.UART5_Send_Data)
    USART1_IRQHandler                        0x08003561   Thumb Code    78  bsp_uart.o(i.USART1_IRQHandler)
    USART1_Send_Data                         0x080035c1   Thumb Code    56  bsp_uart.o(i.USART1_Send_Data)
    USART2_IRQHandler                        0x080035fd   Thumb Code    56  bsp_uart2.o(i.USART2_IRQHandler)
    USART2_Send_Data                         0x08003645   Thumb Code    56  bsp_uart2.o(i.USART2_Send_Data)
    USART4_Send_Data                         0x08003681   Thumb Code    56  bsp_uart4.o(i.USART4_Send_Data)
    USART_Cmd                                0x080036bd   Thumb Code    24  stm32f10x_usart.o(i.USART_Cmd)
    USART_GetFlagStatus                      0x080036d5   Thumb Code    26  stm32f10x_usart.o(i.USART_GetFlagStatus)
    USART_GetITStatus                        0x080036ef   Thumb Code    84  stm32f10x_usart.o(i.USART_GetITStatus)
    USART_ITConfig                           0x08003743   Thumb Code    74  stm32f10x_usart.o(i.USART_ITConfig)
    USART_Init                               0x0800378d   Thumb Code   210  stm32f10x_usart.o(i.USART_Init)
    USART_ReceiveData                        0x08003865   Thumb Code    10  stm32f10x_usart.o(i.USART_ReceiveData)
    USART_SendData                           0x0800386f   Thumb Code     8  stm32f10x_usart.o(i.USART_SendData)
    Uart0_STA_Clr                            0x08003879   Thumb Code    12  bsp_uart.o(i.Uart0_STA_Clr)
    Uart2_STA_Clr                            0x0800388d   Thumb Code    12  bsp_uart2.o(i.Uart2_STA_Clr)
    Uart4_STA_Clr                            0x080038a1   Thumb Code    12  bsp_uart4.o(i.Uart4_STA_Clr)
    Uart5_STA_Clr                            0x080038b5   Thumb Code    12  bsp_uart5.o(i.Uart5_STA_Clr)
    UsageFault_Handler                       0x080038c9   Thumb Code     4  stm32f10x_it.o(i.UsageFault_Handler)
    WriteRawRC                               0x080038cd   Thumb Code    40  bsp_rc522.o(i.WriteRawRC)
    _is_digit                                0x08003903   Thumb Code    14  __printf_wp.o(i._is_digit)
    _sys_exit                                0x08003911   Thumb Code     4  bsp_uart.o(i._sys_exit)
    bsp_CheckTimer                           0x08003915   Thumb Code    48  bsp_timer.o(i.bsp_CheckTimer)
    bsp_DelayMS                              0x08003949   Thumb Code    58  bsp_timer.o(i.bsp_DelayMS)
    bsp_DelayUS                              0x0800398d   Thumb Code    76  bsp_timer.o(i.bsp_DelayUS)
    bsp_Idle                                 0x08003aad   Thumb Code     2  bsp.o(i.bsp_Idle)
    bsp_Init                                 0x08003aaf   Thumb Code    56  bsp.o(i.bsp_Init)
    bsp_InitKey                              0x08003ae7   Thumb Code    12  bsp_key.o(i.bsp_InitKey)
    bsp_InitLed                              0x08003be5   Thumb Code    68  bsp_led.o(i.bsp_InitLed)
    bsp_InitRc522                            0x08003c31   Thumb Code   156  bsp_rc522.o(i.bsp_InitRc522)
    bsp_InitSM28BYJ48                        0x08003ce1   Thumb Code   112  bsp_28byj48.o(i.bsp_InitSM28BYJ48)
    bsp_InitSPIx                             0x08003d55   Thumb Code    92  bsp_spi.o(i.bsp_InitSPIx)
    bsp_InitTimer                            0x08003db1   Thumb Code   138  bsp_timer.o(i.bsp_InitTimer)
    bsp_InitUart                             0x08003e4d   Thumb Code   168  bsp_uart.o(i.bsp_InitUart)
    bsp_InitUart2                            0x08003efd   Thumb Code   166  bsp_uart2.o(i.bsp_InitUart2)
    bsp_InitUart4                            0x08003fad   Thumb Code   172  bsp_uart4.o(i.bsp_InitUart4)
    bsp_InitUart5                            0x08004061   Thumb Code   180  bsp_uart5.o(i.bsp_InitUart5)
    bsp_KeyScan                              0x08004121   Thumb Code    22  bsp_key.o(i.bsp_KeyScan)
    bsp_PutKey                               0x08004139   Thumb Code    28  bsp_key.o(i.bsp_PutKey)
    bsp_RunPer10ms                           0x08004159   Thumb Code     8  bsp.o(i.bsp_RunPer10ms)
    bsp_RunPer1ms                            0x08004161   Thumb Code     2  bsp.o(i.bsp_RunPer1ms)
    bsp_StartAutoTimer                       0x08004181   Thumb Code    74  bsp_timer.o(i.bsp_StartAutoTimer)
    bsp_StartTimer                           0x080041d1   Thumb Code    70  bsp_timer.o(i.bsp_StartTimer)
    delay_ms                                 0x0800421d   Thumb Code    12  bsp.o(i.delay_ms)
    delay_us                                 0x08004229   Thumb Code    12  bsp.o(i.delay_us)
    fputc                                    0x08004235   Thumb Code    24  bsp_uart.o(i.fputc)
    main                                     0x08004251   Thumb Code  1490  main.o(i.main)
    motPowerOn                               0x08004859   Thumb Code   292  bsp_28byj48.o(i.motPowerOn)
    test_fun                                 0x08004985   Thumb Code   140  bsp_28byj48.o(i.test_fun)
    usart1_cmd_receive                       0x08004a19   Thumb Code    64  bsp_uart.o(i.usart1_cmd_receive)
    usart2_cmd_receive                       0x08004a65   Thumb Code    24  bsp_uart2.o(i.usart2_cmd_receive)
    usart4_cmd_receive                       0x08004a89   Thumb Code   380  bsp_uart4.o(i.usart4_cmd_receive)
    __fpl_fcmp_Inf                           0x08004c2d   Thumb Code    24  fcmpi.o(x$fpl$fcmpinf)
    __aeabi_f2uiz                            0x08004c45   Thumb Code     0  ffixu.o(x$fpl$ffixu)
    _ffixu                                   0x08004c45   Thumb Code    62  ffixu.o(x$fpl$ffixu)
    __aeabi_cfcmple                          0x08004c85   Thumb Code     0  fleqf.o(x$fpl$fleqf)
    _fcmple                                  0x08004c85   Thumb Code   104  fleqf.o(x$fpl$fleqf)
    __fpl_fcmple_InfNaN                      0x08004cd7   Thumb Code     0  fleqf.o(x$fpl$fleqf)
    __aeabi_fmul                             0x08004ced   Thumb Code     0  fmul.o(x$fpl$fmul)
    _fmul                                    0x08004ced   Thumb Code   258  fmul.o(x$fpl$fmul)
    __fpl_fnaninf                            0x08004def   Thumb Code   140  fnaninf.o(x$fpl$fnaninf)
    __fpl_fretinf                            0x08004e7b   Thumb Code    10  fretinf.o(x$fpl$fretinf)
    __aeabi_cfrcmple                         0x08004e85   Thumb Code     0  frleqf.o(x$fpl$frleqf)
    _frcmple                                 0x08004e85   Thumb Code    98  frleqf.o(x$fpl$frleqf)
    __I$use$fp                               0x08004ee6   Number         0  usenofp.o(x$fpl$usenofp)
    gImage_temperature                       0x08004ee6   Data        1258  main.o(.constdata)
    gImage_Humidity                          0x080053d0   Data        1258  main.o(.constdata)
    gImage_sunlight                          0x080058ba   Data        1258  main.o(.constdata)
    gImage_Co2                               0x08005da4   Data        1258  main.o(.constdata)
    gImage_PM25                              0x0800628e   Data        1258  main.o(.constdata)
    gImage_person                            0x08006778   Data        1258  main.o(.constdata)
    gImage_person_2                          0x08006c62   Data        1258  main.o(.constdata)
    gImage_Safety                            0x0800714c   Data        1258  main.o(.constdata)
    gImage_warning                           0x08007636   Data        1258  main.o(.constdata)
    gImage_logo                              0x08007b20   Data        6862  main.o(.constdata)
    gImage_FAN_OFF                           0x080095ee   Data        1800  main.o(.constdata)
    gImage_FAN_ON                            0x08009cf6   Data        1800  main.o(.constdata)
    gImage_LIGHT_OFF                         0x0800a3fe   Data        1800  main.o(.constdata)
    gImage_LIGHT_ON                          0x0800ab06   Data        1800  main.o(.constdata)
    gImage_DOOR_OFF                          0x0800b20e   Data        1800  main.o(.constdata)
    gImage_DOOR_ON                           0x0800b916   Data        1800  main.o(.constdata)
    gImage_AIR_OFF                           0x0800c01e   Data        1800  main.o(.constdata)
    gImage_AIR_ON                            0x0800c726   Data        1800  main.o(.constdata)
    gImage_Delinc                            0x0800ce2e   Data       11250  main.o(.constdata)
    gImage_light_test                        0x0800fa20   Data        2450  main.o(.constdata)
    gImage_title                             0x080103b2   Data       49364  main.o(.constdata)
    asc2_1206                                0x0801c486   Data        1140  bsp_nt35310_lcd.o(.constdata)
    asc2_1608                                0x0801c8fa   Data        1520  bsp_nt35310_lcd.o(.constdata)
    asc2_2412                                0x0801ceea   Data        3420  bsp_nt35310_lcd.o(.constdata)
    chinese                                  0x0801dc46   Data        2656  bsp_nt35310_lcd.o(.constdata)
    Region$$Table$$Base                      0x0801e6e0   Number         0  anon$$obj.o(Region$$Table)
    Region$$Table$$Limit                     0x0801e700   Number         0  anon$$obj.o(Region$$Table)
    g_iRunTime                               0x20000008   Data           4  bsp_timer.o(.data)
    ReceiveState                             0x20000010   Data           1  bsp_uart.o(.data)
    RxCounter                                0x20000012   Data           2  bsp_uart.o(.data)
    __stdout                                 0x20000014   Data           4  bsp_uart.o(.data)
    ReceiveState4                            0x20000018   Data           1  bsp_uart4.o(.data)
    RxCounter4                               0x2000001a   Data           2  bsp_uart4.o(.data)
    relay_1                                  0x2000001c   Data           1  bsp_uart4.o(.data)
    relay_2                                  0x2000001d   Data           1  bsp_uart4.o(.data)
    relay_3                                  0x2000001e   Data           1  bsp_uart4.o(.data)
    relay_4                                  0x2000001f   Data           1  bsp_uart4.o(.data)
    fan_1                                    0x20000020   Data           1  bsp_uart4.o(.data)
    fan_2                                    0x20000021   Data           1  bsp_uart4.o(.data)
    vib                                      0x20000022   Data           1  bsp_uart4.o(.data)
    pir                                      0x20000023   Data           1  bsp_uart4.o(.data)
    temp                                     0x20000024   Data           4  bsp_uart4.o(.data)
    humid                                    0x20000028   Data           4  bsp_uart4.o(.data)
    light                                    0x2000002c   Data           4  bsp_uart4.o(.data)
    co2                                      0x20000030   Data           4  bsp_uart4.o(.data)
    pm25                                     0x20000034   Data           4  bsp_uart4.o(.data)
    ReceiveState2                            0x20000038   Data           1  bsp_uart2.o(.data)
    RxCounter2                               0x2000003a   Data           2  bsp_uart2.o(.data)
    UART5_RX_CNT                             0x2000003c   Data           1  bsp_uart5.o(.data)
    voice_buf                                0x2000003e   Data          16  bsp_voice.o(.data)
    alarm_buf                                0x2000004e   Data          12  bsp_voice.o(.data)
    POINT_COLOR                              0x20000064   Data           2  bsp_nt35310_lcd.o(.data)
    BACK_COLOR                               0x20000066   Data           2  bsp_nt35310_lcd.o(.data)
    SystemCoreClock                          0x20000068   Data           4  system_stm32f10x.o(.data)
    AHBPrescTable                            0x2000006c   Data          16  system_stm32f10x.o(.data)
    USART_RX_BUF                             0x2000012d   Data        1024  bsp_uart.o(.bss)
    USART4_RX_BUF                            0x2000052d   Data          65  bsp_uart4.o(.bss)
    USART2_RX_BUF                            0x2000056e   Data          64  bsp_uart2.o(.bss)
    UART5_RX_BUF                             0x200005ae   Data          64  bsp_uart5.o(.bss)
    lcddev                                   0x200005ee   Data          14  bsp_nt35310_lcd.o(.bss)
    __libspace_start                         0x200005fc   Data          96  libspace.o(.bss)
    __temporary_stack_top$libspace           0x2000065c   Data           0  libspace.o(.bss)



==============================================================================

Memory Map of the image

  Image Entry point : 0x08000131

  Load Region LR_IROM1 (Base: 0x08000000, Size: 0x0001e790, Max: 0x00080000, ABSOLUTE)

    Execution Region ER_IROM1 (Exec base: 0x08000000, Load base: 0x08000000, Size: 0x0001e700, Max: 0x00080000, ABSOLUTE)

    Exec Addr    Load Addr    Size         Type   Attr      Idx    E Section Name        Object

    0x08000000   0x08000000   0x00000130   Data   RO         1210    RESET               startup_stm32f10x_hd.o
    0x08000130   0x08000130   0x00000008   Code   RO         2674  * !!!main             c_w.l(__main.o)
    0x08000138   0x08000138   0x00000034   Code   RO         2861    !!!scatter          c_w.l(__scatter.o)
    0x0800016c   0x0800016c   0x0000001a   Code   RO         2863    !!handler_copy      c_w.l(__scatter_copy.o)
    0x08000186   0x08000186   0x00000002   PAD
    0x08000188   0x08000188   0x0000001c   Code   RO         2865    !!handler_zi        c_w.l(__scatter_zi.o)
    0x080001a4   0x080001a4   0x00000000   Code   RO         2671    .ARM.Collect$$_printf_percent$$00000000  c_w.l(_printf_percent.o)
    0x080001a4   0x080001a4   0x00000006   Code   RO         2670    .ARM.Collect$$_printf_percent$$00000009  c_w.l(_printf_d.o)
    0x080001aa   0x080001aa   0x00000006   Code   RO         2669    .ARM.Collect$$_printf_percent$$0000000C  c_w.l(_printf_x.o)
    0x080001b0   0x080001b0   0x00000006   Code   RO         2668    .ARM.Collect$$_printf_percent$$00000014  c_w.l(_printf_s.o)
    0x080001b6   0x080001b6   0x00000004   Code   RO         2693    .ARM.Collect$$_printf_percent$$00000017  c_w.l(_printf_percent_end.o)
    0x080001ba   0x080001ba   0x00000002   Code   RO         2735    .ARM.Collect$$libinit$$00000000  c_w.l(libinit.o)
    0x080001bc   0x080001bc   0x00000000   Code   RO         2742    .ARM.Collect$$libinit$$00000002  c_w.l(libinit2.o)
    0x080001bc   0x080001bc   0x00000000   Code   RO         2744    .ARM.Collect$$libinit$$00000004  c_w.l(libinit2.o)
    0x080001bc   0x080001bc   0x00000000   Code   RO         2747    .ARM.Collect$$libinit$$0000000A  c_w.l(libinit2.o)
    0x080001bc   0x080001bc   0x00000000   Code   RO         2749    .ARM.Collect$$libinit$$0000000C  c_w.l(libinit2.o)
    0x080001bc   0x080001bc   0x00000000   Code   RO         2751    .ARM.Collect$$libinit$$0000000E  c_w.l(libinit2.o)
    0x080001bc   0x080001bc   0x00000000   Code   RO         2754    .ARM.Collect$$libinit$$00000011  c_w.l(libinit2.o)
    0x080001bc   0x080001bc   0x00000000   Code   RO         2756    .ARM.Collect$$libinit$$00000013  c_w.l(libinit2.o)
    0x080001bc   0x080001bc   0x00000000   Code   RO         2758    .ARM.Collect$$libinit$$00000015  c_w.l(libinit2.o)
    0x080001bc   0x080001bc   0x00000000   Code   RO         2760    .ARM.Collect$$libinit$$00000017  c_w.l(libinit2.o)
    0x080001bc   0x080001bc   0x00000000   Code   RO         2762    .ARM.Collect$$libinit$$00000019  c_w.l(libinit2.o)
    0x080001bc   0x080001bc   0x00000000   Code   RO         2764    .ARM.Collect$$libinit$$0000001B  c_w.l(libinit2.o)
    0x080001bc   0x080001bc   0x00000000   Code   RO         2766    .ARM.Collect$$libinit$$0000001D  c_w.l(libinit2.o)
    0x080001bc   0x080001bc   0x00000000   Code   RO         2768    .ARM.Collect$$libinit$$0000001F  c_w.l(libinit2.o)
    0x080001bc   0x080001bc   0x00000000   Code   RO         2770    .ARM.Collect$$libinit$$00000021  c_w.l(libinit2.o)
    0x080001bc   0x080001bc   0x00000000   Code   RO         2772    .ARM.Collect$$libinit$$00000023  c_w.l(libinit2.o)
    0x080001bc   0x080001bc   0x00000000   Code   RO         2774    .ARM.Collect$$libinit$$00000025  c_w.l(libinit2.o)
    0x080001bc   0x080001bc   0x00000000   Code   RO         2778    .ARM.Collect$$libinit$$0000002C  c_w.l(libinit2.o)
    0x080001bc   0x080001bc   0x00000000   Code   RO         2780    .ARM.Collect$$libinit$$0000002E  c_w.l(libinit2.o)
    0x080001bc   0x080001bc   0x00000000   Code   RO         2782    .ARM.Collect$$libinit$$00000030  c_w.l(libinit2.o)
    0x080001bc   0x080001bc   0x00000000   Code   RO         2784    .ARM.Collect$$libinit$$00000032  c_w.l(libinit2.o)
    0x080001bc   0x080001bc   0x00000002   Code   RO         2785    .ARM.Collect$$libinit$$00000033  c_w.l(libinit2.o)
    0x080001be   0x080001be   0x00000002   Code   RO         2803    .ARM.Collect$$libshutdown$$00000000  c_w.l(libshutdown.o)
    0x080001c0   0x080001c0   0x00000000   Code   RO         2813    .ARM.Collect$$libshutdown$$00000002  c_w.l(libshutdown2.o)
    0x080001c0   0x080001c0   0x00000000   Code   RO         2815    .ARM.Collect$$libshutdown$$00000004  c_w.l(libshutdown2.o)
    0x080001c0   0x080001c0   0x00000000   Code   RO         2818    .ARM.Collect$$libshutdown$$00000007  c_w.l(libshutdown2.o)
    0x080001c0   0x080001c0   0x00000000   Code   RO         2821    .ARM.Collect$$libshutdown$$0000000A  c_w.l(libshutdown2.o)
    0x080001c0   0x080001c0   0x00000000   Code   RO         2823    .ARM.Collect$$libshutdown$$0000000C  c_w.l(libshutdown2.o)
    0x080001c0   0x080001c0   0x00000000   Code   RO         2826    .ARM.Collect$$libshutdown$$0000000F  c_w.l(libshutdown2.o)
    0x080001c0   0x080001c0   0x00000002   Code   RO         2827    .ARM.Collect$$libshutdown$$00000010  c_w.l(libshutdown2.o)
    0x080001c2   0x080001c2   0x00000000   Code   RO         2686    .ARM.Collect$$rtentry$$00000000  c_w.l(__rtentry.o)
    0x080001c2   0x080001c2   0x00000000   Code   RO         2702    .ARM.Collect$$rtentry$$00000002  c_w.l(__rtentry2.o)
    0x080001c2   0x080001c2   0x00000006   Code   RO         2714    .ARM.Collect$$rtentry$$00000004  c_w.l(__rtentry4.o)
    0x080001c8   0x080001c8   0x00000000   Code   RO         2704    .ARM.Collect$$rtentry$$00000009  c_w.l(__rtentry2.o)
    0x080001c8   0x080001c8   0x00000004   Code   RO         2705    .ARM.Collect$$rtentry$$0000000A  c_w.l(__rtentry2.o)
    0x080001cc   0x080001cc   0x00000000   Code   RO         2707    .ARM.Collect$$rtentry$$0000000C  c_w.l(__rtentry2.o)
    0x080001cc   0x080001cc   0x00000008   Code   RO         2708    .ARM.Collect$$rtentry$$0000000D  c_w.l(__rtentry2.o)
    0x080001d4   0x080001d4   0x00000002   Code   RO         2739    .ARM.Collect$$rtexit$$00000000  c_w.l(rtexit.o)
    0x080001d6   0x080001d6   0x00000000   Code   RO         2787    .ARM.Collect$$rtexit$$00000002  c_w.l(rtexit2.o)
    0x080001d6   0x080001d6   0x00000004   Code   RO         2788    .ARM.Collect$$rtexit$$00000003  c_w.l(rtexit2.o)
    0x080001da   0x080001da   0x00000006   Code   RO         2789    .ARM.Collect$$rtexit$$00000004  c_w.l(rtexit2.o)
    0x080001e0   0x080001e0   0x00000040   Code   RO         1211    .text               startup_stm32f10x_hd.o
    0x08000220   0x08000220   0x00000002   Code   RO         2613    .text               c_w.l(use_no_semi_2.o)
    0x08000222   0x08000222   0x00000002   PAD
    0x08000224   0x08000224   0x00000018   Code   RO         2617    .text               c_w.l(noretval__2printf.o)
    0x0800023c   0x0800023c   0x0000004e   Code   RO         2621    .text               c_w.l(_printf_pad.o)
    0x0800028a   0x0800028a   0x00000052   Code   RO         2623    .text               c_w.l(_printf_str.o)
    0x080002dc   0x080002dc   0x00000078   Code   RO         2625    .text               c_w.l(_printf_dec.o)
    0x08000354   0x08000354   0x00000058   Code   RO         2630    .text               c_w.l(_printf_hex_int.o)
    0x080003ac   0x080003ac   0x00000138   Code   RO         2660    .text               c_w.l(__printf_flags_wp.o)
    0x080004e4   0x080004e4   0x00000006   Code   RO         2672    .text               c_w.l(heapauxi.o)
    0x080004ea   0x080004ea   0x00000002   Code   RO         2684    .text               c_w.l(use_no_semi.o)
    0x080004ec   0x080004ec   0x000000b2   Code   RO         2687    .text               c_w.l(_printf_intcommon.o)
    0x0800059e   0x0800059e   0x0000002c   Code   RO         2689    .text               c_w.l(_printf_char.o)
    0x080005ca   0x080005ca   0x00000002   PAD
    0x080005cc   0x080005cc   0x00000024   Code   RO         2691    .text               c_w.l(_printf_char_file.o)
    0x080005f0   0x080005f0   0x00000030   Code   RO         2716    .text               c_w.l(_printf_char_common.o)
    0x08000620   0x08000620   0x00000008   Code   RO         2718    .text               c_w.l(ferror.o)
    0x08000628   0x08000628   0x0000004a   Code   RO         2724    .text               c_w.l(sys_stackheap_outer.o)
    0x08000672   0x08000672   0x00000012   Code   RO         2728    .text               c_w.l(exit.o)
    0x08000684   0x08000684   0x00000008   Code   RO         2736    .text               c_w.l(libspace.o)
    0x0800068c   0x0800068c   0x00000004   Code   RO         1106    i.BusFault_Handler  stm32f10x_it.o
    0x08000690   0x08000690   0x0000001c   Code   RO          701    i.ClearBitMask      bsp_rc522.o
    0x080006ac   0x080006ac   0x00000020   Code   RO          832    i.Data_Verify_Calc  bsp_voice.o
    0x080006cc   0x080006cc   0x00000002   Code   RO         1107    i.DebugMon_Handler  stm32f10x_it.o
    0x080006ce   0x080006ce   0x00000002   PAD
    0x080006d0   0x080006d0   0x00000034   Code   RO         1954    i.FSMC_NORSRAMCmd   stm32f10x_fsmc.o
    0x08000704   0x08000704   0x000000e6   Code   RO         1956    i.FSMC_NORSRAMInit  stm32f10x_fsmc.o
    0x080007ea   0x080007ea   0x00000116   Code   RO         1257    i.GPIO_Init         stm32f10x_gpio.o
    0x08000900   0x08000900   0x00000090   Code   RO         1259    i.GPIO_PinRemapConfig  stm32f10x_gpio.o
    0x08000990   0x08000990   0x00000004   Code   RO         1264    i.GPIO_ResetBits    stm32f10x_gpio.o
    0x08000994   0x08000994   0x00000004   Code   RO         1265    i.GPIO_SetBits      stm32f10x_gpio.o
    0x08000998   0x08000998   0x00000028   Code   RO         1108    i.HardFault_Handler  stm32f10x_it.o
    0x080009c0   0x080009c0   0x0000007c   Code   RO          702    i.IC_Verify         bsp_rc522.o
    0x08000a3c   0x08000a3c   0x00000030   Code   RO          341    i.IsKeyDown1        bsp_key.o
    0x08000a6c   0x08000a6c   0x00000030   Code   RO          342    i.IsKeyDown2        bsp_key.o
    0x08000a9c   0x08000a9c   0x00000030   Code   RO          343    i.IsKeyDown3        bsp_key.o
    0x08000acc   0x08000acc   0x00000030   Code   RO          344    i.IsKeyDown4        bsp_key.o
    0x08000afc   0x08000afc   0x00000030   Code   RO          345    i.IsKeyDown5        bsp_key.o
    0x08000b2c   0x08000b2c   0x00000030   Code   RO          346    i.IsKeyDown6        bsp_key.o
    0x08000b5c   0x08000b5c   0x00000030   Code   RO          882    i.LCD_Clear         bsp_nt35310_lcd.o
    0x08000b8c   0x08000b8c   0x00000050   Code   RO          886    i.LCD_Display_Dir   bsp_nt35310_lcd.o
    0x08000bdc   0x08000bdc   0x000000b0   Code   RO          887    i.LCD_DrawLine      bsp_nt35310_lcd.o
    0x08000c8c   0x08000c8c   0x00000020   Code   RO          888    i.LCD_DrawPoint     bsp_nt35310_lcd.o
    0x08000cac   0x08000cac   0x0000003c   Code   RO          889    i.LCD_DrawRectangle  bsp_nt35310_lcd.o
    0x08000ce8   0x08000ce8   0x00000098   Code   RO          890    i.LCD_Draw_Circle   bsp_nt35310_lcd.o
    0x08000d80   0x08000d80   0x00000040   Code   RO          891    i.LCD_Fast_DrawPoint  bsp_nt35310_lcd.o
    0x08000dc0   0x08000dc0   0x00000050   Code   RO          892    i.LCD_Fill          bsp_nt35310_lcd.o
    0x08000e10   0x08000e10   0x00000016   Code   RO          893    i.LCD_Pow           bsp_nt35310_lcd.o
    0x08000e26   0x08000e26   0x00000002   PAD
    0x08000e28   0x08000e28   0x0000000c   Code   RO          894    i.LCD_RD_DATA       bsp_nt35310_lcd.o
    0x08000e34   0x08000e34   0x00000128   Code   RO          897    i.LCD_Scan_Dir      bsp_nt35310_lcd.o
    0x08000f5c   0x08000f5c   0x00000034   Code   RO          898    i.LCD_SetCursor     bsp_nt35310_lcd.o
    0x08000f90   0x08000f90   0x00000128   Code   RO          900    i.LCD_ShowChar      bsp_nt35310_lcd.o
    0x080010b8   0x080010b8   0x000000cc   Code   RO          901    i.LCD_ShowChinese   bsp_nt35310_lcd.o
    0x08001184   0x08001184   0x00000042   Code   RO          903    i.LCD_ShowPicture   bsp_nt35310_lcd.o
    0x080011c6   0x080011c6   0x00000066   Code   RO          904    i.LCD_ShowString    bsp_nt35310_lcd.o
    0x0800122c   0x0800122c   0x000000be   Code   RO          905    i.LCD_ShowxNum      bsp_nt35310_lcd.o
    0x080012ea   0x080012ea   0x00000002   PAD
    0x080012ec   0x080012ec   0x0000000c   Code   RO          906    i.LCD_WR_DATA       bsp_nt35310_lcd.o
    0x080012f8   0x080012f8   0x0000000c   Code   RO          907    i.LCD_WR_REG        bsp_nt35310_lcd.o
    0x08001304   0x08001304   0x00000010   Code   RO          909    i.LCD_WriteRAM_Prepare  bsp_nt35310_lcd.o
    0x08001314   0x08001314   0x00000014   Code   RO          910    i.LCD_WriteReg      bsp_nt35310_lcd.o
    0x08001328   0x08001328   0x00000054   Code   RO          703    i.M500PcdConfigISOType  bsp_rc522.o
    0x0800137c   0x0800137c   0x00000004   Code   RO         1109    i.MemManage_Handler  stm32f10x_it.o
    0x08001380   0x08001380   0x00000002   Code   RO         1110    i.NMI_Handler       stm32f10x_it.o
    0x08001382   0x08001382   0x00000eec   Code   RO          911    i.NT35310_REG_Config  bsp_nt35310_lcd.o
    0x0800226e   0x0800226e   0x00000002   PAD
    0x08002270   0x08002270   0x00000070   Code   RO         1215    i.NVIC_Init         misc.o
    0x080022e0   0x080022e0   0x00000014   Code   RO         1216    i.NVIC_PriorityGroupConfig  misc.o
    0x080022f4   0x080022f4   0x0000001a   Code   RO          705    i.PcdAntennaOn      bsp_rc522.o
    0x0800230e   0x0800230e   0x00000072   Code   RO          706    i.PcdAnticoll       bsp_rc522.o
    0x08002380   0x08002380   0x00000132   Code   RO          708    i.PcdComMF522       bsp_rc522.o
    0x080024b2   0x080024b2   0x00000056   Code   RO          711    i.PcdRequest        bsp_rc522.o
    0x08002508   0x08002508   0x00000080   Code   RO          712    i.PcdReset          bsp_rc522.o
    0x08002588   0x08002588   0x00000002   Code   RO         1111    i.PendSV_Handler    stm32f10x_it.o
    0x0800258a   0x0800258a   0x00000002   PAD
    0x0800258c   0x0800258c   0x00000074   Code   RO            1    i.PrintfHelp        main.o
    0x08002600   0x08002600   0x000001b4   Code   RO            2    i.PrintfLogo        main.o
    0x080027b4   0x080027b4   0x00000020   Code   RO         1366    i.RCC_AHBPeriphClockCmd  stm32f10x_rcc.o
    0x080027d4   0x080027d4   0x00000020   Code   RO         1367    i.RCC_APB1PeriphClockCmd  stm32f10x_rcc.o
    0x080027f4   0x080027f4   0x00000020   Code   RO         1368    i.RCC_APB1PeriphResetCmd  stm32f10x_rcc.o
    0x08002814   0x08002814   0x00000020   Code   RO         1369    i.RCC_APB2PeriphClockCmd  stm32f10x_rcc.o
    0x08002834   0x08002834   0x000000d4   Code   RO         1377    i.RCC_GetClocksFreq  stm32f10x_rcc.o
    0x08002908   0x08002908   0x00000038   Code   RO          715    i.ReadRawRC         bsp_rc522.o
    0x08002940   0x08002940   0x00000018   Code   RO         1804    i.SPI_Cmd           stm32f10x_spi.o
    0x08002958   0x08002958   0x00000104   Code   RO          626    i.SPI_GPIO_Configuration  bsp_spi.o
    0x08002a5c   0x08002a5c   0x00000012   Code   RO         1812    i.SPI_I2S_GetFlagStatus  stm32f10x_spi.o
    0x08002a6e   0x08002a6e   0x00000006   Code   RO         1815    i.SPI_I2S_ReceiveData  stm32f10x_spi.o
    0x08002a74   0x08002a74   0x00000004   Code   RO         1816    i.SPI_I2S_SendData  stm32f10x_spi.o
    0x08002a78   0x08002a78   0x0000003c   Code   RO         1817    i.SPI_Init          stm32f10x_spi.o
    0x08002ab4   0x08002ab4   0x0000000a   Code   RO          716    i.SPI_RC522_ReadByte  bsp_rc522.o
    0x08002abe   0x08002abe   0x00000002   PAD
    0x08002ac0   0x08002ac0   0x00000014   Code   RO          717    i.SPI_RC522_SendByte  bsp_rc522.o
    0x08002ad4   0x08002ad4   0x00000024   Code   RO          627    i.SPI_RCC_Configuration  bsp_spi.o
    0x08002af8   0x08002af8   0x00000050   Code   RO          632    i.SPIx_ReadWriteByte  bsp_spi.o
    0x08002b48   0x08002b48   0x00000002   Code   RO         1112    i.SVC_Handler       stm32f10x_it.o
    0x08002b4a   0x08002b4a   0x0000001c   Code   RO          718    i.SetBitMask        bsp_rc522.o
    0x08002b66   0x08002b66   0x00000008   Code   RO         1174    i.SetSysClock       system_stm32f10x.o
    0x08002b6e   0x08002b6e   0x00000002   PAD
    0x08002b70   0x08002b70   0x000000e0   Code   RO         1175    i.SetSysClockTo72   system_stm32f10x.o
    0x08002c50   0x08002c50   0x000004b0   Code   RO            3    i.Show_LCD          main.o
    0x08003100   0x08003100   0x00000008   Code   RO          251    i.SysTick_Handler   bsp_timer.o
    0x08003108   0x08003108   0x00000084   Code   RO          252    i.SysTick_ISR       bsp_timer.o
    0x0800318c   0x0800318c   0x00000060   Code   RO         1177    i.SystemInit        system_stm32f10x.o
    0x080031ec   0x080031ec   0x00000074   Code   RO          912    i.TFTLCD_FSMC_Config  bsp_nt35310_lcd.o
    0x08003260   0x08003260   0x0000019c   Code   RO          913    i.TFTLCD_GPIO_Config  bsp_nt35310_lcd.o
    0x080033fc   0x080033fc   0x00000070   Code   RO          914    i.TFTLCD_Init       bsp_nt35310_lcd.o
    0x0800346c   0x0800346c   0x00000048   Code   RO          501    i.UART4_IRQHandler  bsp_uart4.o
    0x080034b4   0x080034b4   0x00000064   Code   RO          587    i.UART5_IRQHandler  bsp_uart5.o
    0x08003518   0x08003518   0x00000048   Code   RO          588    i.UART5_Send_Data   bsp_uart5.o
    0x08003560   0x08003560   0x00000060   Code   RO          442    i.USART1_IRQHandler  bsp_uart.o
    0x080035c0   0x080035c0   0x0000003c   Code   RO          443    i.USART1_Send_Data  bsp_uart.o
    0x080035fc   0x080035fc   0x00000048   Code   RO          544    i.USART2_IRQHandler  bsp_uart2.o
    0x08003644   0x08003644   0x0000003c   Code   RO          545    i.USART2_Send_Data  bsp_uart2.o
    0x08003680   0x08003680   0x0000003c   Code   RO          502    i.USART4_Send_Data  bsp_uart4.o
    0x080036bc   0x080036bc   0x00000018   Code   RO         1569    i.USART_Cmd         stm32f10x_usart.o
    0x080036d4   0x080036d4   0x0000001a   Code   RO         1572    i.USART_GetFlagStatus  stm32f10x_usart.o
    0x080036ee   0x080036ee   0x00000054   Code   RO         1573    i.USART_GetITStatus  stm32f10x_usart.o
    0x08003742   0x08003742   0x0000004a   Code   RO         1575    i.USART_ITConfig    stm32f10x_usart.o
    0x0800378c   0x0800378c   0x000000d8   Code   RO         1576    i.USART_Init        stm32f10x_usart.o
    0x08003864   0x08003864   0x0000000a   Code   RO         1583    i.USART_ReceiveData  stm32f10x_usart.o
    0x0800386e   0x0800386e   0x00000008   Code   RO         1586    i.USART_SendData    stm32f10x_usart.o
    0x08003876   0x08003876   0x00000002   PAD
    0x08003878   0x08003878   0x00000014   Code   RO          444    i.Uart0_STA_Clr     bsp_uart.o
    0x0800388c   0x0800388c   0x00000014   Code   RO          546    i.Uart2_STA_Clr     bsp_uart2.o
    0x080038a0   0x080038a0   0x00000014   Code   RO          503    i.Uart4_STA_Clr     bsp_uart4.o
    0x080038b4   0x080038b4   0x00000014   Code   RO          589    i.Uart5_STA_Clr     bsp_uart5.o
    0x080038c8   0x080038c8   0x00000004   Code   RO         1113    i.UsageFault_Handler  stm32f10x_it.o
    0x080038cc   0x080038cc   0x00000030   Code   RO          719    i.WriteRawRC        bsp_rc522.o
    0x080038fc   0x080038fc   0x00000006   Code   RO          253    i.__set_PRIMASK     bsp_timer.o
    0x08003902   0x08003902   0x0000000e   Code   RO         2658    i._is_digit         c_w.l(__printf_wp.o)
    0x08003910   0x08003910   0x00000004   Code   RO          445    i._sys_exit         bsp_uart.o
    0x08003914   0x08003914   0x00000034   Code   RO          255    i.bsp_CheckTimer    bsp_timer.o
    0x08003948   0x08003948   0x00000044   Code   RO          256    i.bsp_DelayMS       bsp_timer.o
    0x0800398c   0x0800398c   0x00000054   Code   RO          257    i.bsp_DelayUS       bsp_timer.o
    0x080039e0   0x080039e0   0x000000cc   Code   RO          348    i.bsp_DetectKey     bsp_key.o
    0x08003aac   0x08003aac   0x00000002   Code   RO          179    i.bsp_Idle          bsp.o
    0x08003aae   0x08003aae   0x00000038   Code   RO          180    i.bsp_Init          bsp.o
    0x08003ae6   0x08003ae6   0x0000000c   Code   RO          352    i.bsp_InitKey       bsp_key.o
    0x08003af2   0x08003af2   0x00000002   PAD
    0x08003af4   0x08003af4   0x00000070   Code   RO          353    i.bsp_InitKeyHard   bsp_key.o
    0x08003b64   0x08003b64   0x00000080   Code   RO          354    i.bsp_InitKeyVar    bsp_key.o
    0x08003be4   0x08003be4   0x0000004c   Code   RO          221    i.bsp_InitLed       bsp_led.o
    0x08003c30   0x08003c30   0x000000b0   Code   RO          720    i.bsp_InitRc522     bsp_rc522.o
    0x08003ce0   0x08003ce0   0x00000074   Code   RO          850    i.bsp_InitSM28BYJ48  bsp_28byj48.o
    0x08003d54   0x08003d54   0x0000005c   Code   RO          635    i.bsp_InitSPIx      bsp_spi.o
    0x08003db0   0x08003db0   0x0000009c   Code   RO          259    i.bsp_InitTimer     bsp_timer.o
    0x08003e4c   0x08003e4c   0x000000b0   Code   RO          446    i.bsp_InitUart      bsp_uart.o
    0x08003efc   0x08003efc   0x000000b0   Code   RO          547    i.bsp_InitUart2     bsp_uart2.o
    0x08003fac   0x08003fac   0x000000b4   Code   RO          504    i.bsp_InitUart4     bsp_uart4.o
    0x08004060   0x08004060   0x000000c0   Code   RO          590    i.bsp_InitUart5     bsp_uart5.o
    0x08004120   0x08004120   0x00000016   Code   RO          355    i.bsp_KeyScan       bsp_key.o
    0x08004136   0x08004136   0x00000002   PAD
    0x08004138   0x08004138   0x00000020   Code   RO          356    i.bsp_PutKey        bsp_key.o
    0x08004158   0x08004158   0x00000008   Code   RO          181    i.bsp_RunPer10ms    bsp.o
    0x08004160   0x08004160   0x00000002   Code   RO          182    i.bsp_RunPer1ms     bsp.o
    0x08004162   0x08004162   0x0000001c   Code   RO          260    i.bsp_SoftTimerDec  bsp_timer.o
    0x0800417e   0x0800417e   0x00000002   PAD
    0x08004180   0x08004180   0x00000050   Code   RO          261    i.bsp_StartAutoTimer  bsp_timer.o
    0x080041d0   0x080041d0   0x0000004c   Code   RO          262    i.bsp_StartTimer    bsp_timer.o
    0x0800421c   0x0800421c   0x0000000c   Code   RO          183    i.delay_ms          bsp.o
    0x08004228   0x08004228   0x0000000c   Code   RO          184    i.delay_us          bsp.o
    0x08004234   0x08004234   0x0000001c   Code   RO          447    i.fputc             bsp_uart.o
    0x08004250   0x08004250   0x00000608   Code   RO            4    i.main              main.o
    0x08004858   0x08004858   0x0000012c   Code   RO          851    i.motPowerOn        bsp_28byj48.o
    0x08004984   0x08004984   0x00000094   Code   RO          853    i.test_fun          bsp_28byj48.o
    0x08004a18   0x08004a18   0x0000004c   Code   RO          448    i.usart1_cmd_receive  bsp_uart.o
    0x08004a64   0x08004a64   0x00000024   Code   RO          548    i.usart2_cmd_receive  bsp_uart2.o
    0x08004a88   0x08004a88   0x000001a4   Code   RO          505    i.usart4_cmd_receive  bsp_uart4.o
    0x08004c2c   0x08004c2c   0x00000018   Code   RO         2722    x$fpl$fcmpinf       fz_ws.l(fcmpi.o)
    0x08004c44   0x08004c44   0x0000003e   Code   RO         2676    x$fpl$ffixu         fz_ws.l(ffixu.o)
    0x08004c82   0x08004c82   0x00000002   PAD
    0x08004c84   0x08004c84   0x00000068   Code   RO         2694    x$fpl$fleqf         fz_ws.l(fleqf.o)
    0x08004cec   0x08004cec   0x00000102   Code   RO         2680    x$fpl$fmul          fz_ws.l(fmul.o)
    0x08004dee   0x08004dee   0x0000008c   Code   RO         2696    x$fpl$fnaninf       fz_ws.l(fnaninf.o)
    0x08004e7a   0x08004e7a   0x0000000a   Code   RO         2698    x$fpl$fretinf       fz_ws.l(fretinf.o)
    0x08004e84   0x08004e84   0x00000062   Code   RO         2682    x$fpl$frleqf        fz_ws.l(frleqf.o)
    0x08004ee6   0x08004ee6   0x00000000   Code   RO         2700    x$fpl$usenofp       fz_ws.l(usenofp.o)
    0x08004ee6   0x08004ee6   0x000175a0   Data   RO            5    .constdata          main.o
    0x0801c486   0x0801c486   0x00002220   Data   RO          917    .constdata          bsp_nt35310_lcd.o
    0x0801e6a6   0x0801e6a6   0x00000028   Data   RO         2631    .constdata          c_w.l(_printf_hex_int.o)
    0x0801e6ce   0x0801e6ce   0x00000011   Data   RO         2661    .constdata          c_w.l(__printf_flags_wp.o)
    0x0801e6df   0x0801e6df   0x00000001   PAD
    0x0801e6e0   0x0801e6e0   0x00000020   Data   RO         2859    Region$$Table       anon$$obj.o


    Execution Region RW_IRAM1 (Exec base: 0x20000000, Load base: 0x0801e700, Size: 0x00000c60, Max: 0x00010000, ABSOLUTE)

    Exec Addr    Load Addr    Size         Type   Attr      Idx    E Section Name        Object

    0x20000000   0x0801e700   0x0000000d   Data   RW          265    .data               bsp_timer.o
    0x2000000d   0x0801e70d   0x00000003   PAD
    0x20000010   0x0801e710   0x00000008   Data   RW          450    .data               bsp_uart.o
    0x20000018   0x0801e718   0x00000020   Data   RW          507    .data               bsp_uart4.o
    0x20000038   0x0801e738   0x00000004   Data   RW          550    .data               bsp_uart2.o
    0x2000003c   0x0801e73c   0x00000002   Data   RW          592    .data               bsp_uart5.o
    0x2000003e   0x0801e73e   0x0000001c   Data   RW          833    .data               bsp_voice.o
    0x2000005a   0x0801e75a   0x0000000a   Data   RW          854    .data               bsp_28byj48.o
    0x20000064   0x0801e764   0x00000004   Data   RW          918    .data               bsp_nt35310_lcd.o
    0x20000068   0x0801e768   0x00000014   Data   RW         1178    .data               system_stm32f10x.o
    0x2000007c   0x0801e77c   0x00000014   Data   RW         1397    .data               stm32f10x_rcc.o
    0x20000090        -       0x00000030   Zero   RW          264    .bss                bsp_timer.o
    0x200000c0        -       0x0000006d   Zero   RW          358    .bss                bsp_key.o
    0x2000012d        -       0x00000400   Zero   RW          449    .bss                bsp_uart.o
    0x2000052d        -       0x00000041   Zero   RW          506    .bss                bsp_uart4.o
    0x2000056e        -       0x00000040   Zero   RW          549    .bss                bsp_uart2.o
    0x200005ae        -       0x00000040   Zero   RW          591    .bss                bsp_uart5.o
    0x200005ee        -       0x0000000e   Zero   RW          916    .bss                bsp_nt35310_lcd.o
    0x200005fc        -       0x00000060   Zero   RW         2737    .bss                c_w.l(libspace.o)
    0x2000065c   0x0801e790   0x00000004   PAD
    0x20000660        -       0x00000200   Zero   RW         1209    HEAP                startup_stm32f10x_hd.o
    0x20000860        -       0x00000400   Zero   RW         1208    STACK               startup_stm32f10x_hd.o


==============================================================================

Image component sizes


      Code (inc. data)   RO Data    RW Data    ZI Data      Debug   Object Name

        92          0          0          0          0       2713   bsp.o
       564         20          0         10          0       2476   bsp_28byj48.o
       798        114          0          0        109       6445   bsp_key.o
        76          8          0          0          0        518   bsp_led.o
      6452        132       8736          4         14      25858   bsp_nt35310_lcd.o
      1234         60          0          0          0       9193   bsp_rc522.o
       468         20          0          0          0       2776   bsp_spi.o
       690         74          0         13         48      21463   bsp_timer.o
       460         54          0          8       1024       5733   bsp_uart.o
       364         50          0          4         64       3461   bsp_uart2.o
       752         76          0         32         65       4066   bsp_uart4.o
       384         46          0          2         64       3005   bsp_uart5.o
        32          0          0         28          0       1253   bsp_voice.o
         0          0          0          0          0         32   core_cm3.o
      3296        604      95648          0          0     255849   main.o
       132         22          0          0          0       1691   misc.o
        64         26        304          0       1536        844   startup_stm32f10x_hd.o
       282          6          0          0          0       1973   stm32f10x_fsmc.o
       430          6          0          0          0       4118   stm32f10x_gpio.o
        60          6          0          0          0       3664   stm32f10x_it.o
       340         44          0         20          0       5895   stm32f10x_rcc.o
       112          0          0          0          0       4138   stm32f10x_spi.o
       442          6          0          0          0       6565   stm32f10x_usart.o
       328         28          0         20          0       2293   system_stm32f10x.o

    ----------------------------------------------------------------------
     17874       1402     104720        144       2924     376022   Object Totals
         0          0         32          0          0          0   (incl. Generated)
        22          0          0          3          0          0   (incl. Padding)

    ----------------------------------------------------------------------

      Code (inc. data)   RO Data    RW Data    ZI Data      Debug   Library Member Name

         8          0          0          0          0         68   __main.o
       312          4         17          0          0         92   __printf_flags_wp.o
        14          0          0          0          0         68   __printf_wp.o
         0          0          0          0          0          0   __rtentry.o
        12          0          0          0          0          0   __rtentry2.o
         6          0          0          0          0          0   __rtentry4.o
        52          8          0          0          0          0   __scatter.o
        26          0          0          0          0          0   __scatter_copy.o
        28          0          0          0          0          0   __scatter_zi.o
        44          0          0          0          0        108   _printf_char.o
        48          6          0          0          0         96   _printf_char_common.o
        36          4          0          0          0         80   _printf_char_file.o
         6          0          0          0          0          0   _printf_d.o
       120         16          0          0          0         92   _printf_dec.o
        88          4         40          0          0         88   _printf_hex_int.o
       178          0          0          0          0         88   _printf_intcommon.o
        78          0          0          0          0        108   _printf_pad.o
         0          0          0          0          0          0   _printf_percent.o
         4          0          0          0          0          0   _printf_percent_end.o
         6          0          0          0          0          0   _printf_s.o
        82          0          0          0          0         80   _printf_str.o
         6          0          0          0          0          0   _printf_x.o
        18          0          0          0          0         80   exit.o
         8          0          0          0          0         68   ferror.o
         6          0          0          0          0        152   heapauxi.o
         2          0          0          0          0          0   libinit.o
         2          0          0          0          0          0   libinit2.o
         2          0          0          0          0          0   libshutdown.o
         2          0          0          0          0          0   libshutdown2.o
         8          4          0          0         96         68   libspace.o
        24          4          0          0          0         84   noretval__2printf.o
         2          0          0          0          0          0   rtexit.o
        10          0          0          0          0          0   rtexit2.o
        74          0          0          0          0         80   sys_stackheap_outer.o
         2          0          0          0          0         68   use_no_semi.o
         2          0          0          0          0         68   use_no_semi_2.o
        24          0          0          0          0         68   fcmpi.o
        62          4          0          0          0         84   ffixu.o
       104          4          0          0          0         84   fleqf.o
       258          4          0          0          0         84   fmul.o
       140          4          0          0          0         84   fnaninf.o
        10          0          0          0          0         68   fretinf.o
        98          0          0          0          0         68   frleqf.o
         0          0          0          0          0          0   usenofp.o

    ----------------------------------------------------------------------
      2020         66         58          0        100       2176   Library Totals
         8          0          1          0          4          0   (incl. Padding)

    ----------------------------------------------------------------------

      Code (inc. data)   RO Data    RW Data    ZI Data      Debug   Library Name

      1316         50         57          0         96       1636   c_w.l
       696         16          0          0          0        540   fz_ws.l

    ----------------------------------------------------------------------
      2020         66         58          0        100       2176   Library Totals

    ----------------------------------------------------------------------

==============================================================================


      Code (inc. data)   RO Data    RW Data    ZI Data      Debug   

     19894       1468     104778        144       3024     370186   Grand Totals
     19894       1468     104778        144       3024     370186   ELF Image Totals
     19894       1468     104778        144          0          0   ROM Totals

==============================================================================

    Total RO  Size (Code + RO Data)               124672 ( 121.75kB)
    Total RW  Size (RW Data + ZI Data)              3168 (   3.09kB)
    Total ROM Size (Code + RO Data + RW Data)     124816 ( 121.89kB)

==============================================================================

