<html>
<body>
<pre>
<h1>礦ision Build Log</h1>
<h2>Tool Versions:</h2>
IDE-Version: μVision V5.31.0.0
Copyright (C) 2020 ARM Ltd and ARM Germany GmbH. All rights reserved.
License Information: 2307424078@qq.com,      , LIC=03C6R-KVAZ7-45NT5-GNFK7-FR878-Z6XF9
 
Tool Versions:
Toolchain:       MDK-ARM Plus  Version: 5.31.0.0
Toolchain Path:  C:\Keil_v5\ARM\ARMCC\Bin
C Compiler:      Armcc.exe V5.06 update 6 (build 750)
Assembler:       Armasm.exe V5.06 update 6 (build 750)
Linker/Locator:  ArmLink.exe V5.06 update 6 (build 750)
Library Manager: ArmAr.exe V5.06 update 6 (build 750)
Hex Converter:   FromElf.exe V5.06 update 6 (build 750)
CPU DLL:         SARMCM3.DLL V5.31.0.0
Dialog DLL:      DCM.DLL V1.17.3.0
Target DLL:      STLink\ST-LINKIII-KEIL_SWO.dll V3.0.7.0
Dialog DLL:      TCM.DLL V1.46.0.0
 
<h2>Project:</h2>
D:\Users\Lawrence\Desktop\0_2.vulcan_zigbee\0_2.vulcan_zigbee\Project\project.uvprojx
Project File Date:  07/03/2024

<h2>Output:</h2>
*** Using Compiler 'V5.06 update 6 (build 750)', folder: 'C:\Keil_v5\ARM\ARMCC\Bin'
Rebuild target 'Project'
compiling bsp_led.c...
compiling bsp_uart2.c...
compiling stm32f10x_assert.c...
compiling bsp_voice.c...
compiling stm32f10x_it.c...
compiling bsp_uart5.c...
..\User\bsp\src\bsp_uart5.c(28): warning:  #550-D: variable "ReceiveState5"  was set but never used
  static uint8_t ReceiveState5 = 0;				//接收状态，是否是一帧
..\User\bsp\src\bsp_uart5.c: 1 warning, 0 errors
compiling bsp_timer.c...
compiling bsp_spi.c...
compiling bsp_uart4.c...
compiling bsp.c...
compiling bsp_uart.c...
compiling bsp_28byj48.c...
assembling startup_stm32f10x_hd.s...
compiling bsp_key.c...
compiling bsp_nt35310_lcd.c...
compiling bsp_rc522.c...
compiling main.c...
..\User\main.c(42): warning:  #177-D: variable "t_moto"  was declared but never referenced
  static MOTOR_T t_moto;
..\User\main.c: 1 warning, 0 errors
compiling core_cm3.c...
compiling system_stm32f10x.c...
compiling misc.c...
compiling stm32f10x_gpio.c...
compiling stm32f10x_rcc.c...
compiling stm32f10x_exti.c...
compiling stm32f10x_usart.c...
compiling stm32f10x_spi.c...
compiling stm32f10x_fsmc.c...
compiling stm32f10x_tim.c...
linking...
Program Size: Code=19894 RO-data=104778 RW-data=144 ZI-data=3024  
FromELF: creating hex file...
".\Objects\vuclan_zigbee.axf" - 0 Error(s), 2 Warning(s).

<h2>Software Packages used:</h2>

Package Vendor: Keil
                http://www.keil.com/pack/Keil.STM32F1xx_DFP.1.1.0.pack
                Keil.STM32F1xx_DFP.1.1.0
                STMicroelectronics STM32F1 Series Device Support, Drivers and Examples

<h2>Collection of Component include folders:</h2>
  C:\Users\23074\AppData\Local\Arm\Packs\Keil\STM32F1xx_DFP\1.1.0\Device\Include

<h2>Collection of Component Files used:</h2>
Build Time Elapsed:  00:00:03
</pre>
</body>
</html>
